../Core/Src/main.c:161:5:main	32	static
../Core/Src/main.c:437:6:SystemClock_Config	88	static
../Core/Src/main.c:492:13:MX_ADC1_Init	24	static
../Core/Src/main.c:553:13:MX_I2C1_Init	8	static
../Core/Src/main.c:587:13:MX_I2C3_Init	8	static
../Core/Src/main.c:621:13:MX_RTC_Init	8	static
../Core/Src/main.c:656:13:MX_SPI1_Init	8	static
../Core/Src/main.c:694:13:MX_UART4_Init	8	static
../Core/Src/main.c:727:13:MX_USART1_UART_Init	8	static
../Core/Src/main.c:760:13:MX_USART2_UART_Init	8	static
../Core/Src/main.c:793:13:MX_USART3_UART_Init	8	static
../Core/Src/main.c:824:13:MX_DMA_Init	16	static
../Core/Src/main.c:852:13:MX_GPIO_Init	48	static
../Core/Src/main.c:915:6:bme280_begin	8	static
../Core/Src/main.c:922:6:bmi088_begin	8	static
../Core/Src/main.c:938:6:loraBegin	8	static
../Core/Src/main.c:979:6:measurePower	32	static
../Core/Src/main.c:994:6:getWatt	16	static
../Core/Src/main.c:1005:6:HAL_GPIO_EXTI_Callback	16	static
../Core/Src/main.c:1019:6:deploy_p_1	8	static
../Core/Src/main.c:1025:6:deploy_p_2	8	static
../Core/Src/main.c:1037:6:Error_Handler	8	static,ignoring_inline_asm
