../Core/Src/main.c:150:5:main	32	static
../Core/Src/main.c:394:6:SystemClock_Config	88	static
../Core/Src/main.c:449:13:MX_ADC1_Init	24	static
../Core/Src/main.c:510:13:MX_I2C1_Init	8	static
../Core/Src/main.c:544:13:MX_I2C3_Init	8	static
../Core/Src/main.c:578:13:MX_RTC_Init	8	static
../Core/Src/main.c:613:13:MX_UART4_Init	8	static
../Core/Src/main.c:646:13:MX_USART1_UART_Init	8	static
../Core/Src/main.c:679:13:MX_USART2_UART_Init	8	static
../Core/Src/main.c:710:13:MX_DMA_Init	16	static
../Core/Src/main.c:738:13:MX_GPIO_Init	48	static
../Core/Src/main.c:787:6:bme280_begin	8	static
../Core/Src/main.c:794:6:bmi088_begin	8	static
../Core/Src/main.c:810:6:loraBegin	8	static
../Core/Src/main.c:854:6:measurePower	32	static
../Core/Src/main.c:869:6:getWatt	16	static
../Core/Src/main.c:880:6:HAL_GPIO_EXTI_Callback	16	static
../Core/Src/main.c:894:6:deploy_p_1	8	static
../Core/Src/main.c:900:6:deploy_p_2	8	static
../Core/Src/main.c:912:6:Error_Handler	8	static,ignoring_inline_asm
