../Core/Src/main.c:151:5:main	32	static
../Core/Src/main.c:401:6:SystemClock_Config	88	static
../Core/Src/main.c:456:13:MX_ADC1_Init	24	static
../Core/Src/main.c:517:13:MX_I2C1_Init	8	static
../Core/Src/main.c:551:13:MX_I2C3_Init	8	static
../Core/Src/main.c:585:13:MX_RTC_Init	8	static
../Core/Src/main.c:620:13:MX_UART4_Init	8	static
../Core/Src/main.c:653:13:MX_USART1_UART_Init	8	static
../Core/Src/main.c:686:13:MX_USART2_UART_Init	8	static
../Core/Src/main.c:717:13:MX_DMA_Init	16	static
../Core/Src/main.c:745:13:MX_GPIO_Init	48	static
../Core/Src/main.c:808:6:bme280_begin	8	static
../Core/Src/main.c:815:6:bmi088_begin	8	static
../Core/Src/main.c:831:6:loraBegin	8	static
../Core/Src/main.c:872:6:measurePower	32	static
../Core/Src/main.c:887:6:getWatt	16	static
../Core/Src/main.c:898:6:HAL_GPIO_EXTI_Callback	16	static
../Core/Src/main.c:912:6:deploy_p_1	8	static
../Core/Src/main.c:918:6:deploy_p_2	8	static
../Core/Src/main.c:930:6:Error_Handler	8	static,ignoring_inline_asm
