../Core/Src/main.c:150:5:main	32	static
../Core/Src/main.c:395:6:SystemClock_Config	88	static
../Core/Src/main.c:450:13:MX_ADC1_Init	24	static
../Core/Src/main.c:511:13:MX_I2C1_Init	8	static
../Core/Src/main.c:545:13:MX_I2C3_Init	8	static
../Core/Src/main.c:579:13:MX_RTC_Init	8	static
../Core/Src/main.c:614:13:MX_UART4_Init	8	static
../Core/Src/main.c:647:13:MX_USART1_UART_Init	8	static
../Core/Src/main.c:680:13:MX_USART2_UART_Init	8	static
../Core/Src/main.c:711:13:MX_DMA_Init	16	static
../Core/Src/main.c:739:13:MX_GPIO_Init	48	static
../Core/Src/main.c:788:6:bme280_begin	8	static
../Core/Src/main.c:795:6:bmi088_begin	8	static
../Core/Src/main.c:811:6:loraBegin	8	static
../Core/Src/main.c:852:6:measurePower	32	static
../Core/Src/main.c:867:6:getWatt	16	static
../Core/Src/main.c:878:6:HAL_GPIO_EXTI_Callback	16	static
../Core/Src/main.c:892:6:deploy_p_1	8	static
../Core/Src/main.c:898:6:deploy_p_2	8	static
../Core/Src/main.c:910:6:Error_Handler	8	static,ignoring_inline_asm
