../Core/Src/main.c:123:15:sqr	16	static
../Core/Src/main.c:135:5:main	32	static
../Core/Src/main.c:313:6:SystemClock_Config	88	static
../Core/Src/main.c:367:13:MX_ADC1_Init	24	static
../Core/Src/main.c:428:13:MX_I2C1_Init	8	static
../Core/Src/main.c:462:13:MX_I2C3_Init	8	static
../Core/Src/main.c:496:13:MX_UART4_Init	8	static
../Core/Src/main.c:529:13:MX_USART1_UART_Init	8	static
../Core/Src/main.c:562:13:MX_USART2_UART_Init	8	static
../Core/Src/main.c:593:13:MX_DMA_Init	16	static
../Core/Src/main.c:618:13:MX_GPIO_Init	48	static
../Core/Src/main.c:670:6:bmiBegin	8	static
../Core/Src/main.c:686:6:loraBegin	8	static
../Core/Src/main.c:719:6:measurePower	32	static
../Core/Src/main.c:734:6:getWatt	16	static
../Core/Src/main.c:745:6:HAL_GPIO_EXTI_Callback	16	static
../Core/Src/main.c:764:6:Error_Handler	8	static,ignoring_inline_asm
