../Core/Src/main.c:130:5:main	32	static
../Core/Src/main.c:315:6:SystemClock_Config	88	static
../Core/Src/main.c:369:13:MX_ADC1_Init	24	static
../Core/Src/main.c:430:13:MX_I2C1_Init	8	static
../Core/Src/main.c:464:13:MX_I2C3_Init	8	static
../Core/Src/main.c:498:13:MX_UART4_Init	8	static
../Core/Src/main.c:531:13:MX_USART1_UART_Init	8	static
../Core/Src/main.c:564:13:MX_USART2_UART_Init	8	static
../Core/Src/main.c:595:13:MX_DMA_Init	16	static
../Core/Src/main.c:620:13:MX_GPIO_Init	48	static
../Core/Src/main.c:672:6:bmiBegin	8	static
../Core/Src/main.c:688:6:loraBegin	8	static
../Core/Src/main.c:721:6:measurePower	32	static
../Core/Src/main.c:736:6:getWatt	16	static
../Core/Src/main.c:747:6:HAL_GPIO_EXTI_Callback	16	static
../Core/Src/main.c:761:6:buzz	8	static
../Core/Src/main.c:766:6:buzzUpdate	8	static
../Core/Src/main.c:784:6:Error_Handler	8	static,ignoring_inline_asm
