../Core/Src/main.c:123:5:main	32	static
../Core/Src/main.c:290:6:SystemClock_Config	88	static
../Core/Src/main.c:344:13:MX_ADC1_Init	24	static
../Core/Src/main.c:405:13:MX_I2C1_Init	8	static
../Core/Src/main.c:439:13:MX_I2C3_Init	8	static
../Core/Src/main.c:473:13:MX_UART4_Init	8	static
../Core/Src/main.c:506:13:MX_USART1_UART_Init	8	static
../Core/Src/main.c:539:13:MX_USART2_UART_Init	8	static
../Core/Src/main.c:570:13:MX_DMA_Init	16	static
../Core/Src/main.c:595:13:MX_GPIO_Init	48	static
../Core/Src/main.c:647:6:bmiBegin	8	static
../Core/Src/main.c:663:6:loraBegin	8	static
../Core/Src/main.c:696:6:measurePower	32	static
../Core/Src/main.c:711:6:getWatt	16	static
../Core/Src/main.c:722:6:HAL_GPIO_EXTI_Callback	16	static
../Core/Src/main.c:736:6:buzz	8	static
../Core/Src/main.c:741:6:buzzUpdate	8	static
../Core/Src/main.c:759:6:Error_Handler	8	static,ignoring_inline_asm
