../Core/Src/main.c:131:5:main	32	static
../Core/Src/main.c:327:6:SystemClock_Config	88	static
../Core/Src/main.c:381:13:MX_ADC1_Init	24	static
../Core/Src/main.c:442:13:MX_I2C1_Init	8	static
../Core/Src/main.c:476:13:MX_I2C3_Init	8	static
../Core/Src/main.c:510:13:MX_UART4_Init	8	static
../Core/Src/main.c:543:13:MX_USART1_UART_Init	8	static
../Core/Src/main.c:576:13:MX_USART2_UART_Init	8	static
../Core/Src/main.c:607:13:MX_DMA_Init	16	static
../Core/Src/main.c:635:13:MX_GPIO_Init	48	static
../Core/Src/main.c:687:6:bmiBegin	8	static
../Core/Src/main.c:703:6:loraBegin	8	static
../Core/Src/main.c:747:6:measurePower	32	static
../Core/Src/main.c:762:6:getWatt	16	static
../Core/Src/main.c:773:6:HAL_GPIO_EXTI_Callback	16	static
../Core/Src/main.c:787:6:deploy_p_1	8	static
../Core/Src/main.c:793:6:deploy_p_2	8	static
../Core/Src/main.c:805:6:Error_Handler	8	static,ignoring_inline_asm
