../Core/Src/main.c:161:5:main	32	static
../Core/Src/main.c:429:6:SystemClock_Config	88	static
../Core/Src/main.c:484:13:MX_ADC1_Init	24	static
../Core/Src/main.c:545:13:MX_I2C1_Init	8	static
../Core/Src/main.c:579:13:MX_I2C3_Init	8	static
../Core/Src/main.c:613:13:MX_RTC_Init	8	static
../Core/Src/main.c:648:13:MX_SPI1_Init	8	static
../Core/Src/main.c:686:13:MX_UART4_Init	8	static
../Core/Src/main.c:719:13:MX_USART1_UART_Init	8	static
../Core/Src/main.c:752:13:MX_USART2_UART_Init	8	static
../Core/Src/main.c:785:13:MX_USART3_UART_Init	8	static
../Core/Src/main.c:816:13:MX_DMA_Init	16	static
../Core/Src/main.c:844:13:MX_GPIO_Init	48	static
../Core/Src/main.c:907:6:bme280_begin	8	static
../Core/Src/main.c:914:6:bmi088_begin	8	static
../Core/Src/main.c:930:6:loraBegin	8	static
../Core/Src/main.c:971:6:measurePower	32	static
../Core/Src/main.c:986:6:getWatt	16	static
../Core/Src/main.c:997:6:HAL_GPIO_EXTI_Callback	16	static
../Core/Src/main.c:1011:6:deploy_p_1	8	static
../Core/Src/main.c:1017:6:deploy_p_2	8	static
../Core/Src/main.c:1029:6:Error_Handler	8	static,ignoring_inline_asm
