../Core/Src/main.c:123:5:main	32	static
../Core/Src/main.c:288:6:SystemClock_Config	88	static
../Core/Src/main.c:342:13:MX_ADC1_Init	24	static
../Core/Src/main.c:403:13:MX_I2C1_Init	8	static
../Core/Src/main.c:437:13:MX_I2C3_Init	8	static
../Core/Src/main.c:471:13:MX_UART4_Init	8	static
../Core/Src/main.c:504:13:MX_USART1_UART_Init	8	static
../Core/Src/main.c:537:13:MX_USART2_UART_Init	8	static
../Core/Src/main.c:568:13:MX_DMA_Init	16	static
../Core/Src/main.c:593:13:MX_GPIO_Init	48	static
../Core/Src/main.c:645:6:bmiBegin	8	static
../Core/Src/main.c:661:6:loraBegin	8	static
../Core/Src/main.c:694:6:measurePower	32	static
../Core/Src/main.c:709:6:getWatt	16	static
../Core/Src/main.c:720:6:HAL_GPIO_EXTI_Callback	16	static
../Core/Src/main.c:734:6:buzz	8	static
../Core/Src/main.c:739:6:buzzUpdate	8	static
../Core/Src/main.c:757:6:Error_Handler	8	static,ignoring_inline_asm
