../Core/Src/main.c:131:5:main	24	static
../Core/Src/main.c:303:6:SystemClock_Config	88	static
../Core/Src/main.c:350:13:MX_ADC1_Init	24	static
../Core/Src/main.c:411:13:MX_I2C1_Init	8	static
../Core/Src/main.c:445:13:MX_I2C3_Init	8	static
../Core/Src/main.c:479:13:MX_UART4_Init	8	static
../Core/Src/main.c:512:13:MX_USART1_UART_Init	8	static
../Core/Src/main.c:545:13:MX_USART2_UART_Init	8	static
../Core/Src/main.c:576:13:MX_DMA_Init	16	static
../Core/Src/main.c:601:13:MX_GPIO_Init	48	static
../Core/Src/main.c:653:6:bmiBegin	8	static
../Core/Src/main.c:669:6:loraBegin	8	static
../Core/Src/main.c:702:6:measurePower	32	static
../Core/Src/main.c:717:6:getWatt	4	static
../Core/Src/main.c:724:6:HAL_GPIO_EXTI_Callback	16	static
../Core/Src/main.c:743:6:Error_Handler	8	static,ignoring_inline_asm
