../Core/Src/usr_fat_sd.c:49:10:uart_Sd_Transmit	24	static
../Core/Src/usr_fat_sd.c:54:9:sdBufSize	24	static
../Core/Src/usr_fat_sd.c:61:10:sdBufClear	16	static
../Core/Src/usr_fat_sd.c:76:10:listFiles	344	static
../Core/Src/usr_fat_sd.c:119:13:usr_fatfsInitial	8	static
../Core/Src/usr_fat_sd.c:123:13:sdInitials	8	static
../Core/Src/usr_fat_sd.c:144:13:openFolder	4	static
../Core/Src/usr_fat_sd.c:159:13:usrFatTest	4	static
../Core/Src/usr_fat_sd.c:215:12:sd_transmit	272	static
../Core/Src/usr_fat_sd.c:228:13:sdDataLogger	432	static
