Archive member included to satisfy reference by file (symbol)

c:/st/stm32cubeide_1.7.0/stm32cubeide/plugins/com.st.stm32cube.ide.mcu.externaltools.gnu-tools-for-stm32.10.3-2021.10.win32_1.0.0.202111181127/tools/bin/../lib/gcc/arm-none-eabi/10.3.1/../../../../arm-none-eabi/lib/thumb/v7e-m+fp/hard\libc_nano.a(lib_a-errno.o)
                              ./Core/Src/syscalls.o (__errno)
c:/st/stm32cubeide_1.7.0/stm32cubeide/plugins/com.st.stm32cube.ide.mcu.externaltools.gnu-tools-for-stm32.10.3-2021.10.win32_1.0.0.202111181127/tools/bin/../lib/gcc/arm-none-eabi/10.3.1/../../../../arm-none-eabi/lib/thumb/v7e-m+fp/hard\libc_nano.a(lib_a-exit.o)
                              c:/st/stm32cubeide_1.7.0/stm32cubeide/plugins/com.st.stm32cube.ide.mcu.externaltools.gnu-tools-for-stm32.10.3-2021.10.win32_1.0.0.202111181127/tools/bin/../lib/gcc/arm-none-eabi/10.3.1/../../../../arm-none-eabi/lib/thumb/v7e-m+fp/hard/crt0.o (exit)
c:/st/stm32cubeide_1.7.0/stm32cubeide/plugins/com.st.stm32cube.ide.mcu.externaltools.gnu-tools-for-stm32.10.3-2021.10.win32_1.0.0.202111181127/tools/bin/../lib/gcc/arm-none-eabi/10.3.1/../../../../arm-none-eabi/lib/thumb/v7e-m+fp/hard\libc_nano.a(lib_a-impure.o)
                              c:/st/stm32cubeide_1.7.0/stm32cubeide/plugins/com.st.stm32cube.ide.mcu.externaltools.gnu-tools-for-stm32.10.3-2021.10.win32_1.0.0.202111181127/tools/bin/../lib/gcc/arm-none-eabi/10.3.1/../../../../arm-none-eabi/lib/thumb/v7e-m+fp/hard\libc_nano.a(lib_a-exit.o) (_global_impure_ptr)
c:/st/stm32cubeide_1.7.0/stm32cubeide/plugins/com.st.stm32cube.ide.mcu.externaltools.gnu-tools-for-stm32.10.3-2021.10.win32_1.0.0.202111181127/tools/bin/../lib/gcc/arm-none-eabi/10.3.1/../../../../arm-none-eabi/lib/thumb/v7e-m+fp/hard\libc_nano.a(lib_a-init.o)
                              c:/st/stm32cubeide_1.7.0/stm32cubeide/plugins/com.st.stm32cube.ide.mcu.externaltools.gnu-tools-for-stm32.10.3-2021.10.win32_1.0.0.202111181127/tools/bin/../lib/gcc/arm-none-eabi/10.3.1/../../../../arm-none-eabi/lib/thumb/v7e-m+fp/hard/crt0.o (__libc_init_array)
c:/st/stm32cubeide_1.7.0/stm32cubeide/plugins/com.st.stm32cube.ide.mcu.externaltools.gnu-tools-for-stm32.10.3-2021.10.win32_1.0.0.202111181127/tools/bin/../lib/gcc/arm-none-eabi/10.3.1/../../../../arm-none-eabi/lib/thumb/v7e-m+fp/hard\libc_nano.a(lib_a-memset.o)
                              c:/st/stm32cubeide_1.7.0/stm32cubeide/plugins/com.st.stm32cube.ide.mcu.externaltools.gnu-tools-for-stm32.10.3-2021.10.win32_1.0.0.202111181127/tools/bin/../lib/gcc/arm-none-eabi/10.3.1/../../../../arm-none-eabi/lib/thumb/v7e-m+fp/hard/crt0.o (memset)
c:/st/stm32cubeide_1.7.0/stm32cubeide/plugins/com.st.stm32cube.ide.mcu.externaltools.gnu-tools-for-stm32.10.3-2021.10.win32_1.0.0.202111181127/tools/bin/../lib/gcc/arm-none-eabi/10.3.1/../../../../arm-none-eabi/lib/thumb/v7e-m+fp/hard\libc_nano.a(lib_a-nano-vfprintf_float.o)
                              (_printf_float)
c:/st/stm32cubeide_1.7.0/stm32cubeide/plugins/com.st.stm32cube.ide.mcu.externaltools.gnu-tools-for-stm32.10.3-2021.10.win32_1.0.0.202111181127/tools/bin/../lib/gcc/arm-none-eabi/10.3.1/../../../../arm-none-eabi/lib/thumb/v7e-m+fp/hard\libc_nano.a(lib_a-nano-vfprintf_i.o)
                              c:/st/stm32cubeide_1.7.0/stm32cubeide/plugins/com.st.stm32cube.ide.mcu.externaltools.gnu-tools-for-stm32.10.3-2021.10.win32_1.0.0.202111181127/tools/bin/../lib/gcc/arm-none-eabi/10.3.1/../../../../arm-none-eabi/lib/thumb/v7e-m+fp/hard\libc_nano.a(lib_a-nano-vfprintf_float.o) (_printf_common)
c:/st/stm32cubeide_1.7.0/stm32cubeide/plugins/com.st.stm32cube.ide.mcu.externaltools.gnu-tools-for-stm32.10.3-2021.10.win32_1.0.0.202111181127/tools/bin/../lib/gcc/arm-none-eabi/10.3.1/../../../../arm-none-eabi/lib/thumb/v7e-m+fp/hard\libc_nano.a(lib_a-nano-vfscanf_float.o)
                              (_scanf_float)
c:/st/stm32cubeide_1.7.0/stm32cubeide/plugins/com.st.stm32cube.ide.mcu.externaltools.gnu-tools-for-stm32.10.3-2021.10.win32_1.0.0.202111181127/tools/bin/../lib/gcc/arm-none-eabi/10.3.1/../../../../arm-none-eabi/lib/thumb/v7e-m+fp/hard\libc_nano.a(lib_a-sf_nan.o)
                              c:/st/stm32cubeide_1.7.0/stm32cubeide/plugins/com.st.stm32cube.ide.mcu.externaltools.gnu-tools-for-stm32.10.3-2021.10.win32_1.0.0.202111181127/tools/bin/../lib/gcc/arm-none-eabi/10.3.1/../../../../arm-none-eabi/lib/thumb/v7e-m+fp/hard\libc_nano.a(lib_a-nano-vfscanf_float.o) (nanf)
c:/st/stm32cubeide_1.7.0/stm32cubeide/plugins/com.st.stm32cube.ide.mcu.externaltools.gnu-tools-for-stm32.10.3-2021.10.win32_1.0.0.202111181127/tools/bin/../lib/gcc/arm-none-eabi/10.3.1/../../../../arm-none-eabi/lib/thumb/v7e-m+fp/hard\libc_nano.a(lib_a-sprintf.o)
                              ./Core/Src/dataPacking.o (sprintf)
[...]
Memory Configuration

Name             Origin             Length             Attributes
RAM              0x0000000020000000 0x0000000000020000 xrw
FLASH            0x0000000008000000 0x0000000000080000 xr
*default*        0x0000000000000000 0xffffffffffffffff

Linker script and memory map

LOAD c:/st/stm32cubeide_1.7.0/stm32cubeide/plugins/com.st.stm32cube.ide.mcu.externaltools.gnu-tools-for-stm32.10.3-2021.10.win32_1.0.0.202111181127/tools/bin/../lib/gcc/arm-none-eabi/10.3.1/thumb/v7e-m+fp/hard/crti.o
LOAD c:/st/stm32cubeide_1.7.0/stm32cubeide/plugins/com.st.stm32cube.ide.mcu.externaltools.gnu-tools-for-stm32.10.3-2021.10.win32_1.0.0.202111181127/tools/bin/../lib/gcc/arm-none-eabi/10.3.1/thumb/v7e-m+fp/hard/crtbegin.o
LOAD c:/st/stm32cubeide_1.7.0/stm32cubeide/plugins/com.st.stm32cube.ide.mcu.externaltools.gnu-tools-for-stm32.10.3-2021.10.win32_1.0.0.202111181127/tools/bin/../lib/gcc/arm-none-eabi/10.3.1/../../../../arm-none-eabi/lib/thumb/v7e-m+fp/hard/crt0.o
LOAD ./Core/Src/algorithms.o
LOAD ./Core/Src/bme280.o
LOAD ./Core/Src/bmi088.o
LOAD ./Core/Src/dataPacking.o
LOAD ./Core/Src/externalPins.o
LOAD ./Core/Src/fatfs_sd.o
LOAD ./Core/Src/lora.o
LOAD ./Core/Src/main.o
LOAD ./Core/Src/queternion.o
LOAD ./Core/Src/reset_detect.o
LOAD ./Core/Src/stm32f4xx_hal_msp.o
LOAD ./Core/Src/stm32f4xx_it.o
LOAD ./Core/Src/strain_gauge.o
LOAD ./Core/Src/syscalls.o
LOAD ./Core/Src/sysmem.o
LOAD ./Core/Src/system_stm32f4xx.o
LOAD ./Core/Src/usr_fat_sd.o
LOAD ./Core/Src/usr_gnss_l86_parser.o
LOAD ./Core/Startup/startup_stm32f446retx.o
LOAD ./Drivers/STM32F4xx_HAL_Driver/Src/stm32f4xx_hal.o
LOAD ./Drivers/STM32F4xx_HAL_Driver/Src/stm32f4xx_hal_adc.o
LOAD ./Drivers/STM32F4xx_HAL_Driver/Src/stm32f4xx_hal_adc_ex.o
LOAD ./Drivers/STM32F4xx_HAL_Driver/Src/stm32f4xx_hal_cortex.o
LOAD ./Drivers/STM32F4xx_HAL_Driver/Src/stm32f4xx_hal_dma.o
LOAD ./Drivers/STM32F4xx_HAL_Driver/Src/stm32f4xx_hal_dma_ex.o
LOAD ./Drivers/STM32F4xx_HAL_Driver/Src/stm32f4xx_hal_exti.o
LOAD ./Drivers/STM32F4xx_HAL_Driver/Src/stm32f4xx_hal_flash.o
LOAD ./Drivers/STM32F4xx_HAL_Driver/Src/stm32f4xx_hal_flash_ex.o
LOAD ./Drivers/STM32F4xx_HAL_Driver/Src/stm32f4xx_hal_flash_ramfunc.o
LOAD ./Drivers/STM32F4xx_HAL_Driver/Src/stm32f4xx_hal_gpio.o
LOAD ./Drivers/STM32F4xx_HAL_Driver/Src/stm32f4xx_hal_i2c.o
LOAD ./Drivers/STM32F4xx_HAL_Driver/Src/stm32f4xx_hal_i2c_ex.o
LOAD ./Drivers/STM32F4xx_HAL_Driver/Src/stm32f4xx_hal_pwr.o
LOAD ./Drivers/STM32F4xx_HAL_Driver/Src/stm32f4xx_hal_pwr_ex.o
LOAD ./Drivers/STM32F4xx_HAL_Driver/Src/stm32f4xx_hal_rcc.o
LOAD ./Drivers/STM32F4xx_HAL_Driver/Src/stm32f4xx_hal_rcc_ex.o
LOAD ./Drivers/STM32F4xx_HAL_Driver/Src/stm32f4xx_hal_rtc.o
LOAD ./Drivers/STM32F4xx_HAL_Driver/Src/stm32f4xx_hal_rtc_ex.o
LOAD ./Drivers/STM32F4xx_HAL_Driver/Src/stm32f4xx_hal_spi.o
LOAD ./Drivers/STM32F4xx_HAL_Driver/Src/stm32f4xx_hal_tim.o
LOAD ./Drivers/STM32F4xx_HAL_Driver/Src/stm32f4xx_hal_tim_ex.o
LOAD ./Drivers/STM32F4xx_HAL_Driver/Src/stm32f4xx_hal_uart.o
LOAD ./Drivers/STM32F4xx_HAL_Driver/Src/stm32f4xx_ll_adc.o
LOAD ./FATFS/App/fatfs.o
LOAD ./FATFS/Target/user_diskio.o
LOAD ./Middlewares/Third_Party/FatFs/src/diskio.o
LOAD ./Middlewares/Third_Party/FatFs/src/ff.o
LOAD ./Middlewares/Third_Party/FatFs/src/ff_gen_drv.o
LOAD ./Middlewares/Third_Party/FatFs/src/option/ccsbcs.o
LOAD ./Middlewares/Third_Party/FatFs/src/option/syscall.o
START GROUP
LOAD c:/st/stm32cubeide_1.7.0/stm32cubeide/plugins/com.st.stm32cube.ide.mcu.externaltools.gnu-tools-for-stm32.10.3-2021.10.win32_1.0.0.202111181127/tools/bin/../lib/gcc/arm-none-eabi/10.3.1/../../../../arm-none-eabi/lib/thumb/v7e-m+fp/hard\libc_nano.a
LOAD c:/st/stm32cubeide_1.7.0/stm32cubeide/plugins/com.st.stm32cube.ide.mcu.externaltools.gnu-tools-for-stm32.10.3-2021.10.win32_1.0.0.202111181127/tools/bin/../lib/gcc/arm-none-eabi/10.3.1/../../../../arm-none-eabi/lib/thumb/v7e-m+fp/hard\libm.a
END GROUP
START GROUP
LOAD c:/st/stm32cubeide_1.7.0/stm32cubeide/plugins/com.st.stm32cube.ide.mcu.externaltools.gnu-tools-for-stm32.10.3-2021.10.win32_1.0.0.202111181127/tools/bin/../lib/gcc/arm-none-eabi/10.3.1/thumb/v7e-m+fp/hard\libgcc.a
LOAD c:/st/stm32cubeide_1.7.0/stm32cubeide/plugins/com.st.stm32cube.ide.mcu.externaltools.gnu-tools-for-stm32.10.3-2021.10.win32_1.0.0.202111181127/tools/bin/../lib/gcc/arm-none-eabi/10.3.1/../../../../arm-none-eabi/lib/thumb/v7e-m+fp/hard\libc_nano.a
END GROUP
START GROUP
LOAD c:/st/stm32cubeide_1.7.0/stm32cubeide/plugins/com.st.stm32cube.ide.mcu.externaltools.gnu-tools-for-stm32.10.3-2021.10.win32_1.0.0.202111181127/tools/bin/../lib/gcc/arm-none-eabi/10.3.1/thumb/v7e-m+fp/hard\libgcc.a
LOAD c:/st/stm32cubeide_1.7.0/stm32cubeide/plugins/com.st.stm32cube.ide.mcu.externaltools.gnu-tools-for-stm32.10.3-2021.10.win32_1.0.0.202111181127/tools/bin/../lib/gcc/arm-none-eabi/10.3.1/../../../../arm-none-eabi/lib/thumb/v7e-m+fp/hard\libc_nano.a
LOAD c:/st/stm32cubeide_1.7.0/stm32cubeide/plugins/com.st.stm32cube.ide.mcu.externaltools.gnu-tools-for-stm32.10.3-2021.10.win32_1.0.0.202111181127/tools/bin/../lib/gcc/arm-none-eabi/10.3.1/../../../../arm-none-eabi/lib/thumb/v7e-m+fp/hard\libnosys.a
END GROUP
START GROUP
LOAD c:/st/stm32cubeide_1.7.0/stm32cubeide/plugins/com.st.stm32cube.ide.mcu.externaltools.gnu-tools-for-stm32.10.3-2021.10.win32_1.0.0.202111181127/tools/bin/../lib/gcc/arm-none-eabi/10.3.1/thumb/v7e-m+fp/hard\libgcc.a
LOAD c:/st/stm32cubeide_1.7.0/stm32cubeide/plugins/com.st.stm32cube.ide.mcu.externaltools.gnu-tools-for-stm32.10.3-2021.10.win32_1.0.0.202111181127/tools/bin/../lib/gcc/arm-none-eabi/10.3.1/../../../../arm-none-eabi/lib/thumb/v7e-m+fp/hard\libc_nano.a
LOAD c:/st/stm32cubeide_1.7.0/stm32cubeide/plugins/com.st.stm32cube.ide.mcu.externaltools.gnu-tools-for-stm32.10.3-2021.10.win32_1.0.0.202111181127/tools/bin/../lib/gcc/arm-none-eabi/10.3.1/../../../../arm-none-eabi/lib/thumb/v7e-m+fp/hard\libnosys.a
END GROUP
LOAD c:/st/stm32cubeide_1.7.0/stm32cubeide/plugins/com.st.stm32cube.ide.mcu.externaltools.gnu-tools-for-stm32.10.3-2021.10.win32_1.0.0.202111181127/tools/bin/../lib/gcc/arm-none-eabi/10.3.1/thumb/v7e-m+fp/hard/crtend.o
LOAD c:/st/stm32cubeide_1.7.0/stm32cubeide/plugins/com.st.stm32cube.ide.mcu.externaltools.gnu-tools-for-stm32.10.3-2021.10.win32_1.0.0.202111181127/tools/bin/../lib/gcc/arm-none-eabi/10.3.1/thumb/v7e-m+fp/hard/crtn.o
                0x0000000020020000                _estack = (ORIGIN (RAM) + LENGTH (RAM))
                0x0000000000000200                _Min_Heap_Size = 0x200
                0x0000000000000400                _Min_Stack_Size = 0x400

.isr_vector     0x0000000008000000      0x1c4
                0x0000000008000000                . = ALIGN (0x4)
 *(.isr_vector)
 .isr_vector    0x0000000008000000      0x1c4 ./Core/Startup/startup_stm32f446retx.o
                0x0000000008000000                g_pfnVectors
                0x00000000080001c4                . = ALIGN (0x4)

.text           0x00000000080001d0    0x1772c
                0x00000000080001d0                . = ALIGN (0x4)
 *(.text)
 .text          0x00000000080001d0       0x40 c:/st/stm32cubeide_1.7.0/stm32cubeide/plugins/com.st.stm32cube.ide.mcu.externaltools.gnu-tools-for-stm32.10.3-2021.10.win32_1.0.0.202111181127/tools/bin/../lib/gcc/arm-none-eabi/10.3.1/thumb/v7e-m+fp/hard/crtbegin.o
 .text          0x0000000008000210       0x10 c:/st/stm32cubeide_1.7.0/stm32cubeide/plugins/com.st.stm32cube.ide.mcu.externaltools.gnu-tools-for-stm32.10.3-2021.10.win32_1.0.0.202111181127/tools/bin/../lib/gcc/arm-none-eabi/10.3.1/../../../../arm-none-eabi/lib/thumb/v7e-m+fp/hard\libc_nano.a(lib_a-strlen.o)
                0x0000000008000210                strlen
 .text          0x0000000008000220       0xa0 c:/st/stm32cubeide_1.7.0/stm32cubeide/plugins/com.st.stm32cube.ide.mcu.externaltools.gnu-tools-for-stm32.10.3-2021.10.win32_1.0.0.202111181127/tools/bin/../lib/gcc/arm-none-eabi/10.3.1/../../../../arm-none-eabi/lib/thumb/v7e-m+fp/hard\libc_nano.a(lib_a-memchr.o)
                0x0000000008000220                memchr
 .text          0x00000000080002c0      0x378 c:/st/stm32cubeide_1.7.0/stm32cubeide/plugins/com.st.stm32cube.ide.mcu.externaltools.gnu-tools-for-stm32.10.3-2021.10.win32_1.0.0.202111181127/tools/bin/../lib/gcc/arm-none-eabi/10.3.1/thumb/v7e-m+fp/hard\libgcc.a(_arm_addsubdf3.o)
                0x00000000080002c0                __aeabi_drsub
                0x00000000080002c8                __aeabi_dsub
                0x00000000080002c8                __subdf3
                0x00000000080002cc                __aeabi_dadd
                0x00000000080002cc                __adddf3
                0x0000000008000544                __floatunsidf
                0x0000000008000544                __aeabi_ui2d
                0x0000000008000564                __floatsidf
                0x0000000008000564                __aeabi_i2d
                0x0000000008000588                __aeabi_f2d
                0x0000000008000588                __extendsfdf2
                0x00000000080005cc                __floatundidf
                0x00000000080005cc                __aeabi_ul2d
                0x00000000080005dc                __floatdidf
                0x00000000080005dc                __aeabi_l2d
 .text          0x0000000008000638      0x424 c:/st/stm32cubeide_1.7.0/stm32cubeide/plugins/com.st.stm32cube.ide.mcu.externaltools.gnu-tools-for-stm32.10.3-2021.10.win32_1.0.0.202111181127/tools/bin/../lib/gcc/arm-none-eabi/10.3.1/thumb/v7e-m+fp/hard\libgcc.a(_arm_muldivdf3.o)
                0x0000000008000638                __aeabi_dmul
                0x0000000008000638                __muldf3
                0x000000000800088c                __divdf3
                0x000000000800088c                __aeabi_ddiv
 .text          0x0000000008000a5c      0x110 c:/st/stm32cubeide_1.7.0/stm32cubeide/plugins/com.st.stm32cube.ide.mcu.externaltools.gnu-tools-for-stm32.10.3-2021.10.win32_1.0.0.202111181127/tools/bin/../lib/gcc/arm-none-eabi/10.3.1/thumb/v7e-m+fp/hard\libgcc.a(_arm_cmpdf2.o)
                0x0000000008000a5c                __gtdf2
                0x0000000008000a5c                __gedf2
                0x0000000008000a64                __ltdf2
                0x0000000008000a64                __ledf2
                0x0000000008000a6c                __nedf2
                0x0000000008000a6c                __eqdf2
                0x0000000008000a6c                __cmpdf2
                0x0000000008000ae8                __aeabi_cdrcmple
                0x0000000008000af8                __aeabi_cdcmpeq
                0x0000000008000af8                __aeabi_cdcmple
                0x0000000008000b08                __aeabi_dcmpeq
                0x0000000008000b1c                __aeabi_dcmplt
                0x0000000008000b30                __aeabi_dcmple
                0x0000000008000b44                __aeabi_dcmpge
                0x0000000008000b58                __aeabi_dcmpgt
 .text          0x0000000008000b6c       0x2c c:/st/stm32cubeide_1.7.0/stm32cubeide/plugins/com.st.stm32cube.ide.mcu.externaltools.gnu-tools-for-stm32.10.3-2021.10.win32_1.0.0.202111181127/tools/bin/../lib/gcc/arm-none-eabi/10.3.1/thumb/v7e-m+fp/hard\libgcc.a(_arm_unorddf2.o)
                0x0000000008000b6c                __unorddf2
                0x0000000008000b6c                __aeabi_dcmpun
 .text          0x0000000008000b98       0x50 c:/st/stm32cubeide_1.7.0/stm32cubeide/plugins/com.st.stm32cube.ide.mcu.externaltools.gnu-tools-for-stm32.10.3-2021.10.win32_1.0.0.202111181127/tools/bin/../lib/gcc/arm-none-eabi/10.3.1/thumb/v7e-m+fp/hard\libgcc.a(_arm_fixdfsi.o)
                0x0000000008000b98                __aeabi_d2iz
                0x0000000008000b98                __fixdfsi
 .text          0x0000000008000be8       0x40 c:/st/stm32cubeide_1.7.0/stm32cubeide/plugins/com.st.stm32cube.ide.mcu.externaltools.gnu-tools-for-stm32.10.3-2021.10.win32_1.0.0.202111181127/tools/bin/../lib/gcc/arm-none-eabi/10.3.1/thumb/v7e-m+fp/hard\libgcc.a(_arm_fixunsdfsi.o)
                0x0000000008000be8                __aeabi_d2uiz
                0x0000000008000be8                __fixunsdfsi
 .text          0x0000000008000c28       0xa0 c:/st/stm32cubeide_1.7.0/stm32cubeide/plugins/com.st.stm32cube.ide.mcu.externaltools.gnu-tools-for-stm32.10.3-2021.10.win32_1.0.0.202111181127/tools/bin/../lib/gcc/arm-none-eabi/10.3.1/thumb/v7e-m+fp/hard\libgcc.a(_arm_truncdfsf2.o)
                0x0000000008000c28                __truncdfsf2
                0x0000000008000c28                __aeabi_d2f
 .text          0x0000000008000cc8      0x21c c:/st/stm32cubeide_1.7.0/stm32cubeide/plugins/com.st.stm32cube.ide.mcu.externaltools.gnu-tools-for-stm32.10.3-2021.10.win32_1.0.0.202111181127/tools/bin/../lib/gcc/arm-none-eabi/10.3.1/thumb/v7e-m+fp/hard\libgcc.a(_arm_addsubsf3.o)
                0x0000000008000cc8                __aeabi_frsub
                0x0000000008000cd0                __subsf3
                0x0000000008000cd0                __aeabi_fsub
                0x0000000008000cd4                __aeabi_fadd
                0x0000000008000cd4                __addsf3
                0x0000000008000e34                __aeabi_ui2f
                0x0000000008000e34                __floatunsisf
                0x0000000008000e3c                __aeabi_i2f
                0x0000000008000e3c                __floatsisf
                0x0000000008000e58                __aeabi_ul2f
                0x0000000008000e58                __floatundisf
                0x0000000008000e68                __aeabi_l2f
                0x0000000008000e68                __floatdisf
 .text          0x0000000008000ee4       0xa0 c:/st/stm32cubeide_1.7.0/stm32cubeide/plugins/com.st.stm32cube.ide.mcu.externaltools.gnu-tools-for-stm32.10.3-2021.10.win32_1.0.0.202111181127/tools/bin/../lib/gcc/arm-none-eabi/10.3.1/thumb/v7e-m+fp/hard\libgcc.a(_aeabi_ldivmod.o)
                0x0000000008000ee4                __aeabi_ldivmod
 .text          0x0000000008000f84       0x30 c:/st/stm32cubeide_1.7.0/stm32cubeide/plugins/com.st.stm32cube.ide.mcu.externaltools.gnu-tools-for-stm32.10.3-2021.10.win32_1.0.0.202111181127/tools/bin/../lib/gcc/arm-none-eabi/10.3.1/thumb/v7e-m+fp/hard\libgcc.a(_aeabi_uldivmod.o)
                0x0000000008000f84                __aeabi_uldivmod
 .text          0x0000000008000fb4       0x30 c:/st/stm32cubeide_1.7.0/stm32cubeide/plugins/com.st.stm32cube.ide.mcu.externaltools.gnu-tools-for-stm32.10.3-2021.10.win32_1.0.0.202111181127/tools/bin/../lib/gcc/arm-none-eabi/10.3.1/thumb/v7e-m+fp/hard\libgcc.a(_fixdfdi.o)
                0x0000000008000fb4                __fixdfdi
                0x0000000008000fb4                __aeabi_d2lz
 .text          0x0000000008000fe4       0x3c c:/st/stm32cubeide_1.7.0/stm32cubeide/plugins/com.st.stm32cube.ide.mcu.externaltools.gnu-tools-for-stm32.10.3-2021.10.win32_1.0.0.202111181127/tools/bin/../lib/gcc/arm-none-eabi/10.3.1/thumb/v7e-m+fp/hard\libgcc.a(_fixunsdfdi.o)
                0x0000000008000fe4                __fixunsdfdi
                0x0000000008000fe4                __aeabi_d2ulz
 .text          0x0000000008001020      0x2d0 c:/st/stm32cubeide_1.7.0/stm32cubeide/plugins/com.st.stm32cube.ide.mcu.externaltools.gnu-tools-for-stm32.10.3-2021.10.win32_1.0.0.202111181127/tools/bin/../lib/gcc/arm-none-eabi/10.3.1/thumb/v7e-m+fp/hard\libgcc.a(_udivmoddi4.o)
                0x0000000008001020                __udivmoddi4
 .text          0x00000000080012f0        0x4 c:/st/stm32cubeide_1.7.0/stm32cubeide/plugins/com.st.stm32cube.ide.mcu.externaltools.gnu-tools-for-stm32.10.3-2021.10.win32_1.0.0.202111181127/tools/bin/../lib/gcc/arm-none-eabi/10.3.1/thumb/v7e-m+fp/hard\libgcc.a(_dvmd_tls.o)
                0x00000000080012f0                __aeabi_idiv0
                0x00000000080012f0                __aeabi_ldiv0
 *(.text*)
 *fill*         0x00000000080012f4        0x4 
 .text.sqr      0x00000000080012f8       0x38 ./Core/Src/algorithms.o
 .text.algorithm_1_update
                0x0000000008001330      0x258 ./Core/Src/algorithms.o
                0x0000000008001330                algorithm_1_update
 .text.algorithm_2_update
                0x0000000008001588      0x37c ./Core/Src/algorithms.o
                0x0000000008001588                algorithm_2_update
 .text.bme280_getVals
                0x0000000008001904       0xb4 ./Core/Src/bme280.o
 .text.bme280_get_altitude
                0x00000000080019b8       0xe0 ./Core/Src/bme280.o
 .text.bme280_config
                0x0000000008001a98      0x314 ./Core/Src/bme280.o
                0x0000000008001a98                bme280_config
 .text.bme280_init
                0x0000000008001dac       0x6c ./Core/Src/bme280.o
                0x0000000008001dac                bme280_init
 .text.bme280_update
                0x0000000008001e18      0x7b0 ./Core/Src/bme280.o
                0x0000000008001e18                bme280_update
 .text.bmi088_config
                0x00000000080025c8      0x3dc ./Core/Src/bmi088.o
                0x00000000080025c8                bmi088_config
 .text.bmi088_init
                0x00000000080029a4       0xa8 ./Core/Src/bmi088.o
                0x00000000080029a4                bmi088_init
 *fill*         0x0000000008002a4c        0x4 
 .text.bmi088_update
                0x0000000008002a50      0x7c0 ./Core/Src/bmi088.o
                0x0000000008002a50                bmi088_update
 .text.bmi088_getAccelDatas_INT
                0x0000000008003210       0x1c ./Core/Src/bmi088.o
                0x0000000008003210                bmi088_getAccelDatas_INT
 .text.bmi088_getGyroDatas_INT
                0x000000000800322c       0x1c ./Core/Src/bmi088.o
                0x000000000800322c                bmi088_getGyroDatas_INT
 .text.getOffset
                0x0000000008003248      0x11c ./Core/Src/bmi088.o
                0x0000000008003248                getOffset
 .text.calculateCRC
                0x0000000008003364       0x4c ./Core/Src/dataPacking.o
 .text.sendRF   0x00000000080033b0       0x2c ./Core/Src/dataPacking.o
 .text.sendPC   0x00000000080033dc       0x2c ./Core/Src/dataPacking.o
 .text.packDatas
                0x0000000008003408      0x364 ./Core/Src/dataPacking.o
                0x0000000008003408                packDatas
 .text.ext_pin_open
                0x000000000800376c       0x30 ./Core/Src/externalPins.o
                0x000000000800376c                ext_pin_open
 .text.ext_pin_open_duration
                0x000000000800379c       0x32 ./Core/Src/externalPins.o
                0x000000000800379c                ext_pin_open_duration
 .text.ext_pin_update
                0x00000000080037ce       0x34 ./Core/Src/externalPins.o
                0x00000000080037ce                ext_pin_update
 *fill*         0x0000000008003802        0x2 
 .text.SELECT   0x0000000008003804       0x18 ./Core/Src/fatfs_sd.o
 .text.DESELECT
                0x000000000800381c       0x18 ./Core/Src/fatfs_sd.o
 .text.SPI_TxByte
                0x0000000008003834       0x34 ./Core/Src/fatfs_sd.o
 .text.SPI_RxByte
                0x0000000008003868       0x3c ./Core/Src/fatfs_sd.o
 .text.SPI_RxBytePtr
                0x00000000080038a4       0x1c ./Core/Src/fatfs_sd.o
 .text.SD_ReadyWait
                0x00000000080038c0       0x38 ./Core/Src/fatfs_sd.o
 .text.SD_PowerOn
                0x00000000080038f8       0x98 ./Core/Src/fatfs_sd.o
 .text.SD_PowerOff
                0x0000000008003990       0x18 ./Core/Src/fatfs_sd.o
 .text.SD_CheckPower
                0x00000000080039a8       0x18 ./Core/Src/fatfs_sd.o
 .text.SD_RxDataBlock
                0x00000000080039c0       0x6c ./Core/Src/fatfs_sd.o
 .text.SD_TxDataBlock
                0x0000000008003a2c       0xac ./Core/Src/fatfs_sd.o
 .text.SD_SendCmd
                0x0000000008003ad8       0xa4 ./Core/Src/fatfs_sd.o
 .text.SD_disk_initialize
                0x0000000008003b7c      0x1d4 ./Core/Src/fatfs_sd.o
                0x0000000008003b7c                SD_disk_initialize
 .text.SD_disk_status
                0x0000000008003d50       0x2c ./Core/Src/fatfs_sd.o
                0x0000000008003d50                SD_disk_status
 .text.SD_disk_read
                0x0000000008003d7c       0xd4 ./Core/Src/fatfs_sd.o
                0x0000000008003d7c                SD_disk_read
 .text.SD_disk_write
                0x0000000008003e50      0x108 ./Core/Src/fatfs_sd.o
                0x0000000008003e50                SD_disk_write
 .text.SD_disk_ioctl
                0x0000000008003f58      0x264 ./Core/Src/fatfs_sd.o
                0x0000000008003f58                SD_disk_ioctl
 .text.send_command
                0x00000000080041bc       0x60 ./Core/Src/lora.o
 .text.lora_activate
                0x000000000800421c       0x24 ./Core/Src/lora.o
                0x000000000800421c                lora_activate
 .text.lora_deactivate
                0x0000000008004240       0x24 ./Core/Src/lora.o
                0x0000000008004240                lora_deactivate
 .text.lora_configure
                0x0000000008004264       0xe0 ./Core/Src/lora.o
                0x0000000008004264                lora_configure
 *fill*         0x0000000008004344        0x4 
 .text.main     0x0000000008004348      0x630 ./Core/Src/main.o
                0x0000000008004348                main
 .text.SystemClock_Config
                0x0000000008004978       0xe8 ./Core/Src/main.o
                0x0000000008004978                SystemClock_Config
 .text.MX_ADC1_Init
                0x0000000008004a60       0xc0 ./Core/Src/main.o
 .text.MX_I2C1_Init
                0x0000000008004b20       0x5c ./Core/Src/main.o
 .text.MX_I2C3_Init
                0x0000000008004b7c       0x5c ./Core/Src/main.o
 .text.MX_RTC_Init
                0x0000000008004bd8       0x4c ./Core/Src/main.o
 .text.MX_SPI1_Init
                0x0000000008004c24       0x6c ./Core/Src/main.o
 .text.MX_UART4_Init
                0x0000000008004c90       0x54 ./Core/Src/main.o
 .text.MX_USART1_UART_Init
                0x0000000008004ce4       0x54 ./Core/Src/main.o
 .text.MX_USART2_UART_Init
                0x0000000008004d38       0x54 ./Core/Src/main.o
 .text.MX_USART3_UART_Init
                0x0000000008004d8c       0x54 ./Core/Src/main.o
 .text.MX_DMA_Init
                0x0000000008004de0       0x8c ./Core/Src/main.o
 .text.MX_GPIO_Init
                0x0000000008004e6c      0x16c ./Core/Src/main.o
 .text.bme280_begin
                0x0000000008004fd8       0x2c ./Core/Src/main.o
 .text.bmi088_begin
                0x0000000008005004       0x44 ./Core/Src/main.o
 .text.loraBegin
                0x0000000008005048       0x64 ./Core/Src/main.o
 *fill*         0x00000000080050ac        0x4 
 .text.measurePower
                0x00000000080050b0      0x128 ./Core/Src/main.o
                0x00000000080050b0                measurePower
 .text.getWatt  0x00000000080051d8       0x68 ./Core/Src/main.o
                0x00000000080051d8                getWatt
 .text.HAL_GPIO_EXTI_Callback
                0x0000000008005240       0x26 ./Core/Src/main.o
                0x0000000008005240                HAL_GPIO_EXTI_Callback
 *fill*         0x0000000008005266        0x2 
 .text.deploy_p_1
                0x0000000008005268       0x20 ./Core/Src/main.o
                0x0000000008005268                deploy_p_1
 .text.deploy_p_2
                0x0000000008005288       0x20 ./Core/Src/main.o
                0x0000000008005288                deploy_p_2
 .text.Error_Handler
                0x00000000080052a8       0x60 ./Core/Src/main.o
                0x00000000080052a8                Error_Handler
 .text.updateQuaternion
                0x0000000008005308      0x298 ./Core/Src/queternion.o
                0x0000000008005308                updateQuaternion
 .text.quaternionToEuler
                0x00000000080055a0      0x1d8 ./Core/Src/queternion.o
                0x00000000080055a0                quaternionToEuler
 .text.quaternionToTheta
                0x0000000008005778      0x180 ./Core/Src/queternion.o
                0x0000000008005778                quaternionToTheta
 .text.getInitialQuaternion
                0x00000000080058f8      0x27c ./Core/Src/queternion.o
                0x00000000080058f8                getInitialQuaternion
 .text.quaternionSet_zero
                0x0000000008005b74       0x3c ./Core/Src/queternion.o
                0x0000000008005b74                quaternionSet_zero
 .text.save_time
                0x0000000008005bb0       0x74 ./Core/Src/reset_detect.o
                0x0000000008005bb0                save_time
 .text.measure_abs_time
                0x0000000008005c24       0x80 ./Core/Src/reset_detect.o
                0x0000000008005c24                measure_abs_time
 .text.HAL_MspInit
                0x0000000008005ca4       0x50 ./Core/Src/stm32f4xx_hal_msp.o
                0x0000000008005ca4                HAL_MspInit
 .text.HAL_ADC_MspInit
                0x0000000008005cf4       0x88 ./Core/Src/stm32f4xx_hal_msp.o
                0x0000000008005cf4                HAL_ADC_MspInit
 .text.HAL_I2C_MspInit
                0x0000000008005d7c      0x140 ./Core/Src/stm32f4xx_hal_msp.o
                0x0000000008005d7c                HAL_I2C_MspInit
 .text.HAL_I2C_MspDeInit
                0x0000000008005ebc       0x7c ./Core/Src/stm32f4xx_hal_msp.o
                0x0000000008005ebc                HAL_I2C_MspDeInit
 .text.HAL_RTC_MspInit
                0x0000000008005f38       0x54 ./Core/Src/stm32f4xx_hal_msp.o
                0x0000000008005f38                HAL_RTC_MspInit
 .text.HAL_SPI_MspInit
                0x0000000008005f8c       0x90 ./Core/Src/stm32f4xx_hal_msp.o
                0x0000000008005f8c                HAL_SPI_MspInit
 .text.HAL_UART_MspInit
                0x000000000800601c      0x3dc ./Core/Src/stm32f4xx_hal_msp.o
                0x000000000800601c                HAL_UART_MspInit
 .text.HAL_UART_MspDeInit
                0x00000000080063f8       0xf4 ./Core/Src/stm32f4xx_hal_msp.o
                0x00000000080063f8                HAL_UART_MspDeInit
 .text.SDTimer_Handler
                0x00000000080064ec       0x48 ./Core/Src/stm32f4xx_it.o
                0x00000000080064ec                SDTimer_Handler
 .text.NMI_Handler
                0x0000000008006534        0x6 ./Core/Src/stm32f4xx_it.o
                0x0000000008006534                NMI_Handler
 .text.HardFault_Handler
                0x000000000800653a        0x6 ./Core/Src/stm32f4xx_it.o
                0x000000000800653a                HardFault_Handler
 .text.MemManage_Handler
                0x0000000008006540        0x6 ./Core/Src/stm32f4xx_it.o
                0x0000000008006540                MemManage_Handler
 .text.BusFault_Handler
                0x0000000008006546        0x6 ./Core/Src/stm32f4xx_it.o
                0x0000000008006546                BusFault_Handler
 .text.UsageFault_Handler
                0x000000000800654c        0x6 ./Core/Src/stm32f4xx_it.o
                0x000000000800654c                UsageFault_Handler
 .text.SVC_Handler
                0x0000000008006552        0xe ./Core/Src/stm32f4xx_it.o
                0x0000000008006552                SVC_Handler
 .text.DebugMon_Handler
                0x0000000008006560        0xe ./Core/Src/stm32f4xx_it.o
                0x0000000008006560                DebugMon_Handler
 .text.PendSV_Handler
                0x000000000800656e        0xe ./Core/Src/stm32f4xx_it.o
                0x000000000800656e                PendSV_Handler
 .text.SysTick_Handler
                0x000000000800657c       0x34 ./Core/Src/stm32f4xx_it.o
                0x000000000800657c                SysTick_Handler
 .text.EXTI3_IRQHandler
                0x00000000080065b0        0xe ./Core/Src/stm32f4xx_it.o
                0x00000000080065b0                EXTI3_IRQHandler
 .text.EXTI4_IRQHandler
                0x00000000080065be        0xe ./Core/Src/stm32f4xx_it.o
                0x00000000080065be                EXTI4_IRQHandler
 .text.DMA1_Stream2_IRQHandler
                0x00000000080065cc       0x14 ./Core/Src/stm32f4xx_it.o
                0x00000000080065cc                DMA1_Stream2_IRQHandler
 .text.DMA1_Stream4_IRQHandler
                0x00000000080065e0       0x14 ./Core/Src/stm32f4xx_it.o
                0x00000000080065e0                DMA1_Stream4_IRQHandler
 .text.DMA1_Stream5_IRQHandler
                0x00000000080065f4       0x14 ./Core/Src/stm32f4xx_it.o
                0x00000000080065f4                DMA1_Stream5_IRQHandler
 .text.USART1_IRQHandler
                0x0000000008006608       0x14 ./Core/Src/stm32f4xx_it.o
                0x0000000008006608                USART1_IRQHandler
 .text.USART2_IRQHandler
                0x000000000800661c       0x14 ./Core/Src/stm32f4xx_it.o
                0x000000000800661c                USART2_IRQHandler
 .text.UART4_IRQHandler
                0x0000000008006630       0x14 ./Core/Src/stm32f4xx_it.o
                0x0000000008006630                UART4_IRQHandler
 .text.DMA2_Stream7_IRQHandler
                0x0000000008006644       0x14 ./Core/Src/stm32f4xx_it.o
                0x0000000008006644                DMA2_Stream7_IRQHandler
 .text.strain_gage_delay_us
                0x0000000008006658       0x2e ./Core/Src/strain_gauge.o
 .text.straing_gage_gpio_init
                0x0000000008006686       0xe0 ./Core/Src/strain_gauge.o
                0x0000000008006686                straing_gage_gpio_init
 .text.strain_gage_get_vals
                0x0000000008006766       0xe6 ./Core/Src/strain_gauge.o
                0x0000000008006766                strain_gage_get_vals
 .text._getpid  0x000000000800684c       0x10 ./Core/Src/syscalls.o
                0x000000000800684c                _getpid
 .text._kill    0x000000000800685c       0x20 ./Core/Src/syscalls.o
                0x000000000800685c                _kill
 .text._exit    0x000000000800687c       0x14 ./Core/Src/syscalls.o
                0x000000000800687c                _exit
 .text._read    0x0000000008006890       0x3a ./Core/Src/syscalls.o
                0x0000000008006890                _read
 .text._write   0x00000000080068ca       0x38 ./Core/Src/syscalls.o
                0x00000000080068ca                _write
 .text._close   0x0000000008006902       0x18 ./Core/Src/syscalls.o
                0x0000000008006902                _close
 .text._fstat   0x000000000800691a       0x20 ./Core/Src/syscalls.o
                0x000000000800691a                _fstat
 .text._isatty  0x000000000800693a       0x16 ./Core/Src/syscalls.o
                0x000000000800693a                _isatty
 .text._lseek   0x0000000008006950       0x1a ./Core/Src/syscalls.o
                0x0000000008006950                _lseek
 *fill*         0x000000000800696a        0x2 
 .text._sbrk    0x000000000800696c       0x6c ./Core/Src/sysmem.o
                0x000000000800696c                _sbrk
 .text.SystemInit
                0x00000000080069d8       0x24 ./Core/Src/system_stm32f4xx.o
                0x00000000080069d8                SystemInit
 .text.uart_Sd_Transmit
                0x00000000080069fc       0x30 ./Core/Src/usr_fat_sd.o
 .text.sdBufClear
                0x0000000008006a2c       0x38 ./Core/Src/usr_fat_sd.o
 .text.usr_fatfsInitial
                0x0000000008006a64        0xc ./Core/Src/usr_fat_sd.o
                0x0000000008006a64                usr_fatfsInitial
 .text.sdInitials
                0x0000000008006a70      0x12c ./Core/Src/usr_fat_sd.o
                0x0000000008006a70                sdInitials
 .text.sd_transmit
                0x0000000008006b9c       0x70 ./Core/Src/usr_fat_sd.o
                0x0000000008006b9c                sd_transmit
 .text.sdDataLogger
                0x0000000008006c0c      0x2c4 ./Core/Src/usr_fat_sd.o
                0x0000000008006c0c                sdDataLogger
 .text.HAL_UART_RxCpltCallback
                0x0000000008006ed0       0x58 ./Core/Src/usr_gnss_l86_parser.o
                0x0000000008006ed0                HAL_UART_RxCpltCallback
 .text.UsrGpsL86Init
                0x0000000008006f28       0x20 ./Core/Src/usr_gnss_l86_parser.o
                0x0000000008006f28                UsrGpsL86Init
 .text.Usr_GpsL86GetValues
                0x0000000008006f48       0x80 ./Core/Src/usr_gnss_l86_parser.o
                0x0000000008006f48                Usr_GpsL86GetValues
 .text.getRmc   0x0000000008006fc8      0x148 ./Core/Src/usr_gnss_l86_parser.o
 .text.formatLatLong
                0x0000000008007110       0xdc ./Core/Src/usr_gnss_l86_parser.o
 .text.getGGA   0x00000000080071ec      0x10c ./Core/Src/usr_gnss_l86_parser.o
 .text.Reset_Handler
                0x00000000080072f8       0x50 ./Core/Startup/startup_stm32f446retx.o
                0x00000000080072f8                Reset_Handler
 .text.Default_Handler
                0x0000000008007348        0x2 ./Core/Startup/startup_stm32f446retx.o
                0x0000000008007348                RTC_Alarm_IRQHandler
                0x0000000008007348                EXTI2_IRQHandler
                0x0000000008007348                TIM8_CC_IRQHandler
                0x0000000008007348                FMPI2C1_EV_IRQHandler
                0x0000000008007348                SPI4_IRQHandler
                0x0000000008007348                TIM1_CC_IRQHandler
                0x0000000008007348                DMA2_Stream5_IRQHandler
                0x0000000008007348                PVD_IRQHandler
                0x0000000008007348                SDIO_IRQHandler
                0x0000000008007348                TAMP_STAMP_IRQHandler
                0x0000000008007348                CAN2_RX1_IRQHandler
                0x0000000008007348                TIM8_TRG_COM_TIM14_IRQHandler
                0x0000000008007348                TIM1_UP_TIM10_IRQHandler
                0x0000000008007348                TIM8_UP_TIM13_IRQHandler
                0x0000000008007348                I2C3_ER_IRQHandler
                0x0000000008007348                EXTI0_IRQHandler
                0x0000000008007348                I2C2_EV_IRQHandler
                0x0000000008007348                CAN1_RX0_IRQHandler
                0x0000000008007348                FPU_IRQHandler
                0x0000000008007348                OTG_HS_WKUP_IRQHandler
                0x0000000008007348                CAN2_SCE_IRQHandler
                0x0000000008007348                DMA2_Stream2_IRQHandler
                0x0000000008007348                SPI1_IRQHandler
                0x0000000008007348                TIM6_DAC_IRQHandler
                0x0000000008007348                TIM1_BRK_TIM9_IRQHandler
                0x0000000008007348                DCMI_IRQHandler
                0x0000000008007348                CAN2_RX0_IRQHandler
                0x0000000008007348                DMA2_Stream3_IRQHandler
                0x0000000008007348                SAI2_IRQHandler
                0x0000000008007348                USART6_IRQHandler
                0x0000000008007348                USART3_IRQHandler
                0x0000000008007348                CAN1_RX1_IRQHandler
                0x0000000008007348                UART5_IRQHandler
                0x0000000008007348                DMA2_Stream0_IRQHandler
                0x0000000008007348                TIM4_IRQHandler
                0x0000000008007348                QUADSPI_IRQHandler
                0x0000000008007348                I2C1_EV_IRQHandler
                0x0000000008007348                DMA1_Stream6_IRQHandler
                0x0000000008007348                DMA1_Stream1_IRQHandler
                0x0000000008007348                TIM3_IRQHandler
                0x0000000008007348                RCC_IRQHandler
                0x0000000008007348                TIM8_BRK_TIM12_IRQHandler
                0x0000000008007348                Default_Handler
                0x0000000008007348                CEC_IRQHandler
                0x0000000008007348                EXTI15_10_IRQHandler
                0x0000000008007348                ADC_IRQHandler
                0x0000000008007348                DMA1_Stream7_IRQHandler
                0x0000000008007348                TIM7_IRQHandler
                0x0000000008007348                CAN2_TX_IRQHandler
                0x0000000008007348                TIM5_IRQHandler
                0x0000000008007348                I2C3_EV_IRQHandler
                0x0000000008007348                EXTI9_5_IRQHandler
                0x0000000008007348                RTC_WKUP_IRQHandler
                0x0000000008007348                SPDIF_RX_IRQHandler
                0x0000000008007348                SPI2_IRQHandler
                0x0000000008007348                OTG_HS_EP1_IN_IRQHandler
                0x0000000008007348                DMA1_Stream0_IRQHandler
                0x0000000008007348                CAN1_TX_IRQHandler
                0x0000000008007348                FMPI2C1_ER_IRQHandler
                0x0000000008007348                OTG_HS_EP1_OUT_IRQHandler
                0x0000000008007348                WWDG_IRQHandler
                0x0000000008007348                TIM2_IRQHandler
                0x0000000008007348                OTG_FS_WKUP_IRQHandler
                0x0000000008007348                TIM1_TRG_COM_TIM11_IRQHandler
                0x0000000008007348                OTG_HS_IRQHandler
                0x0000000008007348                EXTI1_IRQHandler
                0x0000000008007348                I2C2_ER_IRQHandler
                0x0000000008007348                DMA2_Stream1_IRQHandler
                0x0000000008007348                CAN1_SCE_IRQHandler
                0x0000000008007348                FLASH_IRQHandler
                0x0000000008007348                DMA2_Stream4_IRQHandler
                0x0000000008007348                OTG_FS_IRQHandler
                0x0000000008007348                SPI3_IRQHandler
                0x0000000008007348                I2C1_ER_IRQHandler
                0x0000000008007348                FMC_IRQHandler
                0x0000000008007348                DMA2_Stream6_IRQHandler
                0x0000000008007348                SAI1_IRQHandler
                0x0000000008007348                DMA1_Stream3_IRQHandler
 *fill*         0x000000000800734a        0x2 
 .text.HAL_Init
                0x000000000800734c       0x44 ./Drivers/STM32F4xx_HAL_Driver/Src/stm32f4xx_hal.o
                0x000000000800734c                HAL_Init
 .text.HAL_InitTick
                0x0000000008007390       0x60 ./Drivers/STM32F4xx_HAL_Driver/Src/stm32f4xx_hal.o
                0x0000000008007390                HAL_InitTick
 .text.HAL_IncTick
                0x00000000080073f0       0x28 ./Drivers/STM32F4xx_HAL_Driver/Src/stm32f4xx_hal.o
                0x00000000080073f0                HAL_IncTick
 .text.HAL_GetTick
                0x0000000008007418       0x18 ./Drivers/STM32F4xx_HAL_Driver/Src/stm32f4xx_hal.o
                0x0000000008007418                HAL_GetTick
 .text.HAL_Delay
                0x0000000008007430       0x48 ./Drivers/STM32F4xx_HAL_Driver/Src/stm32f4xx_hal.o
                0x0000000008007430                HAL_Delay
 .text.HAL_ADC_Init
                0x0000000008007478       0x86 ./Drivers/STM32F4xx_HAL_Driver/Src/stm32f4xx_hal_adc.o
                0x0000000008007478                HAL_ADC_Init
 *fill*         0x00000000080074fe        0x2 
 .text.HAL_ADC_Start
                0x0000000008007500      0x1a4 ./Drivers/STM32F4xx_HAL_Driver/Src/stm32f4xx_hal_adc.o
                0x0000000008007500                HAL_ADC_Start
 .text.HAL_ADC_Stop
                0x00000000080076a4       0x66 ./Drivers/STM32F4xx_HAL_Driver/Src/stm32f4xx_hal_adc.o
                0x00000000080076a4                HAL_ADC_Stop
 .text.HAL_ADC_PollForConversion
                0x000000000800770a      0x116 ./Drivers/STM32F4xx_HAL_Driver/Src/stm32f4xx_hal_adc.o
                0x000000000800770a                HAL_ADC_PollForConversion
 .text.HAL_ADC_GetValue
                0x0000000008007820       0x1a ./Drivers/STM32F4xx_HAL_Driver/Src/stm32f4xx_hal_adc.o
                0x0000000008007820                HAL_ADC_GetValue
 *fill*         0x000000000800783a        0x2 
 .text.HAL_ADC_ConfigChannel
                0x000000000800783c      0x264 ./Drivers/STM32F4xx_HAL_Driver/Src/stm32f4xx_hal_adc.o
                0x000000000800783c                HAL_ADC_ConfigChannel
 .text.ADC_Init
                0x0000000008007aa0      0x1f8 ./Drivers/STM32F4xx_HAL_Driver/Src/stm32f4xx_hal_adc.o
 .text.__NVIC_SetPriorityGrouping
                0x0000000008007c98       0x48 ./Drivers/STM32F4xx_HAL_Driver/Src/stm32f4xx_hal_cortex.o
 .text.__NVIC_GetPriorityGrouping
                0x0000000008007ce0       0x1c ./Drivers/STM32F4xx_HAL_Driver/Src/stm32f4xx_hal_cortex.o
 .text.__NVIC_EnableIRQ
                0x0000000008007cfc       0x3c ./Drivers/STM32F4xx_HAL_Driver/Src/stm32f4xx_hal_cortex.o
 .text.__NVIC_DisableIRQ
                0x0000000008007d38       0x48 ./Drivers/STM32F4xx_HAL_Driver/Src/stm32f4xx_hal_cortex.o
 .text.__NVIC_SetPriority
                0x0000000008007d80       0x54 ./Drivers/STM32F4xx_HAL_Driver/Src/stm32f4xx_hal_cortex.o
 .text.NVIC_EncodePriority
                0x0000000008007dd4       0x66 ./Drivers/STM32F4xx_HAL_Driver/Src/stm32f4xx_hal_cortex.o
 *fill*         0x0000000008007e3a        0x2 
 .text.SysTick_Config
                0x0000000008007e3c       0x44 ./Drivers/STM32F4xx_HAL_Driver/Src/stm32f4xx_hal_cortex.o
 .text.HAL_NVIC_SetPriorityGrouping
                0x0000000008007e80       0x16 ./Drivers/STM32F4xx_HAL_Driver/Src/stm32f4xx_hal_cortex.o
                0x0000000008007e80                HAL_NVIC_SetPriorityGrouping
 .text.HAL_NVIC_SetPriority
                0x0000000008007e96       0x38 ./Drivers/STM32F4xx_HAL_Driver/Src/stm32f4xx_hal_cortex.o
                0x0000000008007e96                HAL_NVIC_SetPriority
 .text.HAL_NVIC_EnableIRQ
                0x0000000008007ece       0x1c ./Drivers/STM32F4xx_HAL_Driver/Src/stm32f4xx_hal_cortex.o
                0x0000000008007ece                HAL_NVIC_EnableIRQ
 .text.HAL_NVIC_DisableIRQ
                0x0000000008007eea       0x1c ./Drivers/STM32F4xx_HAL_Driver/Src/stm32f4xx_hal_cortex.o
                0x0000000008007eea                HAL_NVIC_DisableIRQ
 .text.HAL_SYSTICK_Config
                0x0000000008007f06       0x18 ./Drivers/STM32F4xx_HAL_Driver/Src/stm32f4xx_hal_cortex.o
                0x0000000008007f06                HAL_SYSTICK_Config
 *fill*         0x0000000008007f1e        0x2 
 .text.HAL_DMA_Init
                0x0000000008007f20      0x15c ./Drivers/STM32F4xx_HAL_Driver/Src/stm32f4xx_hal_dma.o
                0x0000000008007f20                HAL_DMA_Init
 .text.HAL_DMA_DeInit
                0x000000000800807c       0xbc ./Drivers/STM32F4xx_HAL_Driver/Src/stm32f4xx_hal_dma.o
                0x000000000800807c                HAL_DMA_DeInit
 .text.HAL_DMA_Start_IT
                0x0000000008008138       0xb0 ./Drivers/STM32F4xx_HAL_Driver/Src/stm32f4xx_hal_dma.o
                0x0000000008008138                HAL_DMA_Start_IT
 .text.HAL_DMA_Abort
                0x00000000080081e8       0xe0 ./Drivers/STM32F4xx_HAL_Driver/Src/stm32f4xx_hal_dma.o
                0x00000000080081e8                HAL_DMA_Abort
 .text.HAL_DMA_Abort_IT
                0x00000000080082c8       0x44 ./Drivers/STM32F4xx_HAL_Driver/Src/stm32f4xx_hal_dma.o
                0x00000000080082c8                HAL_DMA_Abort_IT
 .text.HAL_DMA_IRQHandler
                0x000000000800830c      0x314 ./Drivers/STM32F4xx_HAL_Driver/Src/stm32f4xx_hal_dma.o
                0x000000000800830c                HAL_DMA_IRQHandler
 .text.HAL_DMA_GetState
                0x0000000008008620       0x1c ./Drivers/STM32F4xx_HAL_Driver/Src/stm32f4xx_hal_dma.o
                0x0000000008008620                HAL_DMA_GetState
 .text.DMA_SetConfig
                0x000000000800863c       0x5c ./Drivers/STM32F4xx_HAL_Driver/Src/stm32f4xx_hal_dma.o
 .text.DMA_CalcBaseAndBitshift
                0x0000000008008698       0x6c ./Drivers/STM32F4xx_HAL_Driver/Src/stm32f4xx_hal_dma.o
 .text.DMA_CheckFifoParam
                0x0000000008008704       0xf8 ./Drivers/STM32F4xx_HAL_Driver/Src/stm32f4xx_hal_dma.o
 .text.HAL_GPIO_Init
                0x00000000080087fc      0x328 ./Drivers/STM32F4xx_HAL_Driver/Src/stm32f4xx_hal_gpio.o
                0x00000000080087fc                HAL_GPIO_Init
 .text.HAL_GPIO_DeInit
                0x0000000008008b24      0x1e8 ./Drivers/STM32F4xx_HAL_Driver/Src/stm32f4xx_hal_gpio.o
                0x0000000008008b24                HAL_GPIO_DeInit
 .text.HAL_GPIO_ReadPin
                0x0000000008008d0c       0x30 ./Drivers/STM32F4xx_HAL_Driver/Src/stm32f4xx_hal_gpio.o
                0x0000000008008d0c                HAL_GPIO_ReadPin
 .text.HAL_GPIO_WritePin
                0x0000000008008d3c       0x32 ./Drivers/STM32F4xx_HAL_Driver/Src/stm32f4xx_hal_gpio.o
                0x0000000008008d3c                HAL_GPIO_WritePin
 .text.HAL_GPIO_TogglePin
                0x0000000008008d6e       0x34 ./Drivers/STM32F4xx_HAL_Driver/Src/stm32f4xx_hal_gpio.o
                0x0000000008008d6e                HAL_GPIO_TogglePin
 *fill*         0x0000000008008da2        0x2 
 .text.HAL_GPIO_EXTI_IRQHandler
                0x0000000008008da4       0x30 ./Drivers/STM32F4xx_HAL_Driver/Src/stm32f4xx_hal_gpio.o
                0x0000000008008da4                HAL_GPIO_EXTI_IRQHandler
 .text.HAL_I2C_Init
                0x0000000008008dd4      0x288 ./Drivers/STM32F4xx_HAL_Driver/Src/stm32f4xx_hal_i2c.o
                0x0000000008008dd4                HAL_I2C_Init
 .text.HAL_I2C_DeInit
                0x000000000800905c       0x5e ./Drivers/STM32F4xx_HAL_Driver/Src/stm32f4xx_hal_i2c.o
                0x000000000800905c                HAL_I2C_DeInit
 *fill*         0x00000000080090ba        0x2 
 .text.HAL_I2C_Mem_Write
                0x00000000080090bc      0x1f4 ./Drivers/STM32F4xx_HAL_Driver/Src/stm32f4xx_hal_i2c.o
                0x00000000080090bc                HAL_I2C_Mem_Write
 .text.HAL_I2C_Mem_Read
                0x00000000080092b0      0x44c ./Drivers/STM32F4xx_HAL_Driver/Src/stm32f4xx_hal_i2c.o
                0x00000000080092b0                HAL_I2C_Mem_Read
 .text.I2C_RequestMemoryWrite
                0x00000000080096fc      0x12c ./Drivers/STM32F4xx_HAL_Driver/Src/stm32f4xx_hal_i2c.o
 .text.I2C_RequestMemoryRead
                0x0000000008009828      0x1d0 ./Drivers/STM32F4xx_HAL_Driver/Src/stm32f4xx_hal_i2c.o
 .text.I2C_WaitOnFlagUntilTimeout
                0x00000000080099f8       0xae ./Drivers/STM32F4xx_HAL_Driver/Src/stm32f4xx_hal_i2c.o
 .text.I2C_WaitOnMasterAddressFlagUntilTimeout
                0x0000000008009aa6       0xfe ./Drivers/STM32F4xx_HAL_Driver/Src/stm32f4xx_hal_i2c.o
 .text.I2C_WaitOnTXEFlagUntilTimeout
                0x0000000008009ba4       0x82 ./Drivers/STM32F4xx_HAL_Driver/Src/stm32f4xx_hal_i2c.o
 .text.I2C_WaitOnBTFFlagUntilTimeout
                0x0000000008009c26       0x82 ./Drivers/STM32F4xx_HAL_Driver/Src/stm32f4xx_hal_i2c.o
 .text.I2C_WaitOnRXNEFlagUntilTimeout
                0x0000000008009ca8       0xac ./Drivers/STM32F4xx_HAL_Driver/Src/stm32f4xx_hal_i2c.o
 .text.I2C_IsAcknowledgeFailed
                0x0000000008009d54       0x5e ./Drivers/STM32F4xx_HAL_Driver/Src/stm32f4xx_hal_i2c.o
 *fill*         0x0000000008009db2        0x2 
 .text.HAL_PWR_EnableBkUpAccess
                0x0000000008009db4       0x28 ./Drivers/STM32F4xx_HAL_Driver/Src/stm32f4xx_hal_pwr.o
                0x0000000008009db4                HAL_PWR_EnableBkUpAccess
 .text.HAL_PWREx_EnableBkUpReg
                0x0000000008009ddc       0x4c ./Drivers/STM32F4xx_HAL_Driver/Src/stm32f4xx_hal_pwr_ex.o
                0x0000000008009ddc                HAL_PWREx_EnableBkUpReg
 .text.HAL_PWREx_EnableOverDrive
                0x0000000008009e28       0xa0 ./Drivers/STM32F4xx_HAL_Driver/Src/stm32f4xx_hal_pwr_ex.o
                0x0000000008009e28                HAL_PWREx_EnableOverDrive
 .text.HAL_RCC_ClockConfig
                0x0000000008009ec8      0x1cc ./Drivers/STM32F4xx_HAL_Driver/Src/stm32f4xx_hal_rcc.o
                0x0000000008009ec8                HAL_RCC_ClockConfig
 .text.HAL_RCC_GetHCLKFreq
                0x000000000800a094       0x18 ./Drivers/STM32F4xx_HAL_Driver/Src/stm32f4xx_hal_rcc.o
                0x000000000800a094                HAL_RCC_GetHCLKFreq
 .text.HAL_RCC_GetPCLK1Freq
                0x000000000800a0ac       0x28 ./Drivers/STM32F4xx_HAL_Driver/Src/stm32f4xx_hal_rcc.o
                0x000000000800a0ac                HAL_RCC_GetPCLK1Freq
 .text.HAL_RCC_GetPCLK2Freq
                0x000000000800a0d4       0x28 ./Drivers/STM32F4xx_HAL_Driver/Src/stm32f4xx_hal_rcc.o
                0x000000000800a0d4                HAL_RCC_GetPCLK2Freq
 .text.HAL_RCCEx_PeriphCLKConfig
                0x000000000800a0fc      0x654 ./Drivers/STM32F4xx_HAL_Driver/Src/stm32f4xx_hal_rcc_ex.o
                0x000000000800a0fc                HAL_RCCEx_PeriphCLKConfig
 .text.HAL_RCC_GetSysClockFreq
                0x000000000800a750      0x460 ./Drivers/STM32F4xx_HAL_Driver/Src/stm32f4xx_hal_rcc_ex.o
                0x000000000800a750                HAL_RCC_GetSysClockFreq
 .text.HAL_RCC_OscConfig
                0x000000000800abb0      0x53c ./Drivers/STM32F4xx_HAL_Driver/Src/stm32f4xx_hal_rcc_ex.o
                0x000000000800abb0                HAL_RCC_OscConfig
 .text.HAL_RTC_Init
                0x000000000800b0ec       0xec ./Drivers/STM32F4xx_HAL_Driver/Src/stm32f4xx_hal_rtc.o
                0x000000000800b0ec                HAL_RTC_Init
 .text.HAL_RTC_GetTime
                0x000000000800b1d8       0xbc ./Drivers/STM32F4xx_HAL_Driver/Src/stm32f4xx_hal_rtc.o
                0x000000000800b1d8                HAL_RTC_GetTime
 .text.HAL_RTC_GetDate
                0x000000000800b294       0x9e ./Drivers/STM32F4xx_HAL_Driver/Src/stm32f4xx_hal_rtc.o
                0x000000000800b294                HAL_RTC_GetDate
 .text.HAL_RTC_WaitForSynchro
                0x000000000800b332       0x50 ./Drivers/STM32F4xx_HAL_Driver/Src/stm32f4xx_hal_rtc.o
                0x000000000800b332                HAL_RTC_WaitForSynchro
 .text.RTC_EnterInitMode
                0x000000000800b382       0x6e ./Drivers/STM32F4xx_HAL_Driver/Src/stm32f4xx_hal_rtc.o
                0x000000000800b382                RTC_EnterInitMode
 .text.RTC_ExitInitMode
                0x000000000800b3f0       0x4a ./Drivers/STM32F4xx_HAL_Driver/Src/stm32f4xx_hal_rtc.o
                0x000000000800b3f0                RTC_ExitInitMode
 .text.RTC_Bcd2ToByte
                0x000000000800b43a       0x38 ./Drivers/STM32F4xx_HAL_Driver/Src/stm32f4xx_hal_rtc.o
                0x000000000800b43a                RTC_Bcd2ToByte
 .text.HAL_RTCEx_BKUPWrite
                0x000000000800b472       0x34 ./Drivers/STM32F4xx_HAL_Driver/Src/stm32f4xx_hal_rtc_ex.o
                0x000000000800b472                HAL_RTCEx_BKUPWrite
 .text.HAL_RTCEx_BKUPRead
                0x000000000800b4a6       0x30 ./Drivers/STM32F4xx_HAL_Driver/Src/stm32f4xx_hal_rtc_ex.o
                0x000000000800b4a6                HAL_RTCEx_BKUPRead
 .text.HAL_SPI_Init
                0x000000000800b4d6      0x112 ./Drivers/STM32F4xx_HAL_Driver/Src/stm32f4xx_hal_spi.o
                0x000000000800b4d6                HAL_SPI_Init
 .text.HAL_SPI_Transmit
                0x000000000800b5e8      0x278 ./Drivers/STM32F4xx_HAL_Driver/Src/stm32f4xx_hal_spi.o
                0x000000000800b5e8                HAL_SPI_Transmit
 .text.HAL_SPI_TransmitReceive
                0x000000000800b860      0x344 ./Drivers/STM32F4xx_HAL_Driver/Src/stm32f4xx_hal_spi.o
                0x000000000800b860                HAL_SPI_TransmitReceive
 .text.HAL_SPI_GetState
                0x000000000800bba4       0x1c ./Drivers/STM32F4xx_HAL_Driver/Src/stm32f4xx_hal_spi.o
                0x000000000800bba4                HAL_SPI_GetState
 .text.SPI_WaitFlagStateUntilTimeout
                0x000000000800bbc0      0x110 ./Drivers/STM32F4xx_HAL_Driver/Src/stm32f4xx_hal_spi.o
 .text.SPI_EndRxTxTransaction
                0x000000000800bcd0       0x84 ./Drivers/STM32F4xx_HAL_Driver/Src/stm32f4xx_hal_spi.o
 .text.HAL_UART_Init
                0x000000000800bd54       0x9a ./Drivers/STM32F4xx_HAL_Driver/Src/stm32f4xx_hal_uart.o
                0x000000000800bd54                HAL_UART_Init
 .text.HAL_UART_DeInit
                0x000000000800bdee       0x5e ./Drivers/STM32F4xx_HAL_Driver/Src/stm32f4xx_hal_uart.o
                0x000000000800bdee                HAL_UART_DeInit
 .text.HAL_UART_Transmit
                0x000000000800be4c      0x124 ./Drivers/STM32F4xx_HAL_Driver/Src/stm32f4xx_hal_uart.o
                0x000000000800be4c                HAL_UART_Transmit
 .text.HAL_UART_Transmit_DMA
                0x000000000800bf70       0xfc ./Drivers/STM32F4xx_HAL_Driver/Src/stm32f4xx_hal_uart.o
                0x000000000800bf70                HAL_UART_Transmit_DMA
 .text.HAL_UART_Receive_DMA
                0x000000000800c06c       0x60 ./Drivers/STM32F4xx_HAL_Driver/Src/stm32f4xx_hal_uart.o
                0x000000000800c06c                HAL_UART_Receive_DMA
 .text.HAL_UART_IRQHandler
                0x000000000800c0cc      0x51c ./Drivers/STM32F4xx_HAL_Driver/Src/stm32f4xx_hal_uart.o
                0x000000000800c0cc                HAL_UART_IRQHandler
 .text.HAL_UART_TxCpltCallback
                0x000000000800c5e8       0x14 ./Drivers/STM32F4xx_HAL_Driver/Src/stm32f4xx_hal_uart.o
                0x000000000800c5e8                HAL_UART_TxCpltCallback
 .text.HAL_UART_TxHalfCpltCallback
                0x000000000800c5fc       0x14 ./Drivers/STM32F4xx_HAL_Driver/Src/stm32f4xx_hal_uart.o
                0x000000000800c5fc                HAL_UART_TxHalfCpltCallback
 .text.HAL_UART_RxHalfCpltCallback
                0x000000000800c610       0x14 ./Drivers/STM32F4xx_HAL_Driver/Src/stm32f4xx_hal_uart.o
                0x000000000800c610                HAL_UART_RxHalfCpltCallback
 .text.HAL_UART_ErrorCallback
                0x000000000800c624       0x14 ./Drivers/STM32F4xx_HAL_Driver/Src/stm32f4xx_hal_uart.o
                0x000000000800c624                HAL_UART_ErrorCallback
 .text.HAL_UARTEx_RxEventCallback
                0x000000000800c638       0x18 ./Drivers/STM32F4xx_HAL_Driver/Src/stm32f4xx_hal_uart.o
                0x000000000800c638                HAL_UARTEx_RxEventCallback
 .text.UART_DMATransmitCplt
                0x000000000800c650       0x9a ./Drivers/STM32F4xx_HAL_Driver/Src/stm32f4xx_hal_uart.o
 .text.UART_DMATxHalfCplt
                0x000000000800c6ea       0x1c ./Drivers/STM32F4xx_HAL_Driver/Src/stm32f4xx_hal_uart.o
 .text.UART_DMAReceiveCplt
                0x000000000800c706      0x126 ./Drivers/STM32F4xx_HAL_Driver/Src/stm32f4xx_hal_uart.o
 .text.UART_DMARxHalfCplt
                0x000000000800c82c       0x36 ./Drivers/STM32F4xx_HAL_Driver/Src/stm32f4xx_hal_uart.o
 .text.UART_DMAError
                0x000000000800c862       0x94 ./Drivers/STM32F4xx_HAL_Driver/Src/stm32f4xx_hal_uart.o
 .text.UART_WaitOnFlagUntilTimeout
                0x000000000800c8f6       0xdc ./Drivers/STM32F4xx_HAL_Driver/Src/stm32f4xx_hal_uart.o
 *fill*         0x000000000800c9d2        0x2 
 .text.UART_Start_Receive_DMA
                0x000000000800c9d4      0x13c ./Drivers/STM32F4xx_HAL_Driver/Src/stm32f4xx_hal_uart.o
                0x000000000800c9d4                UART_Start_Receive_DMA
 .text.UART_EndTxTransfer
                0x000000000800cb10       0x50 ./Drivers/STM32F4xx_HAL_Driver/Src/stm32f4xx_hal_uart.o
 .text.UART_EndRxTransfer
                0x000000000800cb60       0xc6 ./Drivers/STM32F4xx_HAL_Driver/Src/stm32f4xx_hal_uart.o
 .text.UART_DMAAbortOnError
                0x000000000800cc26       0x28 ./Drivers/STM32F4xx_HAL_Driver/Src/stm32f4xx_hal_uart.o
 .text.UART_Transmit_IT
                0x000000000800cc4e       0xa0 ./Drivers/STM32F4xx_HAL_Driver/Src/stm32f4xx_hal_uart.o
 .text.UART_EndTransmit_IT
                0x000000000800ccee       0x30 ./Drivers/STM32F4xx_HAL_Driver/Src/stm32f4xx_hal_uart.o
 .text.UART_Receive_IT
                0x000000000800cd1e      0x176 ./Drivers/STM32F4xx_HAL_Driver/Src/stm32f4xx_hal_uart.o
 .text.UART_SetConfig
                0x000000000800ce94      0x4e8 ./Drivers/STM32F4xx_HAL_Driver/Src/stm32f4xx_hal_uart.o
 .text.MX_FATFS_Init
                0x000000000800d37c       0x24 ./FATFS/App/fatfs.o
                0x000000000800d37c                MX_FATFS_Init
 .text.get_fattime
                0x000000000800d3a0       0x10 ./FATFS/App/fatfs.o
                0x000000000800d3a0                get_fattime
 .text.USER_initialize
                0x000000000800d3b0       0x1e ./FATFS/Target/user_diskio.o
                0x000000000800d3b0                USER_initialize
 .text.USER_status
                0x000000000800d3ce       0x1e ./FATFS/Target/user_diskio.o
                0x000000000800d3ce                USER_status
 .text.USER_read
                0x000000000800d3ec       0x28 ./FATFS/Target/user_diskio.o
                0x000000000800d3ec                USER_read
 .text.USER_write
                0x000000000800d414       0x28 ./FATFS/Target/user_diskio.o
                0x000000000800d414                USER_write
 .text.USER_ioctl
                0x000000000800d43c       0x28 ./FATFS/Target/user_diskio.o
                0x000000000800d43c                USER_ioctl
 .text.disk_status
                0x000000000800d464       0x34 ./Middlewares/Third_Party/FatFs/src/diskio.o
                0x000000000800d464                disk_status
 .text.disk_initialize
                0x000000000800d498       0x4c ./Middlewares/Third_Party/FatFs/src/diskio.o
                0x000000000800d498                disk_initialize
 .text.disk_read
                0x000000000800d4e4       0x40 ./Middlewares/Third_Party/FatFs/src/diskio.o
                0x000000000800d4e4                disk_read
 .text.disk_write
                0x000000000800d524       0x40 ./Middlewares/Third_Party/FatFs/src/diskio.o
                0x000000000800d524                disk_write
 .text.disk_ioctl
                0x000000000800d564       0x3c ./Middlewares/Third_Party/FatFs/src/diskio.o
                0x000000000800d564                disk_ioctl
 .text.ld_word  0x000000000800d5a0       0x30 ./Middlewares/Third_Party/FatFs/src/ff.o
 .text.ld_dword
                0x000000000800d5d0       0x46 ./Middlewares/Third_Party/FatFs/src/ff.o
 .text.st_word  0x000000000800d616       0x36 ./Middlewares/Third_Party/FatFs/src/ff.o
 .text.st_dword
                0x000000000800d64c       0x58 ./Middlewares/Third_Party/FatFs/src/ff.o
 .text.mem_cpy  0x000000000800d6a4       0x42 ./Middlewares/Third_Party/FatFs/src/ff.o
 .text.mem_set  0x000000000800d6e6       0x36 ./Middlewares/Third_Party/FatFs/src/ff.o
 .text.mem_cmp  0x000000000800d71c       0x4e ./Middlewares/Third_Party/FatFs/src/ff.o
 .text.chk_chr  0x000000000800d76a       0x36 ./Middlewares/Third_Party/FatFs/src/ff.o
 .text.chk_lock
                0x000000000800d7a0       0xb8 ./Middlewares/Third_Party/FatFs/src/ff.o
 .text.enq_lock
                0x000000000800d858       0x44 ./Middlewares/Third_Party/FatFs/src/ff.o
 .text.inc_lock
                0x000000000800d89c      0x11c ./Middlewares/Third_Party/FatFs/src/ff.o
 .text.dec_lock
                0x000000000800d9b8       0x78 ./Middlewares/Third_Party/FatFs/src/ff.o
 .text.clear_lock
                0x000000000800da30       0x48 ./Middlewares/Third_Party/FatFs/src/ff.o
 .text.sync_window
                0x000000000800da78       0x88 ./Middlewares/Third_Party/FatFs/src/ff.o
 .text.move_window
                0x000000000800db00       0x5a ./Middlewares/Third_Party/FatFs/src/ff.o
 *fill*         0x000000000800db5a        0x2 
 .text.sync_fs  0x000000000800db5c       0xe0 ./Middlewares/Third_Party/FatFs/src/ff.o
 .text.clust2sect
                0x000000000800dc3c       0x3e ./Middlewares/Third_Party/FatFs/src/ff.o
 .text.get_fat  0x000000000800dc7a      0x1a8 ./Middlewares/Third_Party/FatFs/src/ff.o
 .text.put_fat  0x000000000800de22      0x238 ./Middlewares/Third_Party/FatFs/src/ff.o
 .text.remove_chain
                0x000000000800e05a       0xca ./Middlewares/Third_Party/FatFs/src/ff.o
 .text.create_chain
                0x000000000800e124      0x130 ./Middlewares/Third_Party/FatFs/src/ff.o
 .text.clmt_clust
                0x000000000800e254       0x70 ./Middlewares/Third_Party/FatFs/src/ff.o
 .text.dir_sdi  0x000000000800e2c4      0x112 ./Middlewares/Third_Party/FatFs/src/ff.o
 .text.dir_next
                0x000000000800e3d6      0x1ac ./Middlewares/Third_Party/FatFs/src/ff.o
 .text.dir_alloc
                0x000000000800e582       0x8e ./Middlewares/Third_Party/FatFs/src/ff.o
 .text.ld_clust
                0x000000000800e610       0x3e ./Middlewares/Third_Party/FatFs/src/ff.o
 .text.st_clust
                0x000000000800e64e       0x40 ./Middlewares/Third_Party/FatFs/src/ff.o
 *fill*         0x000000000800e68e        0x2 
 .text.cmp_lfn  0x000000000800e690       0xe0 ./Middlewares/Third_Party/FatFs/src/ff.o
 .text.put_lfn  0x000000000800e770       0xd0 ./Middlewares/Third_Party/FatFs/src/ff.o
 .text.gen_numname
                0x000000000800e840      0x11c ./Middlewares/Third_Party/FatFs/src/ff.o
 .text.sum_sfn  0x000000000800e95c       0x42 ./Middlewares/Third_Party/FatFs/src/ff.o
 .text.dir_find
                0x000000000800e99e      0x180 ./Middlewares/Third_Party/FatFs/src/ff.o
 *fill*         0x000000000800eb1e        0x2 
 .text.dir_register
                0x000000000800eb20      0x1f0 ./Middlewares/Third_Party/FatFs/src/ff.o
 .text.create_name
                0x000000000800ed10      0x370 ./Middlewares/Third_Party/FatFs/src/ff.o
 .text.follow_path
                0x000000000800f080       0xec ./Middlewares/Third_Party/FatFs/src/ff.o
 .text.get_ldnumber
                0x000000000800f16c       0x88 ./Middlewares/Third_Party/FatFs/src/ff.o
 .text.check_fs
                0x000000000800f1f4       0xac ./Middlewares/Third_Party/FatFs/src/ff.o
 .text.find_volume
                0x000000000800f2a0      0x50c ./Middlewares/Third_Party/FatFs/src/ff.o
 .text.validate
                0x000000000800f7ac       0x6a ./Middlewares/Third_Party/FatFs/src/ff.o
 *fill*         0x000000000800f816        0x2 
 .text.f_mount  0x000000000800f818       0x8c ./Middlewares/Third_Party/FatFs/src/ff.o
                0x000000000800f818                f_mount
 .text.f_open   0x000000000800f8a4      0x398 ./Middlewares/Third_Party/FatFs/src/ff.o
                0x000000000800f8a4                f_open
 .text.f_write  0x000000000800fc3c      0x328 ./Middlewares/Third_Party/FatFs/src/ff.o
                0x000000000800fc3c                f_write
 .text.f_sync   0x000000000800ff64       0xfc ./Middlewares/Third_Party/FatFs/src/ff.o
                0x000000000800ff64                f_sync
 .text.f_close  0x0000000008010060       0x54 ./Middlewares/Third_Party/FatFs/src/ff.o
                0x0000000008010060                f_close
 .text.f_getfree
                0x00000000080100b4      0x16a ./Middlewares/Third_Party/FatFs/src/ff.o
                0x00000000080100b4                f_getfree
 .text.putc_bfd
                0x000000000801021e       0x7a ./Middlewares/Third_Party/FatFs/src/ff.o
 .text.putc_flush
                0x0000000008010298       0x4a ./Middlewares/Third_Party/FatFs/src/ff.o
 .text.putc_init
                0x00000000080102e2       0x2a ./Middlewares/Third_Party/FatFs/src/ff.o
 .text.f_printf
                0x000000000801030c      0x43c ./Middlewares/Third_Party/FatFs/src/ff.o
                0x000000000801030c                f_printf
 .text.FATFS_LinkDriverEx
                0x0000000008010748       0x98 ./Middlewares/Third_Party/FatFs/src/ff_gen_drv.o
                0x0000000008010748                FATFS_LinkDriverEx
 .text.FATFS_LinkDriver
                0x00000000080107e0       0x1e ./Middlewares/Third_Party/FatFs/src/ff_gen_drv.o
                0x00000000080107e0                FATFS_LinkDriver
 *fill*         0x00000000080107fe        0x2 
 .text.ff_convert
                0x0000000008010800       0x78 ./Middlewares/Third_Party/FatFs/src/option/ccsbcs.o
                0x0000000008010800                ff_convert
 .text.ff_wtoupper
                0x0000000008010878      0x114 ./Middlewares/Third_Party/FatFs/src/option/ccsbcs.o
                0x0000000008010878                ff_wtoupper
 .text.__errno  0x000000000801098c        0xc c:/st/stm32cubeide_1.7.0/stm32cubeide/plugins/com.st.stm32cube.ide.mcu.externaltools.gnu-tools-for-stm32.10.3-2021.10.win32_1.0.0.202111181127/tools/bin/../lib/gcc/arm-none-eabi/10.3.1/../../../../arm-none-eabi/lib/thumb/v7e-m+fp/hard\libc_nano.a(lib_a-errno.o)
                0x000000000801098c                __errno
 .text.__libc_init_array
                0x0000000008010998       0x48 c:/st/stm32cubeide_1.7.0/stm32cubeide/plugins/com.st.stm32cube.ide.mcu.externaltools.gnu-tools-for-stm32.10.3-2021.10.win32_1.0.0.202111181127/tools/bin/../lib/gcc/arm-none-eabi/10.3.1/../../../../arm-none-eabi/lib/thumb/v7e-m+fp/hard\libc_nano.a(lib_a-init.o)
                0x0000000008010998                __libc_init_array
 .text.memset   0x00000000080109e0       0x10 c:/st/stm32cubeide_1.7.0/stm32cubeide/plugins/com.st.stm32cube.ide.mcu.externaltools.gnu-tools-for-stm32.10.3-2021.10.win32_1.0.0.202111181127/tools/bin/../lib/gcc/arm-none-eabi/10.3.1/../../../../arm-none-eabi/lib/thumb/v7e-m+fp/hard\libc_nano.a(lib_a-memset.o)
                0x00000000080109e0                memset
 .text.__cvt    0x00000000080109f0       0xc4 c:/st/stm32cubeide_1.7.0/stm32cubeide/plugins/com.st.stm32cube.ide.mcu.externaltools.gnu-tools-for-stm32.10.3-2021.10.win32_1.0.0.202111181127/tools/bin/../lib/gcc/arm-none-eabi/10.3.1/../../../../arm-none-eabi/lib/thumb/v7e-m+fp/hard\libc_nano.a(lib_a-nano-vfprintf_float.o)
                0x00000000080109f0                __cvt
 .text.__exponent
                0x0000000008010ab4       0x7c c:/st/stm32cubeide_1.7.0/stm32cubeide/plugins/com.st.stm32cube.ide.mcu.externaltools.gnu-tools-for-stm32.10.3-2021.10.win32_1.0.0.202111181127/tools/bin/../lib/gcc/arm-none-eabi/10.3.1/../../../../arm-none-eabi/lib/thumb/v7e-m+fp/hard\libc_nano.a(lib_a-nano-vfprintf_float.o)
                0x0000000008010ab4                __exponent
 .text._printf_float
                0x0000000008010b30      0x46c c:/st/stm32cubeide_1.7.0/stm32cubeide/plugins/com.st.stm32cube.ide.mcu.externaltools.gnu-tools-for-stm32.10.3-2021.10.win32_1.0.0.202111181127/tools/bin/../lib/gcc/arm-none-eabi/10.3.1/../../../../arm-none-eabi/lib/thumb/v7e-m+fp/hard\libc_nano.a(lib_a-nano-vfprintf_float.o)
                0x0000000008010b30                _printf_float
 .text._printf_common
                0x0000000008010f9c       0xda c:/st/stm32cubeide_1.7.0/stm32cubeide/plugins/com.st.stm32cube.ide.mcu.externaltools.gnu-tools-for-stm32.10.3-2021.10.win32_1.0.0.202111181127/tools/bin/../lib/gcc/arm-none-eabi/10.3.1/../../../../arm-none-eabi/lib/thumb/v7e-m+fp/hard\libc_nano.a(lib_a-nano-vfprintf_i.o)
                0x0000000008010f9c                _printf_common
 *fill*         0x0000000008011076        0x2 
 .text._printf_i
                0x0000000008011078      0x24c c:/st/stm32cubeide_1.7.0/stm32cubeide/plugins/com.st.stm32cube.ide.mcu.externaltools.gnu-tools-for-stm32.10.3-2021.10.win32_1.0.0.202111181127/tools/bin/../lib/gcc/arm-none-eabi/10.3.1/../../../../arm-none-eabi/lib/thumb/v7e-m+fp/hard\libc_nano.a(lib_a-nano-vfprintf_i.o)
                0x0000000008011078                _printf_i
 .text._scanf_float
                0x00000000080112c4      0x420 c:/st/stm32cubeide_1.7.0/stm32cubeide/plugins/com.st.stm32cube.ide.mcu.externaltools.gnu-tools-for-stm32.10.3-2021.10.win32_1.0.0.202111181127/tools/bin/../lib/gcc/arm-none-eabi/10.3.1/../../../../arm-none-eabi/lib/thumb/v7e-m+fp/hard\libc_nano.a(lib_a-nano-vfscanf_float.o)
                0x00000000080112c4                _scanf_float
 .text.nanf     0x00000000080116e4        0xc c:/st/stm32cubeide_1.7.0/stm32cubeide/plugins/com.st.stm32cube.ide.mcu.externaltools.gnu-tools-for-stm32.10.3-2021.10.win32_1.0.0.202111181127/tools/bin/../lib/gcc/arm-none-eabi/10.3.1/../../../../arm-none-eabi/lib/thumb/v7e-m+fp/hard\libc_nano.a(lib_a-sf_nan.o)
                0x00000000080116e4                nanf
 .text.sprintf  0x00000000080116f0       0x40 c:/st/stm32cubeide_1.7.0/stm32cubeide/plugins/com.st.stm32cube.ide.mcu.externaltools.gnu-tools-for-stm32.10.3-2021.10.win32_1.0.0.202111181127/tools/bin/../lib/gcc/arm-none-eabi/10.3.1/../../../../arm-none-eabi/lib/thumb/v7e-m+fp/hard\libc_nano.a(lib_a-sprintf.o)
                0x00000000080116f0                siprintf
                0x00000000080116f0                sprintf
 .text.sscanf   0x0000000008011730       0x58 c:/st/stm32cubeide_1.7.0/stm32cubeide/plugins/com.st.stm32cube.ide.mcu.externaltools.gnu-tools-for-stm32.10.3-2021.10.win32_1.0.0.202111181127/tools/bin/../lib/gcc/arm-none-eabi/10.3.1/../../../../arm-none-eabi/lib/thumb/v7e-m+fp/hard\libc_nano.a(lib_a-sscanf.o)
                0x0000000008011730                siscanf
                0x0000000008011730                sscanf
 .text.__sread  0x0000000008011788       0x22 c:/st/stm32cubeide_1.7.0/stm32cubeide/plugins/com.st.stm32cube.ide.mcu.externaltools.gnu-tools-for-stm32.10.3-2021.10.win32_1.0.0.202111181127/tools/bin/../lib/gcc/arm-none-eabi/10.3.1/../../../../arm-none-eabi/lib/thumb/v7e-m+fp/hard\libc_nano.a(lib_a-stdio.o)
                0x0000000008011788                __sread
 .text.__seofread
                0x00000000080117aa        0x4 c:/st/stm32cubeide_1.7.0/stm32cubeide/plugins/com.st.stm32cube.ide.mcu.externaltools.gnu-tools-for-stm32.10.3-2021.10.win32_1.0.0.202111181127/tools/bin/../lib/gcc/arm-none-eabi/10.3.1/../../../../arm-none-eabi/lib/thumb/v7e-m+fp/hard\libc_nano.a(lib_a-stdio.o)
                0x00000000080117aa                __seofread
 .text.__swrite
                0x00000000080117ae       0x38 c:/st/stm32cubeide_1.7.0/stm32cubeide/plugins/com.st.stm32cube.ide.mcu.externaltools.gnu-tools-for-stm32.10.3-2021.10.win32_1.0.0.202111181127/tools/bin/../lib/gcc/arm-none-eabi/10.3.1/../../../../arm-none-eabi/lib/thumb/v7e-m+fp/hard\libc_nano.a(lib_a-stdio.o)
                0x00000000080117ae                __swrite
 .text.__sseek  0x00000000080117e6       0x24 c:/st/stm32cubeide_1.7.0/stm32cubeide/plugins/com.st.stm32cube.ide.mcu.externaltools.gnu-tools-for-stm32.10.3-2021.10.win32_1.0.0.202111181127/tools/bin/../lib/gcc/arm-none-eabi/10.3.1/../../../../arm-none-eabi/lib/thumb/v7e-m+fp/hard\libc_nano.a(lib_a-stdio.o)
                0x00000000080117e6                __sseek
 .text.__sclose
                0x000000000801180a        0x8 c:/st/stm32cubeide_1.7.0/stm32cubeide/plugins/com.st.stm32cube.ide.mcu.externaltools.gnu-tools-for-stm32.10.3-2021.10.win32_1.0.0.202111181127/tools/bin/../lib/gcc/arm-none-eabi/10.3.1/../../../../arm-none-eabi/lib/thumb/v7e-m+fp/hard\libc_nano.a(lib_a-stdio.o)
                0x000000000801180a                __sclose
 .text.strcpy   0x0000000008011812       0x10 c:/st/stm32cubeide_1.7.0/stm32cubeide/plugins/com.st.stm32cube.ide.mcu.externaltools.gnu-tools-for-stm32.10.3-2021.10.win32_1.0.0.202111181127/tools/bin/../lib/gcc/arm-none-eabi/10.3.1/../../../../arm-none-eabi/lib/thumb/v7e-m+fp/hard\libc_nano.a(lib_a-strcpy.o)
                0x0000000008011812                strcpy
 .text.strstr   0x0000000008011822       0x2c c:/st/stm32cubeide_1.7.0/stm32cubeide/plugins/com.st.stm32cube.ide.mcu.externaltools.gnu-tools-for-stm32.10.3-2021.10.win32_1.0.0.202111181127/tools/bin/../lib/gcc/arm-none-eabi/10.3.1/../../../../arm-none-eabi/lib/thumb/v7e-m+fp/hard\libc_nano.a(lib_a-strstr.o)
                0x0000000008011822                strstr
 .text.sulp     0x000000000801184e       0x38 c:/st/stm32cubeide_1.7.0/stm32cubeide/plugins/com.st.stm32cube.ide.mcu.externaltools.gnu-tools-for-stm32.10.3-2021.10.win32_1.0.0.202111181127/tools/bin/../lib/gcc/arm-none-eabi/10.3.1/../../../../arm-none-eabi/lib/thumb/v7e-m+fp/hard\libc_nano.a(lib_a-strtod.o)
 *fill*         0x0000000008011886        0x2 
 .text._strtod_l
                0x0000000008011888      0xc0c c:/st/stm32cubeide_1.7.0/stm32cubeide/plugins/com.st.stm32cube.ide.mcu.externaltools.gnu-tools-for-stm32.10.3-2021.10.win32_1.0.0.202111181127/tools/bin/../lib/gcc/arm-none-eabi/10.3.1/../../../../arm-none-eabi/lib/thumb/v7e-m+fp/hard\libc_nano.a(lib_a-strtod.o)
                0x0000000008011888                _strtod_l
 .text._strtod_r
                0x0000000008012494        0xc c:/st/stm32cubeide_1.7.0/stm32cubeide/plugins/com.st.stm32cube.ide.mcu.externaltools.gnu-tools-for-stm32.10.3-2021.10.win32_1.0.0.202111181127/tools/bin/../lib/gcc/arm-none-eabi/10.3.1/../../../../arm-none-eabi/lib/thumb/v7e-m+fp/hard\libc_nano.a(lib_a-strtod.o)
                0x0000000008012494                _strtod_r
 .text._strtol_l.constprop.0
                0x00000000080124a0      0x104 c:/st/stm32cubeide_1.7.0/stm32cubeide/plugins/com.st.stm32cube.ide.mcu.externaltools.gnu-tools-for-stm32.10.3-2021.10.win32_1.0.0.202111181127/tools/bin/../lib/gcc/arm-none-eabi/10.3.1/../../../../arm-none-eabi/lib/thumb/v7e-m+fp/hard\libc_nano.a(lib_a-strtol.o)
 .text._strtol_r
                0x00000000080125a4        0x4 c:/st/stm32cubeide_1.7.0/stm32cubeide/plugins/com.st.stm32cube.ide.mcu.externaltools.gnu-tools-for-stm32.10.3-2021.10.win32_1.0.0.202111181127/tools/bin/../lib/gcc/arm-none-eabi/10.3.1/../../../../arm-none-eabi/lib/thumb/v7e-m+fp/hard\libc_nano.a(lib_a-strtol.o)
                0x00000000080125a4                _strtol_r
 .text._write_r
                0x00000000080125a8       0x24 c:/st/stm32cubeide_1.7.0/stm32cubeide/plugins/com.st.stm32cube.ide.mcu.externaltools.gnu-tools-for-stm32.10.3-2021.10.win32_1.0.0.202111181127/tools/bin/../lib/gcc/arm-none-eabi/10.3.1/../../../../arm-none-eabi/lib/thumb/v7e-m+fp/hard\libc_nano.a(lib_a-writer.o)
                0x00000000080125a8                _write_r
 .text._close_r
                0x00000000080125cc       0x20 c:/st/stm32cubeide_1.7.0/stm32cubeide/plugins/com.st.stm32cube.ide.mcu.externaltools.gnu-tools-for-stm32.10.3-2021.10.win32_1.0.0.202111181127/tools/bin/../lib/gcc/arm-none-eabi/10.3.1/../../../../arm-none-eabi/lib/thumb/v7e-m+fp/hard\libc_nano.a(lib_a-closer.o)
                0x00000000080125cc                _close_r
 .text.quorem   0x00000000080125ec      0x116 c:/st/stm32cubeide_1.7.0/stm32cubeide/plugins/com.st.stm32cube.ide.mcu.externaltools.gnu-tools-for-stm32.10.3-2021.10.win32_1.0.0.202111181127/tools/bin/../lib/gcc/arm-none-eabi/10.3.1/../../../../arm-none-eabi/lib/thumb/v7e-m+fp/hard\libc_nano.a(lib_a-dtoa.o)
 *fill*         0x0000000008012702        0x6 
 .text._dtoa_r  0x0000000008012708      0xbdc c:/st/stm32cubeide_1.7.0/stm32cubeide/plugins/com.st.stm32cube.ide.mcu.externaltools.gnu-tools-for-stm32.10.3-2021.10.win32_1.0.0.202111181127/tools/bin/../lib/gcc/arm-none-eabi/10.3.1/../../../../arm-none-eabi/lib/thumb/v7e-m+fp/hard\libc_nano.a(lib_a-dtoa.o)
                0x0000000008012708                _dtoa_r
 .text.rshift   0x00000000080132e4       0xa4 c:/st/stm32cubeide_1.7.0/stm32cubeide/plugins/com.st.stm32cube.ide.mcu.externaltools.gnu-tools-for-stm32.10.3-2021.10.win32_1.0.0.202111181127/tools/bin/../lib/gcc/arm-none-eabi/10.3.1/../../../../arm-none-eabi/lib/thumb/v7e-m+fp/hard\libc_nano.a(lib_a-gdtoa-gethex.o)
 .text.__hexdig_fun
                0x0000000008013388       0x2a c:/st/stm32cubeide_1.7.0/stm32cubeide/plugins/com.st.stm32cube.ide.mcu.externaltools.gnu-tools-for-stm32.10.3-2021.10.win32_1.0.0.202111181127/tools/bin/../lib/gcc/arm-none-eabi/10.3.1/../../../../arm-none-eabi/lib/thumb/v7e-m+fp/hard\libc_nano.a(lib_a-gdtoa-gethex.o)
                0x0000000008013388                __hexdig_fun
 *fill*         0x00000000080133b2        0x2 
 .text.__gethex
                0x00000000080133b4      0x48c c:/st/stm32cubeide_1.7.0/stm32cubeide/plugins/com.st.stm32cube.ide.mcu.externaltools.gnu-tools-for-stm32.10.3-2021.10.win32_1.0.0.202111181127/tools/bin/../lib/gcc/arm-none-eabi/10.3.1/../../../../arm-none-eabi/lib/thumb/v7e-m+fp/hard\libc_nano.a(lib_a-gdtoa-gethex.o)
                0x00000000080133b4                __gethex
 .text.L_shift  0x0000000008013840       0x24 c:/st/stm32cubeide_1.7.0/stm32cubeide/plugins/com.st.stm32cube.ide.mcu.externaltools.gnu-tools-for-stm32.10.3-2021.10.win32_1.0.0.202111181127/tools/bin/../lib/gcc/arm-none-eabi/10.3.1/../../../../arm-none-eabi/lib/thumb/v7e-m+fp/hard\libc_nano.a(lib_a-gdtoa-hexnan.o)
 .text.__match  0x0000000008013864       0x28 c:/st/stm32cubeide_1.7.0/stm32cubeide/plugins/com.st.stm32cube.ide.mcu.externaltools.gnu-tools-for-stm32.10.3-2021.10.win32_1.0.0.202111181127/tools/bin/../lib/gcc/arm-none-eabi/10.3.1/../../../../arm-none-eabi/lib/thumb/v7e-m+fp/hard\libc_nano.a(lib_a-gdtoa-hexnan.o)
                0x0000000008013864                __match
 .text.__hexnan
                0x000000000801388c      0x138 c:/st/stm32cubeide_1.7.0/stm32cubeide/plugins/com.st.stm32cube.ide.mcu.externaltools.gnu-tools-for-stm32.10.3-2021.10.win32_1.0.0.202111181127/tools/bin/../lib/gcc/arm-none-eabi/10.3.1/../../../../arm-none-eabi/lib/thumb/v7e-m+fp/hard\libc_nano.a(lib_a-gdtoa-hexnan.o)
                0x000000000801388c                __hexnan
 .text._localeconv_r
                0x00000000080139c4        0x8 c:/st/stm32cubeide_1.7.0/stm32cubeide/plugins/com.st.stm32cube.ide.mcu.externaltools.gnu-tools-for-stm32.10.3-2021.10.win32_1.0.0.202111181127/tools/bin/../lib/gcc/arm-none-eabi/10.3.1/../../../../arm-none-eabi/lib/thumb/v7e-m+fp/hard\libc_nano.a(lib_a-localeconv.o)
                0x00000000080139c4                _localeconv_r
 .text._lseek_r
                0x00000000080139cc       0x24 c:/st/stm32cubeide_1.7.0/stm32cubeide/plugins/com.st.stm32cube.ide.mcu.externaltools.gnu-tools-for-stm32.10.3-2021.10.win32_1.0.0.202111181127/tools/bin/../lib/gcc/arm-none-eabi/10.3.1/../../../../arm-none-eabi/lib/thumb/v7e-m+fp/hard\libc_nano.a(lib_a-lseekr.o)
                0x00000000080139cc                _lseek_r
 .text.malloc   0x00000000080139f0       0x10 c:/st/stm32cubeide_1.7.0/stm32cubeide/plugins/com.st.stm32cube.ide.mcu.externaltools.gnu-tools-for-stm32.10.3-2021.10.win32_1.0.0.202111181127/tools/bin/../lib/gcc/arm-none-eabi/10.3.1/../../../../arm-none-eabi/lib/thumb/v7e-m+fp/hard\libc_nano.a(lib_a-malloc.o)
                0x00000000080139f0                malloc
 .text.__ascii_mbtowc
                0x0000000008013a00       0x24 c:/st/stm32cubeide_1.7.0/stm32cubeide/plugins/com.st.stm32cube.ide.mcu.externaltools.gnu-tools-for-stm32.10.3-2021.10.win32_1.0.0.202111181127/tools/bin/../lib/gcc/arm-none-eabi/10.3.1/../../../../arm-none-eabi/lib/thumb/v7e-m+fp/hard\libc_nano.a(lib_a-mbtowc_r.o)
                0x0000000008013a00                __ascii_mbtowc
 .text.memcpy   0x0000000008013a24       0x1c c:/st/stm32cubeide_1.7.0/stm32cubeide/plugins/com.st.stm32cube.ide.mcu.externaltools.gnu-tools-for-stm32.10.3-2021.10.win32_1.0.0.202111181127/tools/bin/../lib/gcc/arm-none-eabi/10.3.1/../../../../arm-none-eabi/lib/thumb/v7e-m+fp/hard\libc_nano.a(lib_a-memcpy-stub.o)
                0x0000000008013a24                memcpy
 .text._Balloc  0x0000000008013a40       0x80 c:/st/stm32cubeide_1.7.0/stm32cubeide/plugins/com.st.stm32cube.ide.mcu.externaltools.gnu-tools-for-stm32.10.3-2021.10.win32_1.0.0.202111181127/tools/bin/../lib/gcc/arm-none-eabi/10.3.1/../../../../arm-none-eabi/lib/thumb/v7e-m+fp/hard\libc_nano.a(lib_a-mprec.o)
                0x0000000008013a40                _Balloc
 .text._Bfree   0x0000000008013ac0       0x44 c:/st/stm32cubeide_1.7.0/stm32cubeide/plugins/com.st.stm32cube.ide.mcu.externaltools.gnu-tools-for-stm32.10.3-2021.10.win32_1.0.0.202111181127/tools/bin/../lib/gcc/arm-none-eabi/10.3.1/../../../../arm-none-eabi/lib/thumb/v7e-m+fp/hard\libc_nano.a(lib_a-mprec.o)
                0x0000000008013ac0                _Bfree
 .text.__multadd
                0x0000000008013b04       0x8c c:/st/stm32cubeide_1.7.0/stm32cubeide/plugins/com.st.stm32cube.ide.mcu.externaltools.gnu-tools-for-stm32.10.3-2021.10.win32_1.0.0.202111181127/tools/bin/../lib/gcc/arm-none-eabi/10.3.1/../../../../arm-none-eabi/lib/thumb/v7e-m+fp/hard\libc_nano.a(lib_a-mprec.o)
                0x0000000008013b04                __multadd
 .text.__s2b    0x0000000008013b90       0x94 c:/st/stm32cubeide_1.7.0/stm32cubeide/plugins/com.st.stm32cube.ide.mcu.externaltools.gnu-tools-for-stm32.10.3-2021.10.win32_1.0.0.202111181127/tools/bin/../lib/gcc/arm-none-eabi/10.3.1/../../../../arm-none-eabi/lib/thumb/v7e-m+fp/hard\libc_nano.a(lib_a-mprec.o)
                0x0000000008013b90                __s2b
 .text.__hi0bits
                0x0000000008013c24       0x40 c:/st/stm32cubeide_1.7.0/stm32cubeide/plugins/com.st.stm32cube.ide.mcu.externaltools.gnu-tools-for-stm32.10.3-2021.10.win32_1.0.0.202111181127/tools/bin/../lib/gcc/arm-none-eabi/10.3.1/../../../../arm-none-eabi/lib/thumb/v7e-m+fp/hard\libc_nano.a(lib_a-mprec.o)
                0x0000000008013c24                __hi0bits
 .text.__lo0bits
                0x0000000008013c64       0x5e c:/st/stm32cubeide_1.7.0/stm32cubeide/plugins/com.st.stm32cube.ide.mcu.externaltools.gnu-tools-for-stm32.10.3-2021.10.win32_1.0.0.202111181127/tools/bin/../lib/gcc/arm-none-eabi/10.3.1/../../../../arm-none-eabi/lib/thumb/v7e-m+fp/hard\libc_nano.a(lib_a-mprec.o)
                0x0000000008013c64                __lo0bits
 *fill*         0x0000000008013cc2        0x2 
 .text.__i2b    0x0000000008013cc4       0x2c c:/st/stm32cubeide_1.7.0/stm32cubeide/plugins/com.st.stm32cube.ide.mcu.externaltools.gnu-tools-for-stm32.10.3-2021.10.win32_1.0.0.202111181127/tools/bin/../lib/gcc/arm-none-eabi/10.3.1/../../../../arm-none-eabi/lib/thumb/v7e-m+fp/hard\libc_nano.a(lib_a-mprec.o)
                0x0000000008013cc4                __i2b
 .text.__multiply
                0x0000000008013cf0      0x154 c:/st/stm32cubeide_1.7.0/stm32cubeide/plugins/com.st.stm32cube.ide.mcu.externaltools.gnu-tools-for-stm32.10.3-2021.10.win32_1.0.0.202111181127/tools/bin/../lib/gcc/arm-none-eabi/10.3.1/../../../../arm-none-eabi/lib/thumb/v7e-m+fp/hard\libc_nano.a(lib_a-mprec.o)
                0x0000000008013cf0                __multiply
 .text.__pow5mult
                0x0000000008013e44       0xb4 c:/st/stm32cubeide_1.7.0/stm32cubeide/plugins/com.st.stm32cube.ide.mcu.externaltools.gnu-tools-for-stm32.10.3-2021.10.win32_1.0.0.202111181127/tools/bin/../lib/gcc/arm-none-eabi/10.3.1/../../../../arm-none-eabi/lib/thumb/v7e-m+fp/hard\libc_nano.a(lib_a-mprec.o)
                0x0000000008013e44                __pow5mult
 .text.__lshift
                0x0000000008013ef8       0xe0 c:/st/stm32cubeide_1.7.0/stm32cubeide/plugins/com.st.stm32cube.ide.mcu.externaltools.gnu-tools-for-stm32.10.3-2021.10.win32_1.0.0.202111181127/tools/bin/../lib/gcc/arm-none-eabi/10.3.1/../../../../arm-none-eabi/lib/thumb/v7e-m+fp/hard\libc_nano.a(lib_a-mprec.o)
                0x0000000008013ef8                __lshift
 .text.__mcmp   0x0000000008013fd8       0x38 c:/st/stm32cubeide_1.7.0/stm32cubeide/plugins/com.st.stm32cube.ide.mcu.externaltools.gnu-tools-for-stm32.10.3-2021.10.win32_1.0.0.202111181127/tools/bin/../lib/gcc/arm-none-eabi/10.3.1/../../../../arm-none-eabi/lib/thumb/v7e-m+fp/hard\libc_nano.a(lib_a-mprec.o)
                0x0000000008013fd8                __mcmp
 .text.__mdiff  0x0000000008014010      0x114 c:/st/stm32cubeide_1.7.0/stm32cubeide/plugins/com.st.stm32cube.ide.mcu.externaltools.gnu-tools-for-stm32.10.3-2021.10.win32_1.0.0.202111181127/tools/bin/../lib/gcc/arm-none-eabi/10.3.1/../../../../arm-none-eabi/lib/thumb/v7e-m+fp/hard\libc_nano.a(lib_a-mprec.o)
                0x0000000008014010                __mdiff
 .text.__ulp    0x0000000008014124       0x58 c:/st/stm32cubeide_1.7.0/stm32cubeide/plugins/com.st.stm32cube.ide.mcu.externaltools.gnu-tools-for-stm32.10.3-2021.10.win32_1.0.0.202111181127/tools/bin/../lib/gcc/arm-none-eabi/10.3.1/../../../../arm-none-eabi/lib/thumb/v7e-m+fp/hard\libc_nano.a(lib_a-mprec.o)
                0x0000000008014124                __ulp
 .text.__b2d    0x000000000801417c       0xa0 c:/st/stm32cubeide_1.7.0/stm32cubeide/plugins/com.st.stm32cube.ide.mcu.externaltools.gnu-tools-for-stm32.10.3-2021.10.win32_1.0.0.202111181127/tools/bin/../lib/gcc/arm-none-eabi/10.3.1/../../../../arm-none-eabi/lib/thumb/v7e-m+fp/hard\libc_nano.a(lib_a-mprec.o)
                0x000000000801417c                __b2d
 .text.__d2b    0x000000000801421c       0xb8 c:/st/stm32cubeide_1.7.0/stm32cubeide/plugins/com.st.stm32cube.ide.mcu.externaltools.gnu-tools-for-stm32.10.3-2021.10.win32_1.0.0.202111181127/tools/bin/../lib/gcc/arm-none-eabi/10.3.1/../../../../arm-none-eabi/lib/thumb/v7e-m+fp/hard\libc_nano.a(lib_a-mprec.o)
                0x000000000801421c                __d2b
 .text.__ratio  0x00000000080142d4       0x66 c:/st/stm32cubeide_1.7.0/stm32cubeide/plugins/com.st.stm32cube.ide.mcu.externaltools.gnu-tools-for-stm32.10.3-2021.10.win32_1.0.0.202111181127/tools/bin/../lib/gcc/arm-none-eabi/10.3.1/../../../../arm-none-eabi/lib/thumb/v7e-m+fp/hard\libc_nano.a(lib_a-mprec.o)
                0x00000000080142d4                __ratio
 .text.__copybits
                0x000000000801433a       0x46 c:/st/stm32cubeide_1.7.0/stm32cubeide/plugins/com.st.stm32cube.ide.mcu.externaltools.gnu-tools-for-stm32.10.3-2021.10.win32_1.0.0.202111181127/tools/bin/../lib/gcc/arm-none-eabi/10.3.1/../../../../arm-none-eabi/lib/thumb/v7e-m+fp/hard\libc_nano.a(lib_a-mprec.o)
                0x000000000801433a                __copybits
 .text.__any_on
                0x0000000008014380       0x42 c:/st/stm32cubeide_1.7.0/stm32cubeide/plugins/com.st.stm32cube.ide.mcu.externaltools.gnu-tools-for-stm32.10.3-2021.10.win32_1.0.0.202111181127/tools/bin/../lib/gcc/arm-none-eabi/10.3.1/../../../../arm-none-eabi/lib/thumb/v7e-m+fp/hard\libc_nano.a(lib_a-mprec.o)
                0x0000000008014380                __any_on
 .text._calloc_r
                0x00000000080143c2       0x2c c:/st/stm32cubeide_1.7.0/stm32cubeide/plugins/com.st.stm32cube.ide.mcu.externaltools.gnu-tools-for-stm32.10.3-2021.10.win32_1.0.0.202111181127/tools/bin/../lib/gcc/arm-none-eabi/10.3.1/../../../../arm-none-eabi/lib/thumb/v7e-m+fp/hard\libc_nano.a(lib_a-nano-callocr.o)
                0x00000000080143c2                _calloc_r
 *fill*         0x00000000080143ee        0x2 
 .text._free_r  0x00000000080143f0       0x98 c:/st/stm32cubeide_1.7.0/stm32cubeide/plugins/com.st.stm32cube.ide.mcu.externaltools.gnu-tools-for-stm32.10.3-2021.10.win32_1.0.0.202111181127/tools/bin/../lib/gcc/arm-none-eabi/10.3.1/../../../../arm-none-eabi/lib/thumb/v7e-m+fp/hard\libc_nano.a(lib_a-nano-freer.o)
                0x00000000080143f0                _free_r
 .text.sbrk_aligned
                0x0000000008014488       0x40 c:/st/stm32cubeide_1.7.0/stm32cubeide/plugins/com.st.stm32cube.ide.mcu.externaltools.gnu-tools-for-stm32.10.3-2021.10.win32_1.0.0.202111181127/tools/bin/../lib/gcc/arm-none-eabi/10.3.1/../../../../arm-none-eabi/lib/thumb/v7e-m+fp/hard\libc_nano.a(lib_a-nano-mallocr.o)
 .text._malloc_r
                0x00000000080144c8       0xe8 c:/st/stm32cubeide_1.7.0/stm32cubeide/plugins/com.st.stm32cube.ide.mcu.externaltools.gnu-tools-for-stm32.10.3-2021.10.win32_1.0.0.202111181127/tools/bin/../lib/gcc/arm-none-eabi/10.3.1/../../../../arm-none-eabi/lib/thumb/v7e-m+fp/hard\libc_nano.a(lib_a-nano-mallocr.o)
                0x00000000080144c8                _malloc_r
 .text.__ssputs_r
                0x00000000080145b0       0xb6 c:/st/stm32cubeide_1.7.0/stm32cubeide/plugins/com.st.stm32cube.ide.mcu.externaltools.gnu-tools-for-stm32.10.3-2021.10.win32_1.0.0.202111181127/tools/bin/../lib/gcc/arm-none-eabi/10.3.1/../../../../arm-none-eabi/lib/thumb/v7e-m+fp/hard\libc_nano.a(lib_a-nano-svfprintf.o)
                0x00000000080145b0                __ssputs_r
 *fill*         0x0000000008014666        0x2 
 .text._svfprintf_r
                0x0000000008014668      0x200 c:/st/stm32cubeide_1.7.0/stm32cubeide/plugins/com.st.stm32cube.ide.mcu.externaltools.gnu-tools-for-stm32.10.3-2021.10.win32_1.0.0.202111181127/tools/bin/../lib/gcc/arm-none-eabi/10.3.1/../../../../arm-none-eabi/lib/thumb/v7e-m+fp/hard\libc_nano.a(lib_a-nano-svfprintf.o)
                0x0000000008014668                _svfiprintf_r
                0x0000000008014668                _svfprintf_r
 .text._sungetc_r
                0x0000000008014868       0x7a c:/st/stm32cubeide_1.7.0/stm32cubeide/plugins/com.st.stm32cube.ide.mcu.externaltools.gnu-tools-for-stm32.10.3-2021.10.win32_1.0.0.202111181127/tools/bin/../lib/gcc/arm-none-eabi/10.3.1/../../../../arm-none-eabi/lib/thumb/v7e-m+fp/hard\libc_nano.a(lib_a-nano-svfscanf.o)
                0x0000000008014868                _sungetc_r
 .text.__ssrefill_r
                0x00000000080148e2       0x3a c:/st/stm32cubeide_1.7.0/stm32cubeide/plugins/com.st.stm32cube.ide.mcu.externaltools.gnu-tools-for-stm32.10.3-2021.10.win32_1.0.0.202111181127/tools/bin/../lib/gcc/arm-none-eabi/10.3.1/../../../../arm-none-eabi/lib/thumb/v7e-m+fp/hard\libc_nano.a(lib_a-nano-svfscanf.o)
                0x00000000080148e2                __ssrefill_r
 .text.__ssvfscanf_r
                0x000000000801491c      0x2f0 c:/st/stm32cubeide_1.7.0/stm32cubeide/plugins/com.st.stm32cube.ide.mcu.externaltools.gnu-tools-for-stm32.10.3-2021.10.win32_1.0.0.202111181127/tools/bin/../lib/gcc/arm-none-eabi/10.3.1/../../../../arm-none-eabi/lib/thumb/v7e-m+fp/hard\libc_nano.a(lib_a-nano-svfscanf.o)
                0x000000000801491c                __ssvfiscanf_r
                0x000000000801491c                __ssvfscanf_r
 .text._scanf_chars
                0x0000000008014c0c       0xb4 c:/st/stm32cubeide_1.7.0/stm32cubeide/plugins/com.st.stm32cube.ide.mcu.externaltools.gnu-tools-for-stm32.10.3-2021.10.win32_1.0.0.202111181127/tools/bin/../lib/gcc/arm-none-eabi/10.3.1/../../../../arm-none-eabi/lib/thumb/v7e-m+fp/hard\libc_nano.a(lib_a-nano-vfscanf_i.o)
                0x0000000008014c0c                _scanf_chars
 .text._scanf_i
                0x0000000008014cc0      0x1f0 c:/st/stm32cubeide_1.7.0/stm32cubeide/plugins/com.st.stm32cube.ide.mcu.externaltools.gnu-tools-for-stm32.10.3-2021.10.win32_1.0.0.202111181127/tools/bin/../lib/gcc/arm-none-eabi/10.3.1/../../../../arm-none-eabi/lib/thumb/v7e-m+fp/hard\libc_nano.a(lib_a-nano-vfscanf_i.o)
                0x0000000008014cc0                _scanf_i
 .text._read_r  0x0000000008014eb0       0x24 c:/st/stm32cubeide_1.7.0/stm32cubeide/plugins/com.st.stm32cube.ide.mcu.externaltools.gnu-tools-for-stm32.10.3-2021.10.win32_1.0.0.202111181127/tools/bin/../lib/gcc/arm-none-eabi/10.3.1/../../../../arm-none-eabi/lib/thumb/v7e-m+fp/hard\libc_nano.a(lib_a-readr.o)
                0x0000000008014eb0                _read_r
 *fill*         0x0000000008014ed4        0x4 
 .text.nan      0x0000000008014ed8       0x10 c:/st/stm32cubeide_1.7.0/stm32cubeide/plugins/com.st.stm32cube.ide.mcu.externaltools.gnu-tools-for-stm32.10.3-2021.10.win32_1.0.0.202111181127/tools/bin/../lib/gcc/arm-none-eabi/10.3.1/../../../../arm-none-eabi/lib/thumb/v7e-m+fp/hard\libc_nano.a(lib_a-s_nan.o)
                0x0000000008014ed8                nan
 .text._sbrk_r  0x0000000008014ee8       0x20 c:/st/stm32cubeide_1.7.0/stm32cubeide/plugins/com.st.stm32cube.ide.mcu.externaltools.gnu-tools-for-stm32.10.3-2021.10.win32_1.0.0.202111181127/tools/bin/../lib/gcc/arm-none-eabi/10.3.1/../../../../arm-none-eabi/lib/thumb/v7e-m+fp/hard\libc_nano.a(lib_a-sbrkr.o)
                0x0000000008014ee8                _sbrk_r
 .text.__sccl   0x0000000008014f08       0x70 c:/st/stm32cubeide_1.7.0/stm32cubeide/plugins/com.st.stm32cube.ide.mcu.externaltools.gnu-tools-for-stm32.10.3-2021.10.win32_1.0.0.202111181127/tools/bin/../lib/gcc/arm-none-eabi/10.3.1/../../../../arm-none-eabi/lib/thumb/v7e-m+fp/hard\libc_nano.a(lib_a-sccl.o)
                0x0000000008014f08                __sccl
 .text.strncmp  0x0000000008014f78       0x28 c:/st/stm32cubeide_1.7.0/stm32cubeide/plugins/com.st.stm32cube.ide.mcu.externaltools.gnu-tools-for-stm32.10.3-2021.10.win32_1.0.0.202111181127/tools/bin/../lib/gcc/arm-none-eabi/10.3.1/../../../../arm-none-eabi/lib/thumb/v7e-m+fp/hard\libc_nano.a(lib_a-strncmp.o)
                0x0000000008014f78                strncmp
 .text._strtoul_l.constprop.0
                0x0000000008014fa0       0xe4 c:/st/stm32cubeide_1.7.0/stm32cubeide/plugins/com.st.stm32cube.ide.mcu.externaltools.gnu-tools-for-stm32.10.3-2021.10.win32_1.0.0.202111181127/tools/bin/../lib/gcc/arm-none-eabi/10.3.1/../../../../arm-none-eabi/lib/thumb/v7e-m+fp/hard\libc_nano.a(lib_a-strtoul.o)
 .text._strtoul_r
                0x0000000008015084        0x4 c:/st/stm32cubeide_1.7.0/stm32cubeide/plugins/com.st.stm32cube.ide.mcu.externaltools.gnu-tools-for-stm32.10.3-2021.10.win32_1.0.0.202111181127/tools/bin/../lib/gcc/arm-none-eabi/10.3.1/../../../../arm-none-eabi/lib/thumb/v7e-m+fp/hard\libc_nano.a(lib_a-strtoul.o)
                0x0000000008015084                _strtoul_r
 .text.__submore
                0x0000000008015088       0x74 c:/st/stm32cubeide_1.7.0/stm32cubeide/plugins/com.st.stm32cube.ide.mcu.externaltools.gnu-tools-for-stm32.10.3-2021.10.win32_1.0.0.202111181127/tools/bin/../lib/gcc/arm-none-eabi/10.3.1/../../../../arm-none-eabi/lib/thumb/v7e-m+fp/hard\libc_nano.a(lib_a-ungetc.o)
                0x0000000008015088                __submore
 .text.__ascii_wctomb
                0x00000000080150fc       0x1a c:/st/stm32cubeide_1.7.0/stm32cubeide/plugins/com.st.stm32cube.ide.mcu.externaltools.gnu-tools-for-stm32.10.3-2021.10.win32_1.0.0.202111181127/tools/bin/../lib/gcc/arm-none-eabi/10.3.1/../../../../arm-none-eabi/lib/thumb/v7e-m+fp/hard\libc_nano.a(lib_a-wctomb_r.o)
                0x00000000080150fc                __ascii_wctomb
 *fill*         0x0000000008015116        0x2 
 .text.__assert_func
                0x0000000008015118       0x3c c:/st/stm32cubeide_1.7.0/stm32cubeide/plugins/com.st.stm32cube.ide.mcu.externaltools.gnu-tools-for-stm32.10.3-2021.10.win32_1.0.0.202111181127/tools/bin/../lib/gcc/arm-none-eabi/10.3.1/../../../../arm-none-eabi/lib/thumb/v7e-m+fp/hard\libc_nano.a(lib_a-assert.o)
                0x0000000008015118                __assert_func
 .text.__sflush_r