Archive member included to satisfy reference by file (symbol)

c:/st/stm32cubeide_1.7.0/stm32cubeide/plugins/com.st.stm32cube.ide.mcu.externaltools.gnu-tools-for-stm32.10.3-2021.10.win32_1.0.0.202111181127/tools/bin/../lib/gcc/arm-none-eabi/10.3.1/../../../../arm-none-eabi/lib/thumb/v7e-m+fp/hard\libc_nano.a(lib_a-errno.o)
                              ./Core/Src/syscalls.o (__errno)
c:/st/stm32cubeide_1.7.0/stm32cubeide/plugins/com.st.stm32cube.ide.mcu.externaltools.gnu-tools-for-stm32.10.3-2021.10.win32_1.0.0.202111181127/tools/bin/../lib/gcc/arm-none-eabi/10.3.1/../../../../arm-none-eabi/lib/thumb/v7e-m+fp/hard\libc_nano.a(lib_a-exit.o)
                              c:/st/stm32cubeide_1.7.0/stm32cubeide/plugins/com.st.stm32cube.ide.mcu.externaltools.gnu-tools-for-stm32.10.3-2021.10.win32_1.0.0.202111181127/tools/bin/../lib/gcc/arm-none-eabi/10.3.1/../../../../arm-none-eabi/lib/thumb/v7e-m+fp/hard/crt0.o (exit)
c:/st/stm32cubeide_1.7.0/stm32cubeide/plugins/com.st.stm32cube.ide.mcu.externaltools.gnu-tools-for-stm32.10.3-2021.10.win32_1.0.0.202111181127/tools/bin/../lib/gcc/arm-none-eabi/10.3.1/../../../../arm-none-eabi/lib/thumb/v7e-m+fp/hard\libc_nano.a(lib_a-impure.o)
                              c:/st/stm32cubeide_1.7.0/stm32cubeide/plugins/com.st.stm32cube.ide.mcu.externaltools.gnu-tools-for-stm32.10.3-2021.10.win32_1.0.0.202111181127/tools/bin/../lib/gcc/arm-none-eabi/10.3.1/../../../../arm-none-eabi/lib/thumb/v7e-m+fp/hard\libc_nano.a(lib_a-exit.o) (_global_impure_ptr)
c:/st/stm32cubeide_1.7.0/stm32cubeide/plugins/com.st.stm32cube.ide.mcu.externaltools.gnu-tools-for-stm32.10.3-2021.10.win32_1.0.0.202111181127/tools/bin/../lib/gcc/arm-none-eabi/10.3.1/../../../../arm-none-eabi/lib/thumb/v7e-m+fp/hard\libc_nano.a(lib_a-init.o)
                              c:/st/stm32cubeide_1.7.0/stm32cubeide/plugins/com.st.stm32cube.ide.mcu.externaltools.gnu-tools-for-stm32.10.3-2021.10.win32_1.0.0.202111181127/tools/bin/../lib/gcc/arm-none-eabi/10.3.1/../../../../arm-none-eabi/lib/thumb/v7e-m+fp/hard/crt0.o (__libc_init_array)
c:/st/stm32cubeide_1.7.0/stm32cubeide/plugins/com.st.stm32cube.ide.mcu.externaltools.gnu-tools-for-stm32.10.3-2021.10.win32_1.0.0.202111181127/tools/bin/../lib/gcc/arm-none-eabi/10.3.1/../../../../arm-none-eabi/lib/thumb/v7e-m+fp/hard\libc_nano.a(lib_a-memset.o)
                              c:/st/stm32cubeide_1.7.0/stm32cubeide/plugins/com.st.stm32cube.ide.mcu.externaltools.gnu-tools-for-stm32.10.3-2021.10.win32_1.0.0.202111181127/tools/bin/../lib/gcc/arm-none-eabi/10.3.1/../../../../arm-none-eabi/lib/thumb/v7e-m+fp/hard/crt0.o (memset)
c:/st/stm32cubeide_1.7.0/stm32cubeide/plugins/com.st.stm32cube.ide.mcu.externaltools.gnu-tools-for-stm32.10.3-2021.10.win32_1.0.0.202111181127/tools/bin/../lib/gcc/arm-none-eabi/10.3.1/../../../../arm-none-eabi/lib/thumb/v7e-m+fp/hard\libc_nano.a(lib_a-nano-vfprintf_float.o)
                              (_printf_float)
c:/st/stm32cubeide_1.7.0/stm32cubeide/plugins/com.st.stm32cube.ide.mcu.externaltools.gnu-tools-for-stm32.10.3-2021.10.win32_1.0.0.202111181127/tools/bin/../lib/gcc/arm-none-eabi/10.3.1/../../../../arm-none-eabi/lib/thumb/v7e-m+fp/hard\libc_nano.a(lib_a-nano-vfprintf_i.o)
                              c:/st/stm32cubeide_1.7.0/stm32cubeide/plugins/com.st.stm32cube.ide.mcu.externaltools.gnu-tools-for-stm32.10.3-2021.10.win32_1.0.0.202111181127/tools/bin/../lib/gcc/arm-none-eabi/10.3.1/../../../../arm-none-eabi/lib/thumb/v7e-m+fp/hard\libc_nano.a(lib_a-nano-vfprintf_float.o) (_printf_common)
c:/st/stm32cubeide_1.7.0/stm32cubeide/plugins/com.st.stm32cube.ide.mcu.externaltools.gnu-tools-for-stm32.10.3-2021.10.win32_1.0.0.202111181127/tools/bin/../lib/gcc/arm-none-eabi/10.3.1/../../../../arm-none-eabi/lib/thumb/v7e-m+fp/hard\libc_nano.a(lib_a-nano-vfscanf_float.o)
                              (_scanf_float)
c:/st/stm32cubeide_1.7.0/stm32cubeide/plugins/com.st.stm32cube.ide.mcu.externaltools.gnu-tools-for-stm32.10.3-2021.10.win32_1.0.0.202111181127/tools/bin/../lib/gcc/arm-none-eabi/10.3.1/../../../../arm-none-eabi/lib/thumb/v7e-m+fp/hard\libc_nano.a(lib_a-sf_nan.o)
                              c:/st/stm32cubeide_1.7.0/stm32cubeide/plugins/com.st.stm32cube.ide.mcu.externaltools.gnu-tools-for-stm32.10.3-2021.10.win32_1.0.0.202111181127/tools/bin/../lib/gcc/arm-none-eabi/10.3.1/../../../../arm-none-eabi/lib/thumb/v7e-m+fp/hard\libc_nano.a(lib_a-nano-vfscanf_float.o) (nanf)
c:/st/stm32cubeide_1.7.0/stm32cubeide/plugins/com.st.stm32cube.ide.mcu.externaltools.gnu-tools-for-stm32.10.3-2021.10.win32_1.0.0.202111181127/tools/bin/../lib/gcc/arm-none-eabi/10.3.1/../../../../arm-none-eabi/lib/thumb/v7e-m+fp/hard\libc_nano.a(lib_a-sprintf.o)
                              ./Core/Src/dataPacking.o (sprintf)
[...]
Memory Configuration

Name             Origin             Length             Attributes
RAM              0x0000000020000000 0x0000000000020000 xrw
FLASH            0x0000000008000000 0x0000000000080000 xr
*default*        0x0000000000000000 0xffffffffffffffff

Linker script and memory map

LOAD c:/st/stm32cubeide_1.7.0/stm32cubeide/plugins/com.st.stm32cube.ide.mcu.externaltools.gnu-tools-for-stm32.10.3-2021.10.win32_1.0.0.202111181127/tools/bin/../lib/gcc/arm-none-eabi/10.3.1/thumb/v7e-m+fp/hard/crti.o
LOAD c:/st/stm32cubeide_1.7.0/stm32cubeide/plugins/com.st.stm32cube.ide.mcu.externaltools.gnu-tools-for-stm32.10.3-2021.10.win32_1.0.0.202111181127/tools/bin/../lib/gcc/arm-none-eabi/10.3.1/thumb/v7e-m+fp/hard/crtbegin.o
LOAD c:/st/stm32cubeide_1.7.0/stm32cubeide/plugins/com.st.stm32cube.ide.mcu.externaltools.gnu-tools-for-stm32.10.3-2021.10.win32_1.0.0.202111181127/tools/bin/../lib/gcc/arm-none-eabi/10.3.1/../../../../arm-none-eabi/lib/thumb/v7e-m+fp/hard/crt0.o
LOAD ./Core/Src/algorithms.o
LOAD ./Core/Src/bme280.o
LOAD ./Core/Src/bmi088.o
LOAD ./Core/Src/dataPacking.o
LOAD ./Core/Src/externalPins.o
LOAD ./Core/Src/fatfs_sd.o
LOAD ./Core/Src/lora.o
LOAD ./Core/Src/main.o
LOAD ./Core/Src/queternion.o
LOAD ./Core/Src/reset_detect.o
LOAD ./Core/Src/stm32f4xx_hal_msp.o
LOAD ./Core/Src/stm32f4xx_it.o
LOAD ./Core/Src/strain_gauge.o
LOAD ./Core/Src/syscalls.o
LOAD ./Core/Src/sysmem.o
LOAD ./Core/Src/system_stm32f4xx.o
LOAD ./Core/Src/usr_fat_sd.o
LOAD ./Core/Src/usr_gnss_l86_parser.o
LOAD ./Core/Startup/startup_stm32f446retx.o
LOAD ./Drivers/STM32F4xx_HAL_Driver/Src/stm32f4xx_hal.o
LOAD ./Drivers/STM32F4xx_HAL_Driver/Src/stm32f4xx_hal_adc.o
LOAD ./Drivers/STM32F4xx_HAL_Driver/Src/stm32f4xx_hal_adc_ex.o
LOAD ./Drivers/STM32F4xx_HAL_Driver/Src/stm32f4xx_hal_cortex.o
LOAD ./Drivers/STM32F4xx_HAL_Driver/Src/stm32f4xx_hal_dma.o
LOAD ./Drivers/STM32F4xx_HAL_Driver/Src/stm32f4xx_hal_dma_ex.o
LOAD ./Drivers/STM32F4xx_HAL_Driver/Src/stm32f4xx_hal_exti.o
LOAD ./Drivers/STM32F4xx_HAL_Driver/Src/stm32f4xx_hal_flash.o
LOAD ./Drivers/STM32F4xx_HAL_Driver/Src/stm32f4xx_hal_flash_ex.o
LOAD ./Drivers/STM32F4xx_HAL_Driver/Src/stm32f4xx_hal_flash_ramfunc.o
LOAD ./Drivers/STM32F4xx_HAL_Driver/Src/stm32f4xx_hal_gpio.o
LOAD ./Drivers/STM32F4xx_HAL_Driver/Src/stm32f4xx_hal_i2c.o
LOAD ./Drivers/STM32F4xx_HAL_Driver/Src/stm32f4xx_hal_i2c_ex.o
LOAD ./Drivers/STM32F4xx_HAL_Driver/Src/stm32f4xx_hal_pwr.o
LOAD ./Drivers/STM32F4xx_HAL_Driver/Src/stm32f4xx_hal_pwr_ex.o
LOAD ./Drivers/STM32F4xx_HAL_Driver/Src/stm32f4xx_hal_rcc.o
LOAD ./Drivers/STM32F4xx_HAL_Driver/Src/stm32f4xx_hal_rcc_ex.o
LOAD ./Drivers/STM32F4xx_HAL_Driver/Src/stm32f4xx_hal_rtc.o
LOAD ./Drivers/STM32F4xx_HAL_Driver/Src/stm32f4xx_hal_rtc_ex.o
LOAD ./Drivers/STM32F4xx_HAL_Driver/Src/stm32f4xx_hal_spi.o
LOAD ./Drivers/STM32F4xx_HAL_Driver/Src/stm32f4xx_hal_tim.o
LOAD ./Drivers/STM32F4xx_HAL_Driver/Src/stm32f4xx_hal_tim_ex.o
LOAD ./Drivers/STM32F4xx_HAL_Driver/Src/stm32f4xx_hal_uart.o
LOAD ./Drivers/STM32F4xx_HAL_Driver/Src/stm32f4xx_ll_adc.o
LOAD ./FATFS/App/fatfs.o
LOAD ./FATFS/Target/user_diskio.o
LOAD ./Middlewares/Third_Party/FatFs/src/diskio.o
LOAD ./Middlewares/Third_Party/FatFs/src/ff.o
LOAD ./Middlewares/Third_Party/FatFs/src/ff_gen_drv.o
LOAD ./Middlewares/Third_Party/FatFs/src/option/ccsbcs.o
LOAD ./Middlewares/Third_Party/FatFs/src/option/syscall.o
START GROUP
LOAD c:/st/stm32cubeide_1.7.0/stm32cubeide/plugins/com.st.stm32cube.ide.mcu.externaltools.gnu-tools-for-stm32.10.3-2021.10.win32_1.0.0.202111181127/tools/bin/../lib/gcc/arm-none-eabi/10.3.1/../../../../arm-none-eabi/lib/thumb/v7e-m+fp/hard\libc_nano.a
LOAD c:/st/stm32cubeide_1.7.0/stm32cubeide/plugins/com.st.stm32cube.ide.mcu.externaltools.gnu-tools-for-stm32.10.3-2021.10.win32_1.0.0.202111181127/tools/bin/../lib/gcc/arm-none-eabi/10.3.1/../../../../arm-none-eabi/lib/thumb/v7e-m+fp/hard\libm.a
END GROUP
START GROUP
LOAD c:/st/stm32cubeide_1.7.0/stm32cubeide/plugins/com.st.stm32cube.ide.mcu.externaltools.gnu-tools-for-stm32.10.3-2021.10.win32_1.0.0.202111181127/tools/bin/../lib/gcc/arm-none-eabi/10.3.1/thumb/v7e-m+fp/hard\libgcc.a
LOAD c:/st/stm32cubeide_1.7.0/stm32cubeide/plugins/com.st.stm32cube.ide.mcu.externaltools.gnu-tools-for-stm32.10.3-2021.10.win32_1.0.0.202111181127/tools/bin/../lib/gcc/arm-none-eabi/10.3.1/../../../../arm-none-eabi/lib/thumb/v7e-m+fp/hard\libc_nano.a
END GROUP
START GROUP
LOAD c:/st/stm32cubeide_1.7.0/stm32cubeide/plugins/com.st.stm32cube.ide.mcu.externaltools.gnu-tools-for-stm32.10.3-2021.10.win32_1.0.0.202111181127/tools/bin/../lib/gcc/arm-none-eabi/10.3.1/thumb/v7e-m+fp/hard\libgcc.a
LOAD c:/st/stm32cubeide_1.7.0/stm32cubeide/plugins/com.st.stm32cube.ide.mcu.externaltools.gnu-tools-for-stm32.10.3-2021.10.win32_1.0.0.202111181127/tools/bin/../lib/gcc/arm-none-eabi/10.3.1/../../../../arm-none-eabi/lib/thumb/v7e-m+fp/hard\libc_nano.a
LOAD c:/st/stm32cubeide_1.7.0/stm32cubeide/plugins/com.st.stm32cube.ide.mcu.externaltools.gnu-tools-for-stm32.10.3-2021.10.win32_1.0.0.202111181127/tools/bin/../lib/gcc/arm-none-eabi/10.3.1/../../../../arm-none-eabi/lib/thumb/v7e-m+fp/hard\libnosys.a
END GROUP
START GROUP
LOAD c:/st/stm32cubeide_1.7.0/stm32cubeide/plugins/com.st.stm32cube.ide.mcu.externaltools.gnu-tools-for-stm32.10.3-2021.10.win32_1.0.0.202111181127/tools/bin/../lib/gcc/arm-none-eabi/10.3.1/thumb/v7e-m+fp/hard\libgcc.a
LOAD c:/st/stm32cubeide_1.7.0/stm32cubeide/plugins/com.st.stm32cube.ide.mcu.externaltools.gnu-tools-for-stm32.10.3-2021.10.win32_1.0.0.202111181127/tools/bin/../lib/gcc/arm-none-eabi/10.3.1/../../../../arm-none-eabi/lib/thumb/v7e-m+fp/hard\libc_nano.a
LOAD c:/st/stm32cubeide_1.7.0/stm32cubeide/plugins/com.st.stm32cube.ide.mcu.externaltools.gnu-tools-for-stm32.10.3-2021.10.win32_1.0.0.202111181127/tools/bin/../lib/gcc/arm-none-eabi/10.3.1/../../../../arm-none-eabi/lib/thumb/v7e-m+fp/hard\libnosys.a
END GROUP
LOAD c:/st/stm32cubeide_1.7.0/stm32cubeide/plugins/com.st.stm32cube.ide.mcu.externaltools.gnu-tools-for-stm32.10.3-2021.10.win32_1.0.0.202111181127/tools/bin/../lib/gcc/arm-none-eabi/10.3.1/thumb/v7e-m+fp/hard/crtend.o
LOAD c:/st/stm32cubeide_1.7.0/stm32cubeide/plugins/com.st.stm32cube.ide.mcu.externaltools.gnu-tools-for-stm32.10.3-2021.10.win32_1.0.0.202111181127/tools/bin/../lib/gcc/arm-none-eabi/10.3.1/thumb/v7e-m+fp/hard/crtn.o
                0x0000000020020000                _estack = (ORIGIN (RAM) + LENGTH (RAM))
                0x0000000000000200                _Min_Heap_Size = 0x200
                0x0000000000000400                _Min_Stack_Size = 0x400

.isr_vector     0x0000000008000000      0x1c4
                0x0000000008000000                . = ALIGN (0x4)
 *(.isr_vector)
 .isr_vector    0x0000000008000000      0x1c4 ./Core/Startup/startup_stm32f446retx.o
                0x0000000008000000                g_pfnVectors
                0x00000000080001c4                . = ALIGN (0x4)

.text           0x00000000080001d0    0x10674
                0x00000000080001d0                . = ALIGN (0x4)
 *(.text)
 .text          0x00000000080001d0       0x40 c:/st/stm32cubeide_1.7.0/stm32cubeide/plugins/com.st.stm32cube.ide.mcu.externaltools.gnu-tools-for-stm32.10.3-2021.10.win32_1.0.0.202111181127/tools/bin/../lib/gcc/arm-none-eabi/10.3.1/thumb/v7e-m+fp/hard/crtbegin.o
 .text          0x0000000008000210       0x10 c:/st/stm32cubeide_1.7.0/stm32cubeide/plugins/com.st.stm32cube.ide.mcu.externaltools.gnu-tools-for-stm32.10.3-2021.10.win32_1.0.0.202111181127/tools/bin/../lib/gcc/arm-none-eabi/10.3.1/../../../../arm-none-eabi/lib/thumb/v7e-m+fp/hard\libc_nano.a(lib_a-strlen.o)
                0x0000000008000210                strlen
 .text          0x0000000008000220       0xa0 c:/st/stm32cubeide_1.7.0/stm32cubeide/plugins/com.st.stm32cube.ide.mcu.externaltools.gnu-tools-for-stm32.10.3-2021.10.win32_1.0.0.202111181127/tools/bin/../lib/gcc/arm-none-eabi/10.3.1/../../../../arm-none-eabi/lib/thumb/v7e-m+fp/hard\libc_nano.a(lib_a-memchr.o)
                0x0000000008000220                memchr
 .text          0x00000000080002c0      0x378 c:/st/stm32cubeide_1.7.0/stm32cubeide/plugins/com.st.stm32cube.ide.mcu.externaltools.gnu-tools-for-stm32.10.3-2021.10.win32_1.0.0.202111181127/tools/bin/../lib/gcc/arm-none-eabi/10.3.1/thumb/v7e-m+fp/hard\libgcc.a(_arm_addsubdf3.o)
                0x00000000080002c0                __aeabi_drsub
                0x00000000080002c8                __aeabi_dsub
                0x00000000080002c8                __subdf3
                0x00000000080002cc                __aeabi_dadd
                0x00000000080002cc                __adddf3
                0x0000000008000544                __floatunsidf
                0x0000000008000544                __aeabi_ui2d
                0x0000000008000564                __floatsidf
                0x0000000008000564                __aeabi_i2d
                0x0000000008000588                __aeabi_f2d
                0x0000000008000588                __extendsfdf2
                0x00000000080005cc                __floatundidf
                0x00000000080005cc                __aeabi_ul2d
                0x00000000080005dc                __floatdidf
                0x00000000080005dc                __aeabi_l2d
 .text          0x0000000008000638      0x424 c:/st/stm32cubeide_1.7.0/stm32cubeide/plugins/com.st.stm32cube.ide.mcu.externaltools.gnu-tools-for-stm32.10.3-2021.10.win32_1.0.0.202111181127/tools/bin/../lib/gcc/arm-none-eabi/10.3.1/thumb/v7e-m+fp/hard\libgcc.a(_arm_muldivdf3.o)
                0x0000000008000638                __aeabi_dmul
                0x0000000008000638                __muldf3
                0x000000000800088c                __divdf3
                0x000000000800088c                __aeabi_ddiv
 .text          0x0000000008000a5c      0x110 c:/st/stm32cubeide_1.7.0/stm32cubeide/plugins/com.st.stm32cube.ide.mcu.externaltools.gnu-tools-for-stm32.10.3-2021.10.win32_1.0.0.202111181127/tools/bin/../lib/gcc/arm-none-eabi/10.3.1/thumb/v7e-m+fp/hard\libgcc.a(_arm_cmpdf2.o)
                0x0000000008000a5c                __gtdf2
                0x0000000008000a5c                __gedf2
                0x0000000008000a64                __ltdf2
                0x0000000008000a64                __ledf2
                0x0000000008000a6c                __nedf2
                0x0000000008000a6c                __eqdf2
                0x0000000008000a6c                __cmpdf2
                0x0000000008000ae8                __aeabi_cdrcmple
                0x0000000008000af8                __aeabi_cdcmpeq
                0x0000000008000af8                __aeabi_cdcmple
                0x0000000008000b08                __aeabi_dcmpeq
                0x0000000008000b1c                __aeabi_dcmplt
                0x0000000008000b30                __aeabi_dcmple
                0x0000000008000b44                __aeabi_dcmpge
                0x0000000008000b58                __aeabi_dcmpgt
 .text          0x0000000008000b6c       0x2c c:/st/stm32cubeide_1.7.0/stm32cubeide/plugins/com.st.stm32cube.ide.mcu.externaltools.gnu-tools-for-stm32.10.3-2021.10.win32_1.0.0.202111181127/tools/bin/../lib/gcc/arm-none-eabi/10.3.1/thumb/v7e-m+fp/hard\libgcc.a(_arm_unorddf2.o)
                0x0000000008000b6c                __unorddf2
                0x0000000008000b6c                __aeabi_dcmpun
 .text          0x0000000008000b98       0x50 c:/st/stm32cubeide_1.7.0/stm32cubeide/plugins/com.st.stm32cube.ide.mcu.externaltools.gnu-tools-for-stm32.10.3-2021.10.win32_1.0.0.202111181127/tools/bin/../lib/gcc/arm-none-eabi/10.3.1/thumb/v7e-m+fp/hard\libgcc.a(_arm_fixdfsi.o)
                0x0000000008000b98                __aeabi_d2iz
                0x0000000008000b98                __fixdfsi
 .text          0x0000000008000be8       0x40 c:/st/stm32cubeide_1.7.0/stm32cubeide/plugins/com.st.stm32cube.ide.mcu.externaltools.gnu-tools-for-stm32.10.3-2021.10.win32_1.0.0.202111181127/tools/bin/../lib/gcc/arm-none-eabi/10.3.1/thumb/v7e-m+fp/hard\libgcc.a(_arm_fixunsdfsi.o)
                0x0000000008000be8                __aeabi_d2uiz
                0x0000000008000be8                __fixunsdfsi
 .text          0x0000000008000c28       0xa0 c:/st/stm32cubeide_1.7.0/stm32cubeide/plugins/com.st.stm32cube.ide.mcu.externaltools.gnu-tools-for-stm32.10.3-2021.10.win32_1.0.0.202111181127/tools/bin/../lib/gcc/arm-none-eabi/10.3.1/thumb/v7e-m+fp/hard\libgcc.a(_arm_truncdfsf2.o)
                0x0000000008000c28                __truncdfsf2
                0x0000000008000c28                __aeabi_d2f
 .text          0x0000000008000cc8      0x21c c:/st/stm32cubeide_1.7.0/stm32cubeide/plugins/com.st.stm32cube.ide.mcu.externaltools.gnu-tools-for-stm32.10.3-2021.10.win32_1.0.0.202111181127/tools/bin/../lib/gcc/arm-none-eabi/10.3.1/thumb/v7e-m+fp/hard\libgcc.a(_arm_addsubsf3.o)
                0x0000000008000cc8                __aeabi_frsub
                0x0000000008000cd0                __subsf3
                0x0000000008000cd0                __aeabi_fsub
                0x0000000008000cd4                __aeabi_fadd
                0x0000000008000cd4                __addsf3
                0x0000000008000e34                __aeabi_ui2f
                0x0000000008000e34                __floatunsisf
                0x0000000008000e3c                __aeabi_i2f
                0x0000000008000e3c                __floatsisf
                0x0000000008000e58                __aeabi_ul2f
                0x0000000008000e58                __floatundisf
                0x0000000008000e68                __aeabi_l2f
                0x0000000008000e68                __floatdisf
 .text          0x0000000008000ee4       0xa0 c:/st/stm32cubeide_1.7.0/stm32cubeide/plugins/com.st.stm32cube.ide.mcu.externaltools.gnu-tools-for-stm32.10.3-2021.10.win32_1.0.0.202111181127/tools/bin/../lib/gcc/arm-none-eabi/10.3.1/thumb/v7e-m+fp/hard\libgcc.a(_aeabi_ldivmod.o)
                0x0000000008000ee4                __aeabi_ldivmod
 .text          0x0000000008000f84       0x30 c:/st/stm32cubeide_1.7.0/stm32cubeide/plugins/com.st.stm32cube.ide.mcu.externaltools.gnu-tools-for-stm32.10.3-2021.10.win32_1.0.0.202111181127/tools/bin/../lib/gcc/arm-none-eabi/10.3.1/thumb/v7e-m+fp/hard\libgcc.a(_aeabi_uldivmod.o)
                0x0000000008000f84                __aeabi_uldivmod
 .text          0x0000000008000fb4       0x30 c:/st/stm32cubeide_1.7.0/stm32cubeide/plugins/com.st.stm32cube.ide.mcu.externaltools.gnu-tools-for-stm32.10.3-2021.10.win32_1.0.0.202111181127/tools/bin/../lib/gcc/arm-none-eabi/10.3.1/thumb/v7e-m+fp/hard\libgcc.a(_fixdfdi.o)
                0x0000000008000fb4                __fixdfdi
                0x0000000008000fb4                __aeabi_d2lz
 .text          0x0000000008000fe4       0x3c c:/st/stm32cubeide_1.7.0/stm32cubeide/plugins/com.st.stm32cube.ide.mcu.externaltools.gnu-tools-for-stm32.10.3-2021.10.win32_1.0.0.202111181127/tools/bin/../lib/gcc/arm-none-eabi/10.3.1/thumb/v7e-m+fp/hard\libgcc.a(_fixunsdfdi.o)
                0x0000000008000fe4                __fixunsdfdi
                0x0000000008000fe4                __aeabi_d2ulz
 .text          0x0000000008001020      0x2d0 c:/st/stm32cubeide_1.7.0/stm32cubeide/plugins/com.st.stm32cube.ide.mcu.externaltools.gnu-tools-for-stm32.10.3-2021.10.win32_1.0.0.202111181127/tools/bin/../lib/gcc/arm-none-eabi/10.3.1/thumb/v7e-m+fp/hard\libgcc.a(_udivmoddi4.o)
                0x0000000008001020                __udivmoddi4
 .text          0x00000000080012f0        0x4 c:/st/stm32cubeide_1.7.0/stm32cubeide/plugins/com.st.stm32cube.ide.mcu.externaltools.gnu-tools-for-stm32.10.3-2021.10.win32_1.0.0.202111181127/tools/bin/../lib/gcc/arm-none-eabi/10.3.1/thumb/v7e-m+fp/hard\libgcc.a(_dvmd_tls.o)
                0x00000000080012f0                __aeabi_idiv0
                0x00000000080012f0                __aeabi_ldiv0
 *(.text*)
 *fill*         0x00000000080012f4        0x4 
 .text.algorithm_1_update
                0x00000000080012f8      0x1c4 ./Core/Src/algorithms.o
                0x00000000080012f8                algorithm_1_update
 .text.algorithm_2_update
                0x00000000080014bc      0x2e8 ./Core/Src/algorithms.o
                0x00000000080014bc                algorithm_2_update
 .text.bme280_init
                0x00000000080017a4       0x50 ./Core/Src/bme280.o
                0x00000000080017a4                bme280_init
 *fill*         0x00000000080017f4        0x4 
 .text.bme280_update
                0x00000000080017f8      0x380 ./Core/Src/bme280.o
                0x00000000080017f8                bme280_update
 .text.bme280_config
                0x0000000008001b78      0x1a8 ./Core/Src/bme280.o
                0x0000000008001b78                bme280_config
 .text.bmi088_config
                0x0000000008001d20      0x310 ./Core/Src/bmi088.o
                0x0000000008001d20                bmi088_config
 .text.bmi088_init
                0x0000000008002030       0x74 ./Core/Src/bmi088.o
                0x0000000008002030                bmi088_init
 *fill*         0x00000000080020a4        0x4 
 .text.bmi088_update
                0x00000000080020a8      0x4a8 ./Core/Src/bmi088.o
                0x00000000080020a8                bmi088_update
 .text.bmi088_getAccelDatas_INT
                0x0000000008002550       0x10 ./Core/Src/bmi088.o
                0x0000000008002550                bmi088_getAccelDatas_INT
 .text.bmi088_getGyroDatas_INT
                0x0000000008002560       0x10 ./Core/Src/bmi088.o
                0x0000000008002560                bmi088_getGyroDatas_INT
 .text.getOffset
                0x0000000008002570       0xd8 ./Core/Src/bmi088.o
                0x0000000008002570                getOffset
 .text.sendPC   0x0000000008002648       0x28 ./Core/Src/dataPacking.o
 .text.packDatas
                0x0000000008002670      0x244 ./Core/Src/dataPacking.o
                0x0000000008002670                packDatas
 .text.ext_pin_open
                0x00000000080028b4       0x1a ./Core/Src/externalPins.o
                0x00000000080028b4                ext_pin_open
 .text.ext_pin_open_duration
                0x00000000080028ce       0x1a ./Core/Src/externalPins.o
                0x00000000080028ce                ext_pin_open_duration
 .text.ext_pin_update
                0x00000000080028e8       0x22 ./Core/Src/externalPins.o
                0x00000000080028e8                ext_pin_update
 *fill*         0x000000000800290a        0x2 
 .text.SPI_TxByte
                0x000000000800290c       0x2c ./Core/Src/fatfs_sd.o
 .text.SELECT   0x0000000008002938       0x10 ./Core/Src/fatfs_sd.o
 .text.DESELECT
                0x0000000008002948       0x10 ./Core/Src/fatfs_sd.o
 .text.SPI_RxByte
                0x0000000008002958       0x3c ./Core/Src/fatfs_sd.o
 .text.SD_PowerOn
                0x0000000008002994       0x6c ./Core/Src/fatfs_sd.o
 .text.SD_ReadyWait
                0x0000000008002a00       0x20 ./Core/Src/fatfs_sd.o
 .text.SD_SendCmd
                0x0000000008002a20       0x64 ./Core/Src/fatfs_sd.o
 .text.SD_TxDataBlock
                0x0000000008002a84       0x66 ./Core/Src/fatfs_sd.o
 *fill*         0x0000000008002aea        0x2 
 .text.SD_RxDataBlock
                0x0000000008002aec       0x54 ./Core/Src/fatfs_sd.o
 .text.SD_disk_initialize
                0x0000000008002b40      0x150 ./Core/Src/fatfs_sd.o
                0x0000000008002b40                SD_disk_initialize
 .text.SD_disk_status
                0x0000000008002c90       0x14 ./Core/Src/fatfs_sd.o
                0x0000000008002c90                SD_disk_status
 .text.SD_disk_read
                0x0000000008002ca4       0x8c ./Core/Src/fatfs_sd.o
                0x0000000008002ca4                SD_disk_read
 .text.SD_disk_write
                0x0000000008002d30       0xb0 ./Core/Src/fatfs_sd.o
                0x0000000008002d30                SD_disk_write
 .text.SD_disk_ioctl
                0x0000000008002de0      0x148 ./Core/Src/fatfs_sd.o
                0x0000000008002de0                SD_disk_ioctl
 .text.lora_activate
                0x0000000008002f28       0x24 ./Core/Src/lora.o
                0x0000000008002f28                lora_activate
 .text.lora_deactivate
                0x0000000008002f4c       0x24 ./Core/Src/lora.o
                0x0000000008002f4c                lora_deactivate
 .text.lora_configure
                0x0000000008002f70       0x94 ./Core/Src/lora.o
                0x0000000008002f70                lora_configure
 *fill*         0x0000000008003004        0x4 
 .text.measurePower
                0x0000000008003008       0xe8 ./Core/Src/main.o
                0x0000000008003008                measurePower
 .text.getWatt  0x00000000080030f0       0x44 ./Core/Src/main.o
                0x00000000080030f0                getWatt
 .text.HAL_GPIO_EXTI_Callback
                0x0000000008003134       0x12 ./Core/Src/main.o
                0x0000000008003134                HAL_GPIO_EXTI_Callback
 *fill*         0x0000000008003146        0x2 
 .text.deploy_p_1
                0x0000000008003148       0x1c ./Core/Src/main.o
                0x0000000008003148                deploy_p_1
 .text.deploy_p_2
                0x0000000008003164       0x1c ./Core/Src/main.o
                0x0000000008003164                deploy_p_2
 .text.Error_Handler
                0x0000000008003180       0x5c ./Core/Src/main.o
                0x0000000008003180                Error_Handler
 .text.SystemClock_Config
                0x00000000080031dc       0xa8 ./Core/Src/main.o
                0x00000000080031dc                SystemClock_Config
 *fill*         0x0000000008003284        0x4 
 .text.startup.main
                0x0000000008003288      0x8f0 ./Core/Src/main.o
                0x0000000008003288                main
 .text.updateQuaternion
                0x0000000008003b78       0xe0 ./Core/Src/queternion.o
                0x0000000008003b78                updateQuaternion
 .text.quaternionToEuler
                0x0000000008003c58      0x138 ./Core/Src/queternion.o
                0x0000000008003c58                quaternionToEuler
 .text.quaternionToTheta
                0x0000000008003d90       0xb0 ./Core/Src/queternion.o
                0x0000000008003d90                quaternionToTheta
 .text.getInitialQuaternion
                0x0000000008003e40      0x188 ./Core/Src/queternion.o
                0x0000000008003e40                getInitialQuaternion
 .text.quaternionSet_zero
                0x0000000008003fc8       0x18 ./Core/Src/queternion.o
                0x0000000008003fc8                quaternionSet_zero
 .text.save_time
                0x0000000008003fe0       0x54 ./Core/Src/reset_detect.o
                0x0000000008003fe0                save_time
 .text.measure_abs_time
                0x0000000008004034       0x54 ./Core/Src/reset_detect.o
                0x0000000008004034                measure_abs_time
 .text.HAL_MspInit
                0x0000000008004088       0x38 ./Core/Src/stm32f4xx_hal_msp.o
                0x0000000008004088                HAL_MspInit
 .text.HAL_ADC_MspInit
                0x00000000080040c0       0x64 ./Core/Src/stm32f4xx_hal_msp.o
                0x00000000080040c0                HAL_ADC_MspInit
 .text.HAL_I2C_MspInit
                0x0000000008004124       0xf8 ./Core/Src/stm32f4xx_hal_msp.o
                0x0000000008004124                HAL_I2C_MspInit
 .text.HAL_I2C_MspDeInit
                0x000000000800421c       0x64 ./Core/Src/stm32f4xx_hal_msp.o
                0x000000000800421c                HAL_I2C_MspDeInit
 .text.HAL_RTC_MspInit
                0x0000000008004280       0x44 ./Core/Src/stm32f4xx_hal_msp.o
                0x0000000008004280                HAL_RTC_MspInit
 .text.HAL_SPI_MspInit
                0x00000000080042c4       0x6c ./Core/Src/stm32f4xx_hal_msp.o
                0x00000000080042c4                HAL_SPI_MspInit
 .text.HAL_UART_MspInit
                0x0000000008004330      0x2a8 ./Core/Src/stm32f4xx_hal_msp.o
                0x0000000008004330                HAL_UART_MspInit
 .text.HAL_UART_MspDeInit
                0x00000000080045d8       0xc8 ./Core/Src/stm32f4xx_hal_msp.o
                0x00000000080045d8                HAL_UART_MspDeInit
 .text.SDTimer_Handler
                0x00000000080046a0       0x28 ./Core/Src/stm32f4xx_it.o
                0x00000000080046a0                SDTimer_Handler
 .text.NMI_Handler
                0x00000000080046c8        0x2 ./Core/Src/stm32f4xx_it.o
                0x00000000080046c8                NMI_Handler
 .text.HardFault_Handler
                0x00000000080046ca        0x2 ./Core/Src/stm32f4xx_it.o
                0x00000000080046ca                HardFault_Handler
 .text.MemManage_Handler
                0x00000000080046cc        0x2 ./Core/Src/stm32f4xx_it.o
                0x00000000080046cc                MemManage_Handler
 .text.BusFault_Handler
                0x00000000080046ce        0x2 ./Core/Src/stm32f4xx_it.o
                0x00000000080046ce                BusFault_Handler
 .text.UsageFault_Handler
                0x00000000080046d0        0x2 ./Core/Src/stm32f4xx_it.o
                0x00000000080046d0                UsageFault_Handler
 .text.SVC_Handler
                0x00000000080046d2        0x2 ./Core/Src/stm32f4xx_it.o
                0x00000000080046d2                SVC_Handler
 .text.DebugMon_Handler
                0x00000000080046d4        0x2 ./Core/Src/stm32f4xx_it.o
                0x00000000080046d4                DebugMon_Handler
 .text.PendSV_Handler
                0x00000000080046d6        0x2 ./Core/Src/stm32f4xx_it.o
                0x00000000080046d6                PendSV_Handler
 .text.SysTick_Handler
                0x00000000080046d8       0x28 ./Core/Src/stm32f4xx_it.o
                0x00000000080046d8                SysTick_Handler
 .text.EXTI3_IRQHandler
                0x0000000008004700        0x6 ./Core/Src/stm32f4xx_it.o
                0x0000000008004700                EXTI3_IRQHandler
 .text.EXTI4_IRQHandler
                0x0000000008004706        0x6 ./Core/Src/stm32f4xx_it.o
                0x0000000008004706                EXTI4_IRQHandler
 .text.DMA1_Stream2_IRQHandler
                0x000000000800470c        0xc ./Core/Src/stm32f4xx_it.o
                0x000000000800470c                DMA1_Stream2_IRQHandler
 .text.DMA1_Stream4_IRQHandler
                0x0000000008004718        0xc ./Core/Src/stm32f4xx_it.o
                0x0000000008004718                DMA1_Stream4_IRQHandler
 .text.DMA1_Stream5_IRQHandler
                0x0000000008004724        0xc ./Core/Src/stm32f4xx_it.o
                0x0000000008004724                DMA1_Stream5_IRQHandler
 .text.USART1_IRQHandler
                0x0000000008004730        0xc ./Core/Src/stm32f4xx_it.o
                0x0000000008004730                USART1_IRQHandler
 .text.USART2_IRQHandler
                0x000000000800473c        0xc ./Core/Src/stm32f4xx_it.o
                0x000000000800473c                USART2_IRQHandler
 .text.UART4_IRQHandler
                0x0000000008004748        0xc ./Core/Src/stm32f4xx_it.o
                0x0000000008004748                UART4_IRQHandler
 .text.DMA2_Stream7_IRQHandler
                0x0000000008004754        0xc ./Core/Src/stm32f4xx_it.o
                0x0000000008004754                DMA2_Stream7_IRQHandler
 .text._getpid  0x0000000008004760        0x4 ./Core/Src/syscalls.o
                0x0000000008004760                _getpid
 .text._kill    0x0000000008004764       0x10 ./Core/Src/syscalls.o
                0x0000000008004764                _kill
 .text._exit    0x0000000008004774        0xc ./Core/Src/syscalls.o
                0x0000000008004774                _exit
 .text._read    0x0000000008004780       0x1c ./Core/Src/syscalls.o
                0x0000000008004780                _read
 .text._write   0x000000000800479c       0x1c ./Core/Src/syscalls.o
                0x000000000800479c                _write
 .text._close   0x00000000080047b8        0x6 ./Core/Src/syscalls.o
                0x00000000080047b8                _close
 .text._fstat   0x00000000080047be        0xa ./Core/Src/syscalls.o
                0x00000000080047be                _fstat
 .text._isatty  0x00000000080047c8        0x4 ./Core/Src/syscalls.o
                0x00000000080047c8                _isatty
 .text._lseek   0x00000000080047cc        0x4 ./Core/Src/syscalls.o
                0x00000000080047cc                _lseek
 .text._sbrk    0x00000000080047d0       0x40 ./Core/Src/sysmem.o
                0x00000000080047d0                _sbrk
 .text.SystemInit
                0x0000000008004810       0x14 ./Core/Src/system_stm32f4xx.o
                0x0000000008004810                SystemInit
 .text.uart_Sd_Transmit
                0x0000000008004824       0x20 ./Core/Src/usr_fat_sd.o
 .text.usr_fatfsInitial
                0x0000000008004844        0x4 ./Core/Src/usr_fat_sd.o
                0x0000000008004844                usr_fatfsInitial
 .text.sdInitials
                0x0000000008004848       0xd0 ./Core/Src/usr_fat_sd.o
                0x0000000008004848                sdInitials
 .text.sd_transmit
                0x0000000008004918       0x38 ./Core/Src/usr_fat_sd.o
                0x0000000008004918                sd_transmit
 .text.sdDataLogger
                0x0000000008004950      0x164 ./Core/Src/usr_fat_sd.o
                0x0000000008004950                sdDataLogger
 .text.formatLatLong
                0x0000000008004ab4       0x84 ./Core/Src/usr_gnss_l86_parser.o
 .text.HAL_UART_RxCpltCallback
                0x0000000008004b38       0x40 ./Core/Src/usr_gnss_l86_parser.o
                0x0000000008004b38                HAL_UART_RxCpltCallback
 .text.UsrGpsL86Init
                0x0000000008004b78       0x10 ./Core/Src/usr_gnss_l86_parser.o
                0x0000000008004b78                UsrGpsL86Init
 .text.Usr_GpsL86GetValues
                0x0000000008004b88      0x1c4 ./Core/Src/usr_gnss_l86_parser.o
                0x0000000008004b88                Usr_GpsL86GetValues
 .text.Reset_Handler
                0x0000000008004d4c       0x50 ./Core/Startup/startup_stm32f446retx.o
                0x0000000008004d4c                Reset_Handler
 .text.Default_Handler
                0x0000000008004d9c        0x2 ./Core/Startup/startup_stm32f446retx.o
                0x0000000008004d9c                RTC_Alarm_IRQHandler
                0x0000000008004d9c                EXTI2_IRQHandler
                0x0000000008004d9c                TIM8_CC_IRQHandler
                0x0000000008004d9c                FMPI2C1_EV_IRQHandler
                0x0000000008004d9c                SPI4_IRQHandler
                0x0000000008004d9c                TIM1_CC_IRQHandler
                0x0000000008004d9c                DMA2_Stream5_IRQHandler
                0x0000000008004d9c                PVD_IRQHandler
                0x0000000008004d9c                SDIO_IRQHandler
                0x0000000008004d9c                TAMP_STAMP_IRQHandler
                0x0000000008004d9c                CAN2_RX1_IRQHandler
                0x0000000008004d9c                TIM8_TRG_COM_TIM14_IRQHandler
                0x0000000008004d9c                TIM1_UP_TIM10_IRQHandler
                0x0000000008004d9c                TIM8_UP_TIM13_IRQHandler
                0x0000000008004d9c                I2C3_ER_IRQHandler
                0x0000000008004d9c                EXTI0_IRQHandler
                0x0000000008004d9c                I2C2_EV_IRQHandler
                0x0000000008004d9c                CAN1_RX0_IRQHandler
                0x0000000008004d9c                FPU_IRQHandler
                0x0000000008004d9c                OTG_HS_WKUP_IRQHandler
                0x0000000008004d9c                CAN2_SCE_IRQHandler
                0x0000000008004d9c                DMA2_Stream2_IRQHandler
                0x0000000008004d9c                SPI1_IRQHandler
                0x0000000008004d9c                TIM6_DAC_IRQHandler
                0x0000000008004d9c                TIM1_BRK_TIM9_IRQHandler
                0x0000000008004d9c                DCMI_IRQHandler
                0x0000000008004d9c                CAN2_RX0_IRQHandler
                0x0000000008004d9c                DMA2_Stream3_IRQHandler
                0x0000000008004d9c                SAI2_IRQHandler
                0x0000000008004d9c                USART6_IRQHandler
                0x0000000008004d9c                USART3_IRQHandler
                0x0000000008004d9c                CAN1_RX1_IRQHandler
                0x0000000008004d9c                UART5_IRQHandler
                0x0000000008004d9c                DMA2_Stream0_IRQHandler
                0x0000000008004d9c                TIM4_IRQHandler
                0x0000000008004d9c                QUADSPI_IRQHandler
                0x0000000008004d9c                I2C1_EV_IRQHandler
                0x0000000008004d9c                DMA1_Stream6_IRQHandler
                0x0000000008004d9c                DMA1_Stream1_IRQHandler
                0x0000000008004d9c                TIM3_IRQHandler
                0x0000000008004d9c                RCC_IRQHandler
                0x0000000008004d9c                TIM8_BRK_TIM12_IRQHandler
                0x0000000008004d9c                Default_Handler
                0x0000000008004d9c                CEC_IRQHandler
                0x0000000008004d9c                EXTI15_10_IRQHandler
                0x0000000008004d9c                ADC_IRQHandler
                0x0000000008004d9c                DMA1_Stream7_IRQHandler
                0x0000000008004d9c                TIM7_IRQHandler
                0x0000000008004d9c                CAN2_TX_IRQHandler
                0x0000000008004d9c                TIM5_IRQHandler
                0x0000000008004d9c                I2C3_EV_IRQHandler
                0x0000000008004d9c                EXTI9_5_IRQHandler
                0x0000000008004d9c                RTC_WKUP_IRQHandler
                0x0000000008004d9c                SPDIF_RX_IRQHandler
                0x0000000008004d9c                SPI2_IRQHandler
                0x0000000008004d9c                OTG_HS_EP1_IN_IRQHandler
                0x0000000008004d9c                DMA1_Stream0_IRQHandler
                0x0000000008004d9c                CAN1_TX_IRQHandler
                0x0000000008004d9c                FMPI2C1_ER_IRQHandler
                0x0000000008004d9c                OTG_HS_EP1_OUT_IRQHandler
                0x0000000008004d9c                WWDG_IRQHandler
                0x0000000008004d9c                TIM2_IRQHandler
                0x0000000008004d9c                OTG_FS_WKUP_IRQHandler
                0x0000000008004d9c                TIM1_TRG_COM_TIM11_IRQHandler
                0x0000000008004d9c                OTG_HS_IRQHandler
                0x0000000008004d9c                EXTI1_IRQHandler
                0x0000000008004d9c                I2C2_ER_IRQHandler
                0x0000000008004d9c                DMA2_Stream1_IRQHandler
                0x0000000008004d9c                CAN1_SCE_IRQHandler
                0x0000000008004d9c                FLASH_IRQHandler
                0x0000000008004d9c                DMA2_Stream4_IRQHandler
                0x0000000008004d9c                OTG_FS_IRQHandler
                0x0000000008004d9c                SPI3_IRQHandler
                0x0000000008004d9c                I2C1_ER_IRQHandler
                0x0000000008004d9c                FMC_IRQHandler
                0x0000000008004d9c                DMA2_Stream6_IRQHandler
                0x0000000008004d9c                SAI1_IRQHandler
                0x0000000008004d9c                DMA1_Stream3_IRQHandler
 *fill*         0x0000000008004d9e        0x2 
 .text.HAL_InitTick
                0x0000000008004da0       0x48 ./Drivers/STM32F4xx_HAL_Driver/Src/stm32f4xx_hal.o
                0x0000000008004da0                HAL_InitTick
 .text.HAL_Init
                0x0000000008004de8       0x34 ./Drivers/STM32F4xx_HAL_Driver/Src/stm32f4xx_hal.o
                0x0000000008004de8                HAL_Init
 .text.HAL_IncTick
                0x0000000008004e1c       0x18 ./Drivers/STM32F4xx_HAL_Driver/Src/stm32f4xx_hal.o
                0x0000000008004e1c                HAL_IncTick
 .text.HAL_GetTick
                0x0000000008004e34        0xc ./Drivers/STM32F4xx_HAL_Driver/Src/stm32f4xx_hal.o
                0x0000000008004e34                HAL_GetTick
 .text.HAL_Delay
                0x0000000008004e40       0x28 ./Drivers/STM32F4xx_HAL_Driver/Src/stm32f4xx_hal.o
                0x0000000008004e40                HAL_Delay
 .text.HAL_ADC_Init
                0x0000000008004e68      0x14c ./Drivers/STM32F4xx_HAL_Driver/Src/stm32f4xx_hal_adc.o
                0x0000000008004e68                HAL_ADC_Init
 .text.HAL_ADC_Start
                0x0000000008004fb4      0x108 ./Drivers/STM32F4xx_HAL_Driver/Src/stm32f4xx_hal_adc.o
                0x0000000008004fb4                HAL_ADC_Start
 .text.HAL_ADC_Stop
                0x00000000080050bc       0x36 ./Drivers/STM32F4xx_HAL_Driver/Src/stm32f4xx_hal_adc.o
                0x00000000080050bc                HAL_ADC_Stop
 .text.HAL_ADC_PollForConversion
                0x00000000080050f2       0xa6 ./Drivers/STM32F4xx_HAL_Driver/Src/stm32f4xx_hal_adc.o
                0x00000000080050f2                HAL_ADC_PollForConversion
 .text.HAL_ADC_GetValue
                0x0000000008005198        0x6 ./Drivers/STM32F4xx_HAL_Driver/Src/stm32f4xx_hal_adc.o
                0x0000000008005198                HAL_ADC_GetValue
 *fill*         0x000000000800519e        0x2 
 .text.HAL_ADC_ConfigChannel
                0x00000000080051a0      0x138 ./Drivers/STM32F4xx_HAL_Driver/Src/stm32f4xx_hal_adc.o
                0x00000000080051a0                HAL_ADC_ConfigChannel
 .text.HAL_NVIC_SetPriorityGrouping
                0x00000000080052d8       0x24 ./Drivers/STM32F4xx_HAL_Driver/Src/stm32f4xx_hal_cortex.o
                0x00000000080052d8                HAL_NVIC_SetPriorityGrouping
 .text.HAL_NVIC_SetPriority
                0x00000000080052fc       0x64 ./Drivers/STM32F4xx_HAL_Driver/Src/stm32f4xx_hal_cortex.o
                0x00000000080052fc                HAL_NVIC_SetPriority
 .text.HAL_NVIC_EnableIRQ
                0x0000000008005360       0x1c ./Drivers/STM32F4xx_HAL_Driver/Src/stm32f4xx_hal_cortex.o
                0x0000000008005360                HAL_NVIC_EnableIRQ
 .text.HAL_NVIC_DisableIRQ
                0x000000000800537c       0x28 ./Drivers/STM32F4xx_HAL_Driver/Src/stm32f4xx_hal_cortex.o
                0x000000000800537c                HAL_NVIC_DisableIRQ
 .text.HAL_SYSTICK_Config
                0x00000000080053a4       0x28 ./Drivers/STM32F4xx_HAL_Driver/Src/stm32f4xx_hal_cortex.o
                0x00000000080053a4                HAL_SYSTICK_Config
 .text.DMA_CalcBaseAndBitshift
                0x00000000080053cc       0x2c ./Drivers/STM32F4xx_HAL_Driver/Src/stm32f4xx_hal_dma.o
 .text.HAL_DMA_Init
                0x00000000080053f8      0x100 ./Drivers/STM32F4xx_HAL_Driver/Src/stm32f4xx_hal_dma.o
                0x00000000080053f8                HAL_DMA_Init
 .text.HAL_DMA_DeInit
                0x00000000080054f8       0x54 ./Drivers/STM32F4xx_HAL_Driver/Src/stm32f4xx_hal_dma.o
                0x00000000080054f8                HAL_DMA_DeInit
 .text.HAL_DMA_Start_IT
                0x000000000800554c       0x74 ./Drivers/STM32F4xx_HAL_Driver/Src/stm32f4xx_hal_dma.o
                0x000000000800554c                HAL_DMA_Start_IT
 .text.HAL_DMA_Abort
                0x00000000080055c0       0x88 ./Drivers/STM32F4xx_HAL_Driver/Src/stm32f4xx_hal_dma.o
                0x00000000080055c0                HAL_DMA_Abort
 .text.HAL_DMA_Abort_IT
                0x0000000008005648       0x24 ./Drivers/STM32F4xx_HAL_Driver/Src/stm32f4xx_hal_dma.o
                0x0000000008005648                HAL_DMA_Abort_IT
 .text.HAL_DMA_IRQHandler
                0x000000000800566c      0x17c ./Drivers/STM32F4xx_HAL_Driver/Src/stm32f4xx_hal_dma.o
                0x000000000800566c                HAL_DMA_IRQHandler
 .text.HAL_DMA_GetState
                0x00000000080057e8        0x6 ./Drivers/STM32F4xx_HAL_Driver/Src/stm32f4xx_hal_dma.o
                0x00000000080057e8                HAL_DMA_GetState
 *fill*         0x00000000080057ee        0x2 
 .text.HAL_GPIO_Init
                0x00000000080057f0      0x1a8 ./Drivers/STM32F4xx_HAL_Driver/Src/stm32f4xx_hal_gpio.o
                0x00000000080057f0                HAL_GPIO_Init
 .text.HAL_GPIO_DeInit
                0x0000000008005998      0x11c ./Drivers/STM32F4xx_HAL_Driver/Src/stm32f4xx_hal_gpio.o
                0x0000000008005998                HAL_GPIO_DeInit
 .text.HAL_GPIO_WritePin
                0x0000000008005ab4        0xa ./Drivers/STM32F4xx_HAL_Driver/Src/stm32f4xx_hal_gpio.o
                0x0000000008005ab4                HAL_GPIO_WritePin
 .text.HAL_GPIO_TogglePin
                0x0000000008005abe       0x12 ./Drivers/STM32F4xx_HAL_Driver/Src/stm32f4xx_hal_gpio.o
                0x0000000008005abe                HAL_GPIO_TogglePin
 .text.HAL_GPIO_EXTI_IRQHandler
                0x0000000008005ad0       0x18 ./Drivers/STM32F4xx_HAL_Driver/Src/stm32f4xx_hal_gpio.o
                0x0000000008005ad0                HAL_GPIO_EXTI_IRQHandler
 .text.I2C_IsAcknowledgeFailed
                0x0000000008005ae8       0x34 ./Drivers/STM32F4xx_HAL_Driver/Src/stm32f4xx_hal_i2c.o
 .text.I2C_WaitOnFlagUntilTimeout
                0x0000000008005b1c       0x64 ./Drivers/STM32F4xx_HAL_Driver/Src/stm32f4xx_hal_i2c.o
 .text.I2C_WaitOnMasterAddressFlagUntilTimeout
                0x0000000008005b80       0x76 ./Drivers/STM32F4xx_HAL_Driver/Src/stm32f4xx_hal_i2c.o
 .text.I2C_WaitOnRXNEFlagUntilTimeout
                0x0000000008005bf6       0x5e ./Drivers/STM32F4xx_HAL_Driver/Src/stm32f4xx_hal_i2c.o
 .text.I2C_WaitOnBTFFlagUntilTimeout
                0x0000000008005c54       0x4c ./Drivers/STM32F4xx_HAL_Driver/Src/stm32f4xx_hal_i2c.o
 .text.I2C_WaitOnTXEFlagUntilTimeout
                0x0000000008005ca0       0x4c ./Drivers/STM32F4xx_HAL_Driver/Src/stm32f4xx_hal_i2c.o
 .text.I2C_RequestMemoryWrite
                0x0000000008005cec       0xb0 ./Drivers/STM32F4xx_HAL_Driver/Src/stm32f4xx_hal_i2c.o
 .text.I2C_RequestMemoryRead
                0x0000000008005d9c      0x104 ./Drivers/STM32F4xx_HAL_Driver/Src/stm32f4xx_hal_i2c.o
 .text.HAL_I2C_Init
                0x0000000008005ea0      0x150 ./Drivers/STM32F4xx_HAL_Driver/Src/stm32f4xx_hal_i2c.o
                0x0000000008005ea0                HAL_I2C_Init
 .text.HAL_I2C_DeInit
                0x0000000008005ff0       0x32 ./Drivers/STM32F4xx_HAL_Driver/Src/stm32f4xx_hal_i2c.o
                0x0000000008005ff0                HAL_I2C_DeInit
 *fill*         0x0000000008006022        0x2 
 .text.HAL_I2C_Mem_Write
                0x0000000008006024      0x120 ./Drivers/STM32F4xx_HAL_Driver/Src/stm32f4xx_hal_i2c.o
                0x0000000008006024                HAL_I2C_Mem_Write
 .text.HAL_I2C_Mem_Read
                0x0000000008006144      0x210 ./Drivers/STM32F4xx_HAL_Driver/Src/stm32f4xx_hal_i2c.o
                0x0000000008006144                HAL_I2C_Mem_Read
 .text.HAL_PWR_EnableBkUpAccess
                0x0000000008006354       0x1c ./Drivers/STM32F4xx_HAL_Driver/Src/stm32f4xx_hal_pwr.o
                0x0000000008006354                HAL_PWR_EnableBkUpAccess
 .text.HAL_PWREx_EnableBkUpReg
                0x0000000008006370       0x34 ./Drivers/STM32F4xx_HAL_Driver/Src/stm32f4xx_hal_pwr_ex.o
                0x0000000008006370                HAL_PWREx_EnableBkUpReg
 .text.HAL_PWREx_EnableOverDrive
                0x00000000080063a4       0x74 ./Drivers/STM32F4xx_HAL_Driver/Src/stm32f4xx_hal_pwr_ex.o
                0x00000000080063a4                HAL_PWREx_EnableOverDrive
 .text.HAL_RCC_ClockConfig
                0x0000000008006418      0x138 ./Drivers/STM32F4xx_HAL_Driver/Src/stm32f4xx_hal_rcc.o
                0x0000000008006418                HAL_RCC_ClockConfig
 .text.HAL_RCC_GetPCLK1Freq
                0x0000000008006550       0x20 ./Drivers/STM32F4xx_HAL_Driver/Src/stm32f4xx_hal_rcc.o
                0x0000000008006550                HAL_RCC_GetPCLK1Freq
 .text.HAL_RCC_GetPCLK2Freq
                0x0000000008006570       0x20 ./Drivers/STM32F4xx_HAL_Driver/Src/stm32f4xx_hal_rcc.o
                0x0000000008006570                HAL_RCC_GetPCLK2Freq
 .text.HAL_RCCEx_PeriphCLKConfig
                0x0000000008006590      0x410 ./Drivers/STM32F4xx_HAL_Driver/Src/stm32f4xx_hal_rcc_ex.o
                0x0000000008006590                HAL_RCCEx_PeriphCLKConfig
 .text.HAL_RCC_GetSysClockFreq
                0x00000000080069a0       0x90 ./Drivers/STM32F4xx_HAL_Driver/Src/stm32f4xx_hal_rcc_ex.o
                0x00000000080069a0                HAL_RCC_GetSysClockFreq
 .text.HAL_RCC_OscConfig
                0x0000000008006a30      0x390 ./Drivers/STM32F4xx_HAL_Driver/Src/stm32f4xx_hal_rcc_ex.o
                0x0000000008006a30                HAL_RCC_OscConfig
 .text.HAL_RTC_WaitForSynchro
                0x0000000008006dc0       0x30 ./Drivers/STM32F4xx_HAL_Driver/Src/stm32f4xx_hal_rtc.o
                0x0000000008006dc0                HAL_RTC_WaitForSynchro
 .text.RTC_EnterInitMode
                0x0000000008006df0       0x42 ./Drivers/STM32F4xx_HAL_Driver/Src/stm32f4xx_hal_rtc.o
                0x0000000008006df0                RTC_EnterInitMode
 .text.RTC_ExitInitMode
                0x0000000008006e32       0x28 ./Drivers/STM32F4xx_HAL_Driver/Src/stm32f4xx_hal_rtc.o
                0x0000000008006e32                RTC_ExitInitMode
 .text.HAL_RTC_Init
                0x0000000008006e5a       0x82 ./Drivers/STM32F4xx_HAL_Driver/Src/stm32f4xx_hal_rtc.o
                0x0000000008006e5a                HAL_RTC_Init
 .text.RTC_Bcd2ToByte
                0x0000000008006edc       0x12 ./Drivers/STM32F4xx_HAL_Driver/Src/stm32f4xx_hal_rtc.o
                0x0000000008006edc                RTC_Bcd2ToByte
 .text.HAL_RTC_GetTime
                0x0000000008006eee       0x46 ./Drivers/STM32F4xx_HAL_Driver/Src/stm32f4xx_hal_rtc.o
                0x0000000008006eee                HAL_RTC_GetTime
 .text.HAL_RTC_GetDate
                0x0000000008006f34       0x3a ./Drivers/STM32F4xx_HAL_Driver/Src/stm32f4xx_hal_rtc.o
                0x0000000008006f34                HAL_RTC_GetDate
 .text.HAL_RTCEx_BKUPWrite
                0x0000000008006f6e        0xa ./Drivers/STM32F4xx_HAL_Driver/Src/stm32f4xx_hal_rtc_ex.o
                0x0000000008006f6e                HAL_RTCEx_BKUPWrite
 .text.HAL_RTCEx_BKUPRead
                0x0000000008006f78        0xa ./Drivers/STM32F4xx_HAL_Driver/Src/stm32f4xx_hal_rtc_ex.o
                0x0000000008006f78                HAL_RTCEx_BKUPRead
 *fill*         0x0000000008006f82        0x2 
 .text.SPI_WaitFlagStateUntilTimeout.constprop.0
                0x0000000008006f84       0xa8 ./Drivers/STM32F4xx_HAL_Driver/Src/stm32f4xx_hal_spi.o
 .text.SPI_EndRxTxTransaction
                0x000000000800702c       0x58 ./Drivers/STM32F4xx_HAL_Driver/Src/stm32f4xx_hal_spi.o
 .text.HAL_SPI_Init
                0x0000000008007084       0xb8 ./Drivers/STM32F4xx_HAL_Driver/Src/stm32f4xx_hal_spi.o
                0x0000000008007084                HAL_SPI_Init
 .text.HAL_SPI_Transmit
                0x000000000800713c      0x15c ./Drivers/STM32F4xx_HAL_Driver/Src/stm32f4xx_hal_spi.o
                0x000000000800713c                HAL_SPI_Transmit
 .text.HAL_SPI_TransmitReceive
                0x0000000008007298      0x1e8 ./Drivers/STM32F4xx_HAL_Driver/Src/stm32f4xx_hal_spi.o
                0x0000000008007298                HAL_SPI_TransmitReceive
 .text.HAL_SPI_GetState
                0x0000000008007480        0x6 ./Drivers/STM32F4xx_HAL_Driver/Src/stm32f4xx_hal_spi.o
                0x0000000008007480                HAL_SPI_GetState
 .text.UART_EndRxTransfer
                0x0000000008007486       0x5c ./Drivers/STM32F4xx_HAL_Driver/Src/stm32f4xx_hal_uart.o
 *fill*         0x00000000080074e2        0x2 
 .text.UART_SetConfig
                0x00000000080074e4       0xbc ./Drivers/STM32F4xx_HAL_Driver/Src/stm32f4xx_hal_uart.o
 .text.UART_WaitOnFlagUntilTimeout.constprop.0
                0x00000000080075a0       0x6c ./Drivers/STM32F4xx_HAL_Driver/Src/stm32f4xx_hal_uart.o
 .text.HAL_UART_Init
                0x000000000800760c       0x5c ./Drivers/STM32F4xx_HAL_Driver/Src/stm32f4xx_hal_uart.o
                0x000000000800760c                HAL_UART_Init
 .text.HAL_UART_DeInit
                0x0000000008007668       0x32 ./Drivers/STM32F4xx_HAL_Driver/Src/stm32f4xx_hal_uart.o
                0x0000000008007668                HAL_UART_DeInit
 .text.HAL_UART_Transmit
                0x000000000800769a       0xaa ./Drivers/STM32F4xx_HAL_Driver/Src/stm32f4xx_hal_uart.o
                0x000000000800769a                HAL_UART_Transmit
 .text.HAL_UART_Transmit_DMA
                0x0000000008007744       0x84 ./Drivers/STM32F4xx_HAL_Driver/Src/stm32f4xx_hal_uart.o
                0x0000000008007744                HAL_UART_Transmit_DMA
 .text.HAL_UART_TxCpltCallback
                0x00000000080077c8        0x2 ./Drivers/STM32F4xx_HAL_Driver/Src/stm32f4xx_hal_uart.o
                0x00000000080077c8                HAL_UART_TxCpltCallback
 .text.UART_DMATransmitCplt
                0x00000000080077ca       0x4c ./Drivers/STM32F4xx_HAL_Driver/Src/stm32f4xx_hal_uart.o
 .text.HAL_UART_TxHalfCpltCallback
                0x0000000008007816        0x2 ./Drivers/STM32F4xx_HAL_Driver/Src/stm32f4xx_hal_uart.o
                0x0000000008007816                HAL_UART_TxHalfCpltCallback
 .text.UART_DMATxHalfCplt
                0x0000000008007818        0xa ./Drivers/STM32F4xx_HAL_Driver/Src/stm32f4xx_hal_uart.o
 .text.HAL_UART_RxHalfCpltCallback
                0x0000000008007822        0x2 ./Drivers/STM32F4xx_HAL_Driver/Src/stm32f4xx_hal_uart.o
                0x0000000008007822                HAL_UART_RxHalfCpltCallback
 .text.HAL_UART_ErrorCallback
                0x0000000008007824        0x2 ./Drivers/STM32F4xx_HAL_Driver/Src/stm32f4xx_hal_uart.o
                0x0000000008007824                HAL_UART_ErrorCallback
 .text.UART_DMAError
                0x0000000008007826       0x5a ./Drivers/STM32F4xx_HAL_Driver/Src/stm32f4xx_hal_uart.o
 .text.UART_DMAAbortOnError
                0x0000000008007880       0x10 ./Drivers/STM32F4xx_HAL_Driver/Src/stm32f4xx_hal_uart.o
 .text.HAL_UARTEx_RxEventCallback
                0x0000000008007890        0x2 ./Drivers/STM32F4xx_HAL_Driver/Src/stm32f4xx_hal_uart.o
                0x0000000008007890                HAL_UARTEx_RxEventCallback
 .text.UART_DMARxHalfCplt
                0x0000000008007892       0x1a ./Drivers/STM32F4xx_HAL_Driver/Src/stm32f4xx_hal_uart.o
 .text.UART_DMAReceiveCplt
                0x00000000080078ac       0x94 ./Drivers/STM32F4xx_HAL_Driver/Src/stm32f4xx_hal_uart.o
 .text.UART_Receive_IT.part.0.isra.0
                0x0000000008007940       0xac ./Drivers/STM32F4xx_HAL_Driver/Src/stm32f4xx_hal_uart.o
 .text.HAL_UART_IRQHandler
                0x00000000080079ec      0x2a0 ./Drivers/STM32F4xx_HAL_Driver/Src/stm32f4xx_hal_uart.o
                0x00000000080079ec                HAL_UART_IRQHandler
 .text.UART_Start_Receive_DMA
                0x0000000008007c8c       0x9c ./Drivers/STM32F4xx_HAL_Driver/Src/stm32f4xx_hal_uart.o
                0x0000000008007c8c                UART_Start_Receive_DMA
 .text.HAL_UART_Receive_DMA
                0x0000000008007d28       0x30 ./Drivers/STM32F4xx_HAL_Driver/Src/stm32f4xx_hal_uart.o
                0x0000000008007d28                HAL_UART_Receive_DMA
 .text.MX_FATFS_Init
                0x0000000008007d58       0x1c ./FATFS/App/fatfs.o
                0x0000000008007d58                MX_FATFS_Init
 .text.get_fattime
                0x0000000008007d74        0x4 ./FATFS/App/fatfs.o
                0x0000000008007d74                get_fattime
 .text.USER_initialize
                0x0000000008007d78        0xa ./FATFS/Target/user_diskio.o
                0x0000000008007d78                USER_initialize
 .text.USER_status
                0x0000000008007d82        0xa ./FATFS/Target/user_diskio.o
                0x0000000008007d82                USER_status
 .text.USER_read
                0x0000000008007d8c        0xa ./FATFS/Target/user_diskio.o
                0x0000000008007d8c                USER_read
 .text.USER_write
                0x0000000008007d96        0xa ./FATFS/Target/user_diskio.o
                0x0000000008007d96                USER_write
 .text.USER_ioctl
                0x0000000008007da0        0xa ./FATFS/Target/user_diskio.o
                0x0000000008007da0                USER_ioctl
 *fill*         0x0000000008007daa        0x2 
 .text.disk_status
                0x0000000008007dac       0x14 ./Middlewares/Third_Party/FatFs/src/diskio.o
                0x0000000008007dac                disk_status
 .text.disk_initialize
                0x0000000008007dc0       0x20 ./Middlewares/Third_Party/FatFs/src/diskio.o
                0x0000000008007dc0                disk_initialize
 .text.disk_read
                0x0000000008007de0       0x1c ./Middlewares/Third_Party/FatFs/src/diskio.o
                0x0000000008007de0                disk_read
 .text.disk_write
                0x0000000008007dfc       0x1c ./Middlewares/Third_Party/FatFs/src/diskio.o
                0x0000000008007dfc                disk_write
 .text.disk_ioctl
                0x0000000008007e18       0x1c ./Middlewares/Third_Party/FatFs/src/diskio.o
                0x0000000008007e18                disk_ioctl
 .text.ld_dword
                0x0000000008007e34        0x4 ./Middlewares/Third_Party/FatFs/src/ff.o
 .text.st_dword
                0x0000000008007e38       0x10 ./Middlewares/Third_Party/FatFs/src/ff.o
 .text.mem_set  0x0000000008007e48        0xc ./Middlewares/Third_Party/FatFs/src/ff.o
 .text.chk_lock
                0x0000000008007e54       0x74 ./Middlewares/Third_Party/FatFs/src/ff.o
 .text.inc_lock
                0x0000000008007ec8       0x84 ./Middlewares/Third_Party/FatFs/src/ff.o
 .text.dec_lock
                0x0000000008007f4c       0x3c ./Middlewares/Third_Party/FatFs/src/ff.o
 .text.clear_lock
                0x0000000008007f88       0x1c ./Middlewares/Third_Party/FatFs/src/ff.o
 .text.clust2sect
                0x0000000008007fa4       0x16 ./Middlewares/Third_Party/FatFs/src/ff.o
 .text.clmt_clust
                0x0000000008007fba       0x26 ./Middlewares/Third_Party/FatFs/src/ff.o
 .text.st_clust
                0x0000000008007fe0       0x18 ./Middlewares/Third_Party/FatFs/src/ff.o
 .text.sum_sfn  0x0000000008007ff8       0x1e ./Middlewares/Third_Party/FatFs/src/ff.o
 .text.get_ldnumber
                0x0000000008008016       0x30 ./Middlewares/Third_Party/FatFs/src/ff.o
 .text.validate
                0x0000000008008046       0x34 ./Middlewares/Third_Party/FatFs/src/ff.o
 .text.mem_cpy.part.0
                0x000000000800807a       0x12 ./Middlewares/Third_Party/FatFs/src/ff.o
 .text.sync_window.part.0
                0x000000000800808c       0x4c ./Middlewares/Third_Party/FatFs/src/ff.o
 .text.sync_window
                0x00000000080080d8        0xc ./Middlewares/Third_Party/FatFs/src/ff.o
 .text.move_window
                0x00000000080080e4       0x32 ./Middlewares/Third_Party/FatFs/src/ff.o
 *fill*         0x0000000008008116        0x2 
 .text.check_fs
                0x0000000008008118       0x74 ./Middlewares/Third_Party/FatFs/src/ff.o
 .text.find_volume
                0x000000000800818c      0x29c ./Middlewares/Third_Party/FatFs/src/ff.o
 .text.put_fat  0x0000000008008428      0x12a ./Middlewares/Third_Party/FatFs/src/ff.o
 .text.sync_fs  0x0000000008008552       0x94 ./Middlewares/Third_Party/FatFs/src/ff.o
 .text.ld_clust.isra.0
                0x00000000080085e6       0x10 ./Middlewares/Third_Party/FatFs/src/ff.o
 .text.get_fat.isra.0
                0x00000000080085f6       0xd6 ./Middlewares/Third_Party/FatFs/src/ff.o
 .text.remove_chain
                0x00000000080086cc       0x70 ./Middlewares/Third_Party/FatFs/src/ff.o
 .text.create_chain
                0x000000000800873c       0xb0 ./Middlewares/Third_Party/FatFs/src/ff.o
 .text.dir_sdi  0x00000000080087ec       0x88 ./Middlewares/Third_Party/FatFs/src/ff.o
 .text.dir_next
                0x0000000008008874       0xfc ./Middlewares/Third_Party/FatFs/src/ff.o
 .text.dir_find
                0x0000000008008970      0x160 ./Middlewares/Third_Party/FatFs/src/ff.o
 .text.dir_register
                0x0000000008008ad0      0x284 ./Middlewares/Third_Party/FatFs/src/ff.o
 .text.follow_path
                0x0000000008008d54      0x268 ./Middlewares/Third_Party/FatFs/src/ff.o
 .text.f_mount  0x0000000008008fbc       0x54 ./Middlewares/Third_Party/FatFs/src/ff.o
                0x0000000008008fbc                f_mount
 .text.f_open   0x0000000008009010      0x208 ./Middlewares/Third_Party/FatFs/src/ff.o
                0x0000000008009010                f_open
 .text.f_write  0x0000000008009218      0x1a0 ./Middlewares/Third_Party/FatFs/src/ff.o
                0x0000000008009218                f_write
 .text.putc_bfd
                0x00000000080093b8       0x44 ./Middlewares/Third_Party/FatFs/src/ff.o
 .text.putc_flush
                0x00000000080093fc       0x2e ./Middlewares/Third_Party/FatFs/src/ff.o
 .text.f_sync   0x000000000800942a       0x92 ./Middlewares/Third_Party/FatFs/src/ff.o
                0x000000000800942a                f_sync
 .text.f_close  0x00000000080094bc       0x22 ./Middlewares/Third_Party/FatFs/src/ff.o
                0x00000000080094bc                f_close
 .text.f_getfree
                0x00000000080094de       0xc6 ./Middlewares/Third_Party/FatFs/src/ff.o
                0x00000000080094de                f_getfree
 .text.f_printf
                0x00000000080095a4      0x228 ./Middlewares/Third_Party/FatFs/src/ff.o
                0x00000000080095a4                f_printf
 .text.FATFS_LinkDriverEx
                0x00000000080097cc       0x40 ./Middlewares/Third_Party/FatFs/src/ff_gen_drv.o
                0x00000000080097cc                FATFS_LinkDriverEx
 .text.FATFS_LinkDriver
                0x000000000800980c        0x6 ./Middlewares/Third_Party/FatFs/src/ff_gen_drv.o
                0x000000000800980c                FATFS_LinkDriver
 *fill*         0x0000000008009812        0x2 
 .text.ff_convert
                0x0000000008009814       0x3c ./Middlewares/Third_Party/FatFs/src/option/ccsbcs.o
                0x0000000008009814                ff_convert
 .text.ff_wtoupper
                0x0000000008009850       0x84 ./Middlewares/Third_Party/FatFs/src/option/ccsbcs.o
                0x0000000008009850                ff_wtoupper
 .text.__errno  0x00000000080098d4        0xc c:/st/stm32cubeide_1.7.0/stm32cubeide/plugins/com.st.stm32cube.ide.mcu.externaltools.gnu-tools-for-stm32.10.3-2021.10.win32_1.0.0.202111181127/tools/bin/../lib/gcc/arm-none-eabi/10.3.1/../../../../arm-none-eabi/lib/thumb/v7e-m+fp/hard\libc_nano.a(lib_a-errno.o)
                0x00000000080098d4                __errno
 .text.__libc_init_array
                0x00000000080098e0       0x48 c:/st/stm32cubeide_1.7.0/stm32cubeide/plugins/com.st.stm32cube.ide.mcu.externaltools.gnu-tools-for-stm32.10.3-2021.10.win32_1.0.0.202111181127/tools/bin/../lib/gcc/arm-none-eabi/10.3.1/../../../../arm-none-eabi/lib/thumb/v7e-m+fp/hard\libc_nano.a(lib_a-init.o)
                0x00000000080098e0                __libc_init_array
 .text.memset   0x0000000008009928       0x10 c:/st/stm32cubeide_1.7.0/stm32cubeide/plugins/com.st.stm32cube.ide.mcu.externaltools.gnu-tools-for-stm32.10.3-2021.10.win32_1.0.0.202111181127/tools/bin/../lib/gcc/arm-none-eabi/10.3.1/../../../../arm-none-eabi/lib/thumb/v7e-m+fp/hard\libc_nano.a(lib_a-memset.o)
                0x0000000008009928                memset
 .text.__cvt    0x0000000008009938       0xc4 c:/st/stm32cubeide_1.7.0/stm32cubeide/plugins/com.st.stm32cube.ide.mcu.externaltools.gnu-tools-for-stm32.10.3-2021.10.win32_1.0.0.202111181127/tools/bin/../lib/gcc/arm-none-eabi/10.3.1/../../../../arm-none-eabi/lib/thumb/v7e-m+fp/hard\libc_nano.a(lib_a-nano-vfprintf_float.o)
                0x0000000008009938                __cvt
 .text.__exponent
                0x00000000080099fc       0x7c c:/st/stm32cubeide_1.7.0/stm32cubeide/plugins/com.st.stm32cube.ide.mcu.externaltools.gnu-tools-for-stm32.10.3-2021.10.win32_1.0.0.202111181127/tools/bin/../lib/gcc/arm-none-eabi/10.3.1/../../../../arm-none-eabi/lib/thumb/v7e-m+fp/hard\libc_nano.a(lib_a-nano-vfprintf_float.o)
                0x00000000080099fc                __exponent
 .text._printf_float
                0x0000000008009a78      0x46c c:/st/stm32cubeide_1.7.0/stm32cubeide/plugins/com.st.stm32cube.ide.mcu.externaltools.gnu-tools-for-stm32.10.3-2021.10.win32_1.0.0.202111181127/tools/bin/../lib/gcc/arm-none-eabi/10.3.1/../../../../arm-none-eabi/lib/thumb/v7e-m+fp/hard\libc_nano.a(lib_a-nano-vfprintf_float.o)
                0x0000000008009a78                _printf_float
 .text._printf_common
                0x0000000008009ee4       0xda c:/st/stm32cubeide_1.7.0/stm32cubeide/plugins/com.st.stm32cube.ide.mcu.externaltools.gnu-tools-for-stm32.10.3-2021.10.win32_1.0.0.202111181127/tools/bin/../lib/gcc/arm-none-eabi/10.3.1/../../../../arm-none-eabi/lib/thumb/v7e-m+fp/hard\libc_nano.a(lib_a-nano-vfprintf_i.o)
                0x0000000008009ee4                _printf_common
 *fill*         0x0000000008009fbe        0x2 
 .text._printf_i
                0x0000000008009fc0      0x24c c:/st/stm32cubeide_1.7.0/stm32cubeide/plugins/com.st.stm32cube.ide.mcu.externaltools.gnu-tools-for-stm32.10.3-2021.10.win32_1.0.0.202111181127/tools/bin/../lib/gcc/arm-none-eabi/10.3.1/../../../../arm-none-eabi/lib/thumb/v7e-m+fp/hard\libc_nano.a(lib_a-nano-vfprintf_i.o)
                0x0000000008009fc0                _printf_i
 .text._scanf_float
                0x000000000800a20c      0x420 c:/st/stm32cubeide_1.7.0/stm32cubeide/plugins/com.st.stm32cube.ide.mcu.externaltools.gnu-tools-for-stm32.10.3-2021.10.win32_1.0.0.202111181127/tools/bin/../lib/gcc/arm-none-eabi/10.3.1/../../../../arm-none-eabi/lib/thumb/v7e-m+fp/hard\libc_nano.a(lib_a-nano-vfscanf_float.o)
                0x000000000800a20c                _scanf_float
 .text.nanf     0x000000000800a62c        0xc c:/st/stm32cubeide_1.7.0/stm32cubeide/plugins/com.st.stm32cube.ide.mcu.externaltools.gnu-tools-for-stm32.10.3-2021.10.win32_1.0.0.202111181127/tools/bin/../lib/gcc/arm-none-eabi/10.3.1/../../../../arm-none-eabi/lib/thumb/v7e-m+fp/hard\libc_nano.a(lib_a-sf_nan.o)
                0x000000000800a62c                nanf
 .text.sprintf  0x000000000800a638       0x40 c:/st/stm32cubeide_1.7.0/stm32cubeide/plugins/com.st.stm32cube.ide.mcu.externaltools.gnu-tools-for-stm32.10.3-2021.10.win32_1.0.0.202111181127/tools/bin/../lib/gcc/arm-none-eabi/10.3.1/../../../../arm-none-eabi/lib/thumb/v7e-m+fp/hard\libc_nano.a(lib_a-sprintf.o)
                0x000000000800a638                siprintf
                0x000000000800a638                sprintf
 .text.sscanf   0x000000000800a678       0x58 c:/st/stm32cubeide_1.7.0/stm32cubeide/plugins/com.st.stm32cube.ide.mcu.externaltools.gnu-tools-for-stm32.10.3-2021.10.win32_1.0.0.202111181127/tools/bin/../lib/gcc/arm-none-eabi/10.3.1/../../../../arm-none-eabi/lib/thumb/v7e-m+fp/hard\libc_nano.a(lib_a-sscanf.o)
                0x000000000800a678                siscanf
                0x000000000800a678                sscanf
 .text.__sread  0x000000000800a6d0       0x22 c:/st/stm32cubeide_1.7.0/stm32cubeide/plugins/com.st.stm32cube.ide.mcu.externaltools.gnu-tools-for-stm32.10.3-2021.10.win32_1.0.0.202111181127/tools/bin/../lib/gcc/arm-none-eabi/10.3.1/../../../../arm-none-eabi/lib/thumb/v7e-m+fp/hard\libc_nano.a(lib_a-stdio.o)
                0x000000000800a6d0                __sread
 .text.__seofread
                0x000000000800a6f2        0x4 c:/st/stm32cubeide_1.7.0/stm32cubeide/plugins/com.st.stm32cube.ide.mcu.externaltools.gnu-tools-for-stm32.10.3-2021.10.win32_1.0.0.202111181127/tools/bin/../lib/gcc/arm-none-eabi/10.3.1/../../../../arm-none-eabi/lib/thumb/v7e-m+fp/hard\libc_nano.a(lib_a-stdio.o)
                0x000000000800a6f2                __seofread
 .text.__swrite
                0x000000000800a6f6       0x38 c:/st/stm32cubeide_1.7.0/stm32cubeide/plugins/com.st.stm32cube.ide.mcu.externaltools.gnu-tools-for-stm32.10.3-2021.10.win32_1.0.0.202111181127/tools/bin/../lib/gcc/arm-none-eabi/10.3.1/../../../../arm-none-eabi/lib/thumb/v7e-m+fp/hard\libc_nano.a(lib_a-stdio.o)
                0x000000000800a6f6                __swrite
 .text.__sseek  0x000000000800a72e       0x24 c:/st/stm32cubeide_1.7.0/stm32cubeide/plugins/com.st.stm32cube.ide.mcu.externaltools.gnu-tools-for-stm32.10.3-2021.10.win32_1.0.0.202111181127/tools/bin/../lib/gcc/arm-none-eabi/10.3.1/../../../../arm-none-eabi/lib/thumb/v7e-m+fp/hard\libc_nano.a(lib_a-stdio.o)
                0x000000000800a72e                __sseek
 .text.__sclose
                0x000000000800a752        0x8 c:/st/stm32cubeide_1.7.0/stm32cubeide/plugins/com.st.stm32cube.ide.mcu.externaltools.gnu-tools-for-stm32.10.3-2021.10.win32_1.0.0.202111181127/tools/bin/../lib/gcc/arm-none-eabi/10.3.1/../../../../arm-none-eabi/lib/thumb/v7e-m+fp/hard\libc_nano.a(lib_a-stdio.o)
                0x000000000800a752                __sclose
 .text.strcpy   0x000000000800a75a       0x10 c:/st/stm32cubeide_1.7.0/stm32cubeide/plugins/com.st.stm32cube.ide.mcu.externaltools.gnu-tools-for-stm32.10.3-2021.10.win32_1.0.0.202111181127/tools/bin/../lib/gcc/arm-none-eabi/10.3.1/../../../../arm-none-eabi/lib/thumb/v7e-m+fp/hard\libc_nano.a(lib_a-strcpy.o)
                0x000000000800a75a                strcpy
 .text.strstr   0x000000000800a76a       0x2c c:/st/stm32cubeide_1.7.0/stm32cubeide/plugins/com.st.stm32cube.ide.mcu.externaltools.gnu-tools-for-stm32.10.3-2021.10.win32_1.0.0.202111181127/tools/bin/../lib/gcc/arm-none-eabi/10.3.1/../../../../arm-none-eabi/lib/thumb/v7e-m+fp/hard\libc_nano.a(lib_a-strstr.o)
                0x000000000800a76a                strstr
 .text.sulp     0x000000000800a796       0x38 c:/st/stm32cubeide_1.7.0/stm32cubeide/plugins/com.st.stm32cube.ide.mcu.externaltools.gnu-tools-for-stm32.10.3-2021.10.win32_1.0.0.202111181127/tools/bin/../lib/gcc/arm-none-eabi/10.3.1/../../../../arm-none-eabi/lib/thumb/v7e-m+fp/hard\libc_nano.a(lib_a-strtod.o)
 *fill*         0x000000000800a7ce        0x2 
 .text._strtod_l
                0x000000000800a7d0      0xc0c c:/st/stm32cubeide_1.7.0/stm32cubeide/plugins/com.st.stm32cube.ide.mcu.externaltools.gnu-tools-for-stm32.10.3-2021.10.win32_1.0.0.202111181127/tools/bin/../lib/gcc/arm-none-eabi/10.3.1/../../../../arm-none-eabi/lib/thumb/v7e-m+fp/hard\libc_nano.a(lib_a-strtod.o)
                0x000000000800a7d0                _strtod_l
 .text._strtod_r
                0x000000000800b3dc        0xc c:/st/stm32cubeide_1.7.0/stm32cubeide/plugins/com.st.stm32cube.ide.mcu.externaltools.gnu-tools-for-stm32.10.3-2021.10.win32_1.0.0.202111181127/tools/bin/../lib/gcc/arm-none-eabi/10.3.1/../../../../arm-none-eabi/lib/thumb/v7e-m+fp/hard\libc_nano.a(lib_a-strtod.o)
                0x000000000800b3dc                _strtod_r
 .text._strtol_l.constprop.0
                0x000000000800b3e8      0x104 c:/st/stm32cubeide_1.7.0/stm32cubeide/plugins/com.st.stm32cube.ide.mcu.externaltools.gnu-tools-for-stm32.10.3-2021.10.win32_1.0.0.202111181127/tools/bin/../lib/gcc/arm-none-eabi/10.3.1/../../../../arm-none-eabi/lib/thumb/v7e-m+fp/hard\libc_nano.a(lib_a-strtol.o)
 .text._strtol_r
                0x000000000800b4ec        0x4 c:/st/stm32cubeide_1.7.0/stm32cubeide/plugins/com.st.stm32cube.ide.mcu.externaltools.gnu-tools-for-stm32.10.3-2021.10.win32_1.0.0.202111181127/tools/bin/../lib/gcc/arm-none-eabi/10.3.1/../../../../arm-none-eabi/lib/thumb/v7e-m+fp/hard\libc_nano.a(lib_a-strtol.o)
                0x000000000800b4ec                _strtol_r
 .text._write_r
                0x000000000800b4f0       0x24 c:/st/stm32cubeide_1.7.0/stm32cubeide/plugins/com.st.stm32cube.ide.mcu.externaltools.gnu-tools-for-stm32.10.3-2021.10.win32_1.0.0.202111181127/tools/bin/../lib/gcc/arm-none-eabi/10.3.1/../../../../arm-none-eabi/lib/thumb/v7e-m+fp/hard\libc_nano.a(lib_a-writer.o)
                0x000000000800b4f0                _write_r
 .text._close_r
                0x000000000800b514       0x20 c:/st/stm32cubeide_1.7.0/stm32cubeide/plugins/com.st.stm32cube.ide.mcu.externaltools.gnu-tools-for-stm32.10.3-2021.10.win32_1.0.0.202111181127/tools/bin/../lib/gcc/arm-none-eabi/10.3.1/../../../../arm-none-eabi/lib/thumb/v7e-m+fp/hard\libc_nano.a(lib_a-closer.o)
                0x000000000800b514                _close_r
 .text.quorem   0x000000000800b534      0x116 c:/st/stm32cubeide_1.7.0/stm32cubeide/plugins/com.st.stm32cube.ide.mcu.externaltools.gnu-tools-for-stm32.10.3-2021.10.win32_1.0.0.202111181127/tools/bin/../lib/gcc/arm-none-eabi/10.3.1/../../../../arm-none-eabi/lib/thumb/v7e-m+fp/hard\libc_nano.a(lib_a-dtoa.o)
 *fill*         0x000000000800b64a        0x6 
 .text._dtoa_r  0x000000000800b650      0xbdc c:/st/stm32cubeide_1.7.0/stm32cubeide/plugins/com.st.stm32cube.ide.mcu.externaltools.gnu-tools-for-stm32.10.3-2021.10.win32_1.0.0.202111181127/tools/bin/../lib/gcc/arm-none-eabi/10.3.1/../../../../arm-none-eabi/lib/thumb/v7e-m+fp/hard\libc_nano.a(lib_a-dtoa.o)
                0x000000000800b650                _dtoa_r
 .text.rshift   0x000000000800c22c       0xa4 c:/st/stm32cubeide_1.7.0/stm32cubeide/plugins/com.st.stm32cube.ide.mcu.externaltools.gnu-tools-for-stm32.10.3-2021.10.win32_1.0.0.202111181127/tools/bin/../lib/gcc/arm-none-eabi/10.3.1/../../../../arm-none-eabi/lib/thumb/v7e-m+fp/hard\libc_nano.a(lib_a-gdtoa-gethex.o)
 .text.__hexdig_fun
                0x000000000800c2d0       0x2a c:/st/stm32cubeide_1.7.0/stm32cubeide/plugins/com.st.stm32cube.ide.mcu.externaltools.gnu-tools-for-stm32.10.3-2021.10.win32_1.0.0.202111181127/tools/bin/../lib/gcc/arm-none-eabi/10.3.1/../../../../arm-none-eabi/lib/thumb/v7e-m+fp/hard\libc_nano.a(lib_a-gdtoa-gethex.o)
                0x000000000800c2d0                __hexdig_fun
 *fill*         0x000000000800c2fa        0x2 
 .text.__gethex
                0x000000000800c2fc      0x48c c:/st/stm32cubeide_1.7.0/stm32cubeide/plugins/com.st.stm32cube.ide.mcu.externaltools.gnu-tools-for-stm32.10.3-2021.10.win32_1.0.0.202111181127/tools/bin/../lib/gcc/arm-none-eabi/10.3.1/../../../../arm-none-eabi/lib/thumb/v7e-m+fp/hard\libc_nano.a(lib_a-gdtoa-gethex.o)
                0x000000000800c2fc                __gethex
 .text.L_shift  0x000000000800c788       0x24 c:/st/stm32cubeide_1.7.0/stm32cubeide/plugins/com.st.stm32cube.ide.mcu.externaltools.gnu-tools-for-stm32.10.3-2021.10.win32_1.0.0.202111181127/tools/bin/../lib/gcc/arm-none-eabi/10.3.1/../../../../arm-none-eabi/lib/thumb/v7e-m+fp/hard\libc_nano.a(lib_a-gdtoa-hexnan.o)
 .text.__match  0x000000000800c7ac       0x28 c:/st/stm32cubeide_1.7.0/stm32cubeide/plugins/com.st.stm32cube.ide.mcu.externaltools.gnu-tools-for-stm32.10.3-2021.10.win32_1.0.0.202111181127/tools/bin/../lib/gcc/arm-none-eabi/10.3.1/../../../../arm-none-eabi/lib/thumb/v7e-m+fp/hard\libc_nano.a(lib_a-gdtoa-hexnan.o)
                0x000000000800c7ac                __match
 .text.__hexnan
                0x000000000800c7d4      0x138 c:/st/stm32cubeide_1.7.0/stm32cubeide/plugins/com.st.stm32cube.ide.mcu.externaltools.gnu-tools-for-stm32.10.3-2021.10.win32_1.0.0.202111181127/tools/bin/../lib/gcc/arm-none-eabi/10.3.1/../../../../arm-none-eabi/lib/thumb/v7e-m+fp/hard\libc_nano.a(lib_a-gdtoa-hexnan.o)
                0x000000000800c7d4                __hexnan
 .text._localeconv_r
                0x000000000800c90c        0x8 c:/st/stm32cubeide_1.7.0/stm32cubeide/plugins/com.st.stm32cube.ide.mcu.externaltools.gnu-tools-for-stm32.10.3-2021.10.win32_1.0.0.202111181127/tools/bin/../lib/gcc/arm-none-eabi/10.3.1/../../../../arm-none-eabi/lib/thumb/v7e-m+fp/hard\libc_nano.a(lib_a-localeconv.o)
                0x000000000800c90c                _localeconv_r
 .text._lseek_r
                0x000000000800c914       0x24 c:/st/stm32cubeide_1.7.0/stm32cubeide/plugins/com.st.stm32cube.ide.mcu.externaltools.gnu-tools-for-stm32.10.3-2021.10.win32_1.0.0.202111181127/tools/bin/../lib/gcc/arm-none-eabi/10.3.1/../../../../arm-none-eabi/lib/thumb/v7e-m+fp/hard\libc_nano.a(lib_a-lseekr.o)
                0x000000000800c914                _lseek_r
 .text.malloc   0x000000000800c938       0x10 c:/st/stm32cubeide_1.7.0/stm32cubeide/plugins/com.st.stm32cube.ide.mcu.externaltools.gnu-tools-for-stm32.10.3-2021.10.win32_1.0.0.202111181127/tools/bin/../lib/gcc/arm-none-eabi/10.3.1/../../../../arm-none-eabi/lib/thumb/v7e-m+fp/hard\libc_nano.a(lib_a-malloc.o)
                0x000000000800c938                malloc
 .text.__ascii_mbtowc
                0x000000000800c948       0x24 c:/st/stm32cubeide_1.7.0/stm32cubeide/plugins/com.st.stm32cube.ide.mcu.externaltools.gnu-tools-for-stm32.10.3-2021.10.win32_1.0.0.202111181127/tools/bin/../lib/gcc/arm-none-eabi/10.3.1/../../../../arm-none-eabi/lib/thumb/v7e-m+fp/hard\libc_nano.a(lib_a-mbtowc_r.o)
                0x000000000800c948                __ascii_mbtowc
 .text.memcpy   0x000000000800c96c       0x1c c:/st/stm32cubeide_1.7.0/stm32cubeide/plugins/com.st.stm32cube.ide.mcu.externaltools.gnu-tools-for-stm32.10.3-2021.10.win32_1.0.0.202111181127/tools/bin/../lib/gcc/arm-none-eabi/10.3.1/../../../../arm-none-eabi/lib/thumb/v7e-m+fp/hard\libc_nano.a(lib_a-memcpy-stub.o)
                0x000000000800c96c                memcpy
 .text._Balloc  0x000000000800c988       0x80 c:/st/stm32cubeide_1.7.0/stm32cubeide/plugins/com.st.stm32cube.ide.mcu.externaltools.gnu-tools-for-stm32.10.3-2021.10.win32_1.0.0.202111181127/tools/bin/../lib/gcc/arm-none-eabi/10.3.1/../../../../arm-none-eabi/lib/thumb/v7e-m+fp/hard\libc_nano.a(lib_a-mprec.o)
                0x000000000800c988                _Balloc
 .text._Bfree   0x000000000800ca08       0x44 c:/st/stm32cubeide_1.7.0/stm32cubeide/plugins/com.st.stm32cube.ide.mcu.externaltools.gnu-tools-for-stm32.10.3-2021.10.win32_1.0.0.202111181127/tools/bin/../lib/gcc/arm-none-eabi/10.3.1/../../../../arm-none-eabi/lib/thumb/v7e-m+fp/hard\libc_nano.a(lib_a-mprec.o)
                0x000000000800ca08                _Bfree
 .text.__multadd
                0x000000000800ca4c       0x8c c:/st/stm32cubeide_1.7.0/stm32cubeide/plugins/com.st.stm32cube.ide.mcu.externaltools.gnu-tools-for-stm32.10.3-2021.10.win32_1.0.0.202111181127/tools/bin/../lib/gcc/arm-none-eabi/10.3.1/../../../../arm-none-eabi/lib/thumb/v7e-m+fp/hard\libc_nano.a(lib_a-mprec.o)
                0x000000000800ca4c                __multadd
 .text.__s2b    0x000000000800cad8       0x94 c:/st/stm32cubeide_1.7.0/stm32cubeide/plugins/com.st.stm32cube.ide.mcu.externaltools.gnu-tools-for-stm32.10.3-2021.10.win32_1.0.0.202111181127/tools/bin/../lib/gcc/arm-none-eabi/10.3.1/../../../../arm-none-eabi/lib/thumb/v7e-m+fp/hard\libc_nano.a(lib_a-mprec.o)
                0x000000000800cad8                __s2b
 .text.__hi0bits
                0x000000000800cb6c       0x40 c:/st/stm32cubeide_1.7.0/stm32cubeide/plugins/com.st.stm32cube.ide.mcu.externaltools.gnu-tools-for-stm32.10.3-2021.10.win32_1.0.0.202111181127/tools/bin/../lib/gcc/arm-none-eabi/10.3.1/../../../../arm-none-eabi/lib/thumb/v7e-m+fp/hard\libc_nano.a(lib_a-mprec.o)
                0x000000000800cb6c                __hi0bits
 .text.__lo0bits
                0x000000000800cbac       0x5e c:/st/stm32cubeide_1.7.0/stm32cubeide/plugins/com.st.stm32cube.ide.mcu.externaltools.gnu-tools-for-stm32.10.3-2021.10.win32_1.0.0.202111181127/tools/bin/../lib/gcc/arm-none-eabi/10.3.1/../../../../arm-none-eabi/lib/thumb/v7e-m+fp/hard\libc_nano.a(lib_a-mprec.o)
                0x000000000800cbac                __lo0bits
 *fill*         0x000000000800cc0a        0x2 
 .text.__i2b    0x000000000800cc0c       0x2c c:/st/stm32cubeide_1.7.0/stm32cubeide/plugins/com.st.stm32cube.ide.mcu.externaltools.gnu-tools-for-stm32.10.3-2021.10.win32_1.0.0.202111181127/tools/bin/../lib/gcc/arm-none-eabi/10.3.1/../../../../arm-none-eabi/lib/thumb/v7e-m+fp/hard\libc_nano.a(lib_a-mprec.o)
                0x000000000800cc0c                __i2b
 .text.__multiply
                0x000000000800cc38      0x154 c:/st/stm32cubeide_1.7.0/stm32cubeide/plugins/com.st.stm32cube.ide.mcu.externaltools.gnu-tools-for-stm32.10.3-2021.10.win32_1.0.0.202111181127/tools/bin/../lib/gcc/arm-none-eabi/10.3.1/../../../../arm-none-eabi/lib/thumb/v7e-m+fp/hard\libc_nano.a(lib_a-mprec.o)
                0x000000000800cc38                __multiply
 .text.__pow5mult
                0x000000000800cd8c       0xb4 c:/st/stm32cubeide_1.7.0/stm32cubeide/plugins/com.st.stm32cube.ide.mcu.externaltools.gnu-tools-for-stm32.10.3-2021.10.win32_1.0.0.202111181127/tools/bin/../lib/gcc/arm-none-eabi/10.3.1/../../../../arm-none-eabi/lib/thumb/v7e-m+fp/hard\libc_nano.a(lib_a-mprec.o)
                0x000000000800cd8c                __pow5mult
 .text.__lshift
                0x000000000800ce40       0xe0 c:/st/stm32cubeide_1.7.0/stm32cubeide/plugins/com.st.stm32cube.ide.mcu.externaltools.gnu-tools-for-stm32.10.3-2021.10.win32_1.0.0.202111181127/tools/bin/../lib/gcc/arm-none-eabi/10.3.1/../../../../arm-none-eabi/lib/thumb/v7e-m+fp/hard\libc_nano.a(lib_a-mprec.o)
                0x000000000800ce40                __lshift
 .text.__mcmp   0x000000000800cf20       0x38 c:/st/stm32cubeide_1.7.0/stm32cubeide/plugins/com.st.stm32cube.ide.mcu.externaltools.gnu-tools-for-stm32.10.3-2021.10.win32_1.0.0.202111181127/tools/bin/../lib/gcc/arm-none-eabi/10.3.1/../../../../arm-none-eabi/lib/thumb/v7e-m+fp/hard\libc_nano.a(lib_a-mprec.o)
                0x000000000800cf20                __mcmp
 .text.__mdiff  0x000000000800cf58      0x114 c:/st/stm32cubeide_1.7.0/stm32cubeide/plugins/com.st.stm32cube.ide.mcu.externaltools.gnu-tools-for-stm32.10.3-2021.10.win32_1.0.0.202111181127/tools/bin/../lib/gcc/arm-none-eabi/10.3.1/../../../../arm-none-eabi/lib/thumb/v7e-m+fp/hard\libc_nano.a(lib_a-mprec.o)
                0x000000000800cf58                __mdiff
 .text.__ulp    0x000000000800d06c       0x58 c:/st/stm32cubeide_1.7.0/stm32cubeide/plugins/com.st.stm32cube.ide.mcu.externaltools.gnu-tools-for-stm32.10.3-2021.10.win32_1.0.0.202111181127/tools/bin/../lib/gcc/arm-none-eabi/10.3.1/../../../../arm-none-eabi/lib/thumb/v7e-m+fp/hard\libc_nano.a(lib_a-mprec.o)
                0x000000000800d06c                __ulp
 .text.__b2d    0x000000000800d0c4       0xa0 c:/st/stm32cubeide_1.7.0/stm32cubeide/plugins/com.st.stm32cube.ide.mcu.externaltools.gnu-tools-for-stm32.10.3-2021.10.win32_1.0.0.202111181127/tools/bin/../lib/gcc/arm-none-eabi/10.3.1/../../../../arm-none-eabi/lib/thumb/v7e-m+fp/hard\libc_nano.a(lib_a-mprec.o)
                0x000000000800d0c4                __b2d
 .text.__d2b    0x000000000800d164       0xb8 c:/st/stm32cubeide_1.7.0/stm32cubeide/plugins/com.st.stm32cube.ide.mcu.externaltools.gnu-tools-for-stm32.10.3-2021.10.win32_1.0.0.202111181127/tools/bin/../lib/gcc/arm-none-eabi/10.3.1/../../../../arm-none-eabi/lib/thumb/v7e-m+fp/hard\libc_nano.a(lib_a-mprec.o)
                0x000000000800d164                __d2b
 .text.__ratio  0x000000000800d21c       0x66 c:/st/stm32cubeide_1.7.0/stm32cubeide/plugins/com.st.stm32cube.ide.mcu.externaltools.gnu-tools-for-stm32.10.3-2021.10.win32_1.0.0.202111181127/tools/bin/../lib/gcc/arm-none-eabi/10.3.1/../../../../arm-none-eabi/lib/thumb/v7e-m+fp/hard\libc_nano.a(lib_a-mprec.o)
                0x000000000800d21c                __ratio
 .text.__copybits
                0x000000000800d282       0x46 c:/st/stm32cubeide_1.7.0/stm32cubeide/plugins/com.st.stm32cube.ide.mcu.externaltools.gnu-tools-for-stm32.10.3-2021.10.win32_1.0.0.202111181127/tools/bin/../lib/gcc/arm-none-eabi/10.3.1/../../../../arm-none-eabi/lib/thumb/v7e-m+fp/hard\libc_nano.a(lib_a-mprec.o)
                0x000000000800d282                __copybits
 .text.__any_on
                0x000000000800d2c8       0x42 c:/st/stm32cubeide_1.7.0/stm32cubeide/plugins/com.st.stm32cube.ide.mcu.externaltools.gnu-tools-for-stm32.10.3-2021.10.win32_1.0.0.202111181127/tools/bin/../lib/gcc/arm-none-eabi/10.3.1/../../../../arm-none-eabi/lib/thumb/v7e-m+fp/hard\libc_nano.a(lib_a-mprec.o)
                0x000000000800d2c8                __any_on
 .text._calloc_r
                0x000000000800d30a       0x2c c:/st/stm32cubeide_1.7.0/stm32cubeide/plugins/com.st.stm32cube.ide.mcu.externaltools.gnu-tools-for-stm32.10.3-2021.10.win32_1.0.0.202111181127/tools/bin/../lib/gcc/arm-none-eabi/10.3.1/../../../../arm-none-eabi/lib/thumb/v7e-m+fp/hard\libc_nano.a(lib_a-nano-callocr.o)
                0x000000000800d30a                _calloc_r
 *fill*         0x000000000800d336        0x2 
 .text._free_r  0x000000000800d338       0x98 c:/st/stm32cubeide_1.7.0/stm32cubeide/plugins/com.st.stm32cube.ide.mcu.externaltools.gnu-tools-for-stm32.10.3-2021.10.win32_1.0.0.202111181127/tools/bin/../lib/gcc/arm-none-eabi/10.3.1/../../../../arm-none-eabi/lib/thumb/v7e-m+fp/hard\libc_nano.a(lib_a-nano-freer.o)
                0x000000000800d338                _free_r
 .text.sbrk_aligned
                0x000000000800d3d0       0x40 c:/st/stm32cubeide_1.7.0/stm32cubeide/plugins/com.st.stm32cube.ide.mcu.externaltools.gnu-tools-for-stm32.10.3-2021.10.win32_1.0.0.202111181127/tools/bin/../lib/gcc/arm-none-eabi/10.3.1/../../../../arm-none-eabi/lib/thumb/v7e-m+fp/hard\libc_nano.a(lib_a-nano-mallocr.o)
 .text._malloc_r
                0x000000000800d410       0xe8 c:/st/stm32cubeide_1.7.0/stm32cubeide/plugins/com.st.stm32cube.ide.mcu.externaltools.gnu-tools-for-stm32.10.3-2021.10.win32_1.0.0.202111181127/tools/bin/../lib/gcc/arm-none-eabi/10.3.1/../../../../arm-none-eabi/lib/thumb/v7e-m+fp/hard\libc_nano.a(lib_a-nano-mallocr.o)
                0x000000000800d410                _malloc_r
 .text.__ssputs_r
                0x000000000800d4f8       0xb6 c:/st/stm32cubeide_1.7.0/stm32cubeide/plugins/com.st.stm32cube.ide.mcu.externaltools.gnu-tools-for-stm32.10.3-2021.10.win32_1.0.0.202111181127/tools/bin/../lib/gcc/arm-none-eabi/10.3.1/../../../../arm-none-eabi/lib/thumb/v7e-m+fp/hard\libc_nano.a(lib_a-nano-svfprintf.o)
                0x000000000800d4f8                __ssputs_r
 *fill*         0x000000000800d5ae        0x2 
 .text._svfprintf_r
                0x000000000800d5b0      0x200 c:/st/stm32cubeide_1.7.0/stm32cubeide/plugins/com.st.stm32cube.ide.mcu.externaltools.gnu-tools-for-stm32.10.3-2021.10.win32_1.0.0.202111181127/tools/bin/../lib/gcc/arm-none-eabi/10.3.1/../../../../arm-none-eabi/lib/thumb/v7e-m+fp/hard\libc_nano.a(lib_a-nano-svfprintf.o)
                0x000000000800d5b0                _svfiprintf_r
                0x000000000800d5b0                _svfprintf_r
 .text._sungetc_r
                0x000000000800d7b0       0x7a c:/st/stm32cubeide_1.7.0/stm32cubeide/plugins/com.st.stm32cube.ide.mcu.externaltools.gnu-tools-for-stm32.10.3-2021.10.win32_1.0.0.202111181127/tools/bin/../lib/gcc/arm-none-eabi/10.3.1/../../../../arm-none-eabi/lib/thumb/v7e-m+fp/hard\libc_nano.a(lib_a-nano-svfscanf.o)
                0x000000000800d7b0                _sungetc_r
 .text.__ssrefill_r
                0x000000000800d82a       0x3a c:/st/stm32cubeide_1.7.0/stm32cubeide/plugins/com.st.stm32cube.ide.mcu.externaltools.gnu-tools-for-stm32.10.3-2021.10.win32_1.0.0.202111181127/tools/bin/../lib/gcc/arm-none-eabi/10.3.1/../../../../arm-none-eabi/lib/thumb/v7e-m+fp/hard\libc_nano.a(lib_a-nano-svfscanf.o)
                0x000000000800d82a                __ssrefill_r
 .text.__ssvfscanf_r
                0x000000000800d864      0x2f0 c:/st/stm32cubeide_1.7.0/stm32cubeide/plugins/com.st.stm32cube.ide.mcu.externaltools.gnu-tools-for-stm32.10.3-2021.10.win32_1.0.0.202111181127/tools/bin/../lib/gcc/arm-none-eabi/10.3.1/../../../../arm-none-eabi/lib/thumb/v7e-m+fp/hard\libc_nano.a(lib_a-nano-svfscanf.o)
                0x000000000800d864                __ssvfiscanf_r
                0x000000000800d864                __ssvfscanf_r
 .text._scanf_chars
                0x000000000800db54       0xb4 c:/st/stm32cubeide_1.7.0/stm32cubeide/plugins/com.st.stm32cube.ide.mcu.externaltools.gnu-tools-for-stm32.10.3-2021.10.win32_1.0.0.202111181127/tools/bin/../lib/gcc/arm-none-eabi/10.3.1/../../../../arm-none-eabi/lib/thumb/v7e-m+fp/hard\libc_nano.a(lib_a-nano-vfscanf_i.o)
                0x000000000800db54                _scanf_chars
 .text._scanf_i
                0x000000000800dc08      0x1f0 c:/st/stm32cubeide_1.7.0/stm32cubeide/plugins/com.st.stm32cube.ide.mcu.externaltools.gnu-tools-for-stm32.10.3-2021.10.win32_1.0.0.202111181127/tools/bin/../lib/gcc/arm-none-eabi/10.3.1/../../../../arm-none-eabi/lib/thumb/v7e-m+fp/hard\libc_nano.a(lib_a-nano-vfscanf_i.o)
                0x000000000800dc08                _scanf_i
 .text._read_r  0x000000000800ddf8       0x24 c:/st/stm32cubeide_1.7.0/stm32cubeide/plugins/com.st.stm32cube.ide.mcu.externaltools.gnu-tools-for-stm32.10.3-2021.10.win32_1.0.0.202111181127/tools/bin/../lib/gcc/arm-none-eabi/10.3.1/../../../../arm-none-eabi/lib/thumb/v7e-m+fp/hard\libc_nano.a(lib_a-readr.o)
                0x000000000800ddf8                _read_r
 *fill*         0x000000000800de1c        0x4 
 .text.nan      0x000000000800de20       0x10 c:/st/stm32cubeide_1.7.0/stm32cubeide/plugins/com.st.stm32cube.ide.mcu.externaltools.gnu-tools-for-stm32.10.3-2021.10.win32_1.0.0.202111181127/tools/bin/../lib/gcc/arm-none-eabi/10.3.1/../../../../arm-none-eabi/lib/thumb/v7e-m+fp/hard\libc_nano.a(lib_a-s_nan.o)
                0x000000000800de20                nan
 .text._sbrk_r  0x000000000800de30       0x20 c:/st/stm32cubeide_1.7.0/stm32cubeide/plugins/com.st.stm32cube.ide.mcu.externaltools.gnu-tools-for-stm32.10.3-2021.10.win32_1.0.0.202111181127/tools/bin/../lib/gcc/arm-none-eabi/10.3.1/../../../../arm-none-eabi/lib/thumb/v7e-m+fp/hard\libc_nano.a(lib_a-sbrkr.o)
                0x000000000800de30                _sbrk_r
 .text.__sccl   0x000000000800de50       0x70 c:/st/stm32cubeide_1.7.0/stm32cubeide/plugins/com.st.stm32cube.ide.mcu.externaltools.gnu-tools-for-stm32.10.3-2021.10.win32_1.0.0.202111181127/tools/bin/../lib/gcc/arm-none-eabi/10.3.1/../../../../arm-none-eabi/lib/thumb/v7e-m+fp/hard\libc_nano.a(lib_a-sccl.o)
                0x000000000800de50                __sccl
 .text.strncmp  0x000000000800dec0       0x28 c:/st/stm32cubeide_1.7.0/stm32cubeide/plugins/com.st.stm32cube.ide.mcu.externaltools.gnu-tools-for-stm32.10.3-2021.10.win32_1.0.0.202111181127/tools/bin/../lib/gcc/arm-none-eabi/10.3.1/../../../../arm-none-eabi/lib/thumb/v7e-m+fp/hard\libc_nano.a(lib_a-strncmp.o)
                0x000000000800dec0                strncmp
 .text._strtoul_l.constprop.0
                0x000000000800dee8       0xe4 c:/st/stm32cubeide_1.7.0/stm32cubeide/plugins/com.st.stm32cube.ide.mcu.externaltools.gnu-tools-for-stm32.10.3-2021.10.win32_1.0.0.202111181127/tools/bin/../lib/gcc/arm-none-eabi/10.3.1/../../../../arm-none-eabi/lib/thumb/v7e-m+fp/hard\libc_nano.a(lib_a-strtoul.o)
 .text._strtoul_r
                0x000000000800dfcc        0x4 c:/st/stm32cubeide_1.7.0/stm32cubeide/plugins/com.st.stm32cube.ide.mcu.externaltools.gnu-tools-for-stm32.10.3-2021.10.win32_1.0.0.202111181127/tools/bin/../lib/gcc/arm-none-eabi/10.3.1/../../../../arm-none-eabi/lib/thumb/v7e-m+fp/hard\libc_nano.a(lib_a-strtoul.o)
                0x000000000800dfcc                _strtoul_r
 .text.__submore
                0x000000000800dfd0       0x74 c:/st/stm32cubeide_1.7.0/stm32cubeide/plugins/com.st.stm32cube.ide.mcu.externaltools.gnu-tools-for-stm32.10.3-2021.10.win32_1.0.0.202111181127/tools/bin/../lib/gcc/arm-none-eabi/10.3.1/../../../../arm-none-eabi/lib/thumb/v7e-m+fp/hard\libc_nano.a(lib_a-ungetc.o)
                0x000000000800dfd0                __submore
 .text.__ascii_wctomb
                0x000000000800e044       0x1a c:/st/stm32cubeide_1.7.0/stm32cubeide/plugins/com.st.stm32cube.ide.mcu.externaltools.gnu-tools-for-stm32.10.3-2021.10.win32_1.0.0.202111181127/tools/bin/../lib/gcc/arm-none-eabi/10.3.1/../../../../arm-none-eabi/lib/thumb/v7e-m+fp/hard\libc_nano.a(lib_a-wctomb_r.o)
                0x000000000800e044                __ascii_wctomb
 *fill*         0x000000000800e05e        0x2 
 .text.__assert_func
                0x000000000800e060       0x3c c:/st/stm32cubeide_1.7.0/stm32cubeide/plugins/com.st.stm32cube.ide.mcu.externaltools.gnu-tools-for-stm32.10.3-2021.10.win32_1.0.0.202111181127/tools/bin/../lib/gcc/arm-none-eabi/10.3.1/../../../../arm-none-eabi/lib/thumb/v7e-m+fp/hard\libc_nano.a(lib_a-assert.o)
                0x000000000800e060                __assert_func
 .text.__sflush_r
                0x000000000800e09c      0x10c c:/st/stm32cubeide_1.7.0/stm32cubeide/plugins/com.st.stm32cube.ide.mcu.externaltools.gnu-tools-for-stm32.10.3-2021.10.win32_1.0.0.202111181127/tools/bin/../lib/gcc/arm-none-eabi/10.3.1/../../../../arm-none-eabi/lib/thumb/v7e-m+fp/hard\libc_nano.a(lib_a-fflush.o)
                0x000000000800e09c                __sflush_r
 .text._fflush_r
                0x000000000800e1a8       0x78 c:/st/stm32cubeide_1.7.0/stm32cubeide/plugins/com.st.stm32cube.ide.mcu.externaltools.gnu-tools-for-stm32.10.3-2021.10.win32_1.0.0.202111181127/tools/bin/../lib/gcc/arm-none-eabi/10.3.1/../../../../arm-none-eabi/lib/thumb/v7e-m+fp/hard\libc_nano.a(lib_a-fflush.o)
                0x000000000800e1a8                _fflush_r
 .text.std      0x000000000800e220       0x48 c:/st/stm32cubeide_1.7.0/stm32cubeide/plugins/com.st.stm32cube.ide.mcu.externaltools.gnu-tools-for-stm32.10.3-2021.10.win32_1.0.0.202111181127/tools/bin/../lib/gcc/arm-none-eabi/10.3.1/../../../../arm-none-eabi/lib/thumb/v7e-m+fp/hard\libc_nano.a(lib_a-findfp.o)
 .text._cleanup_r
                0x000000000800e268        0xc c:/st/stm32cubeide_1.7.0/stm32cubeide/plugins/com.st.stm32cube.ide.mcu.externaltools.gnu-tools-for-stm32.10.3-2021.10.win32_1.0.0.202111181127/tools/bin/../lib/gcc/arm-none-eabi/10.3.1/../../../../arm-none-eabi/lib/thumb/v7e-m+fp/hard\libc_nano.a(lib_a-findfp.o)
                0x000000000800e268                _cleanup_r
 .text.__sfmoreglue
                0x000000000800e274       0x2c c:/st/stm32cubeide_1.7.0/stm32cubeide/plugins/com.st.stm32cube.ide.mcu.externaltools.gnu-tools-for-stm32.10.3-2021.10.win32_1.0.0.202111181127/tools/bin/../lib/gcc/arm-none-eabi/10.3.1/../../../../arm-none-eabi/lib/thumb/v7e-m+fp/hard\libc_nano.a(lib_a-findfp.o)
                0x000000000800e274                __sfmoreglue
 .text.__sfp_lock_acquire
                0x000000000800e2a0        0xc c:/st/stm32cubeide_1.7.0/stm32cubeide/plugins/com.st.stm32cube.ide.mcu.externaltools.gnu-tools-for-stm32.10.3-2021.10.win32_1.0.0.202111181127/tools/bin/../lib/gcc/arm-none-eabi/10.3.1/../../../../arm-none-eabi/lib/thumb/v7e-m+fp/hard\libc_nano.a(lib_a-findfp.o)
                0x000000000800e2a0                __sfp_lock_acquire
 .text.__sfp_lock_release
                0x000000000800e2ac        0xc c:/st/stm32cubeide_1.7.0/stm32cubeide/plugins/com.st.stm32cube.ide.mcu.externaltools.gnu-tools-for-stm32.10.3-2021.10.win32_1.0.0.202111181127/tools/bin/../lib/gcc/arm-none-eabi/10.3.1/../../../../arm-none-eabi/lib/thumb/v7e-m+fp/hard\libc_nano.a(lib_a-findfp.o)
                0x000000000800e2ac                __sfp_lock_release
 .text.__sinit_lock_acquire
                0x000000000800e2b8        0xc c:/st/stm32cubeide_1.7.0/stm32cubeide/plugins/com.st.stm32cube.ide.mcu.externaltools.gnu-tools-for-stm32.10.3-2021.10.win32_1.0.0.202111181127/tools/bin/../lib/gcc/arm-none-eabi/10.3.1/../../../../arm-none-eabi/lib/thumb/v7e-m+fp/hard\libc_nano.a(lib_a-findfp.o)
                0x000000000800e2b8                __sinit_lock_acquire
 .text.__sinit_lock_release
                0x000000000800e2c4        0xc c:/st/stm32cubeide_1.7.0/stm32cubeide/plugins/com.st.stm32cube.ide.mcu.externaltools.gnu-tools-for-stm32.10.3-2021.10.win32_1.0.0.202111181127/tools/bin/../lib/gcc/arm-none-eabi/10.3.1/../../../../arm-none-eabi/lib/thumb/v7e-m+fp/hard\libc_nano.a(lib_a-findfp.o)
                0x000000000800e2c4                __sinit_lock_release
 .text.__sinit  0x000000000800e2d0       0x70 c:/st/stm32cubeide_1.7.0/stm32cubeide/plugins/com.st.stm32cube.ide.mcu.externaltools.gnu-tools-for-stm32.10.3-2021.10.win32_1.0.0.202111181127/tools/bin/../lib/gcc/arm-none-eabi/10.3.1/../../../../arm-none-eabi/lib/thumb/v7e-m+fp/hard\libc_nano.a(lib_a-findfp.o)
                0x000000000800e2d0                __sinit
 .text.__sfp    0x000000000800e340       0x8c c:/st/stm32cubeide_1.7.0/stm32cubeide/plugins/com.st.stm32cube.ide.mcu.externaltools.gnu-tools-for-stm32.10.3-2021.10.win32_1.0.0.202111181127/tools/bin/../lib/gcc/arm-none-eabi/10.3.1/../../../../arm-none-eabi/lib/thumb/v7e-m+fp/hard\libc_nano.a(lib_a-findfp.o)
                0x000000000800e340                __sfp
 .text.fprintf  0x000000000800e3cc       0x24 c:/st/stm32cubeide_1.7.0/stm32cubeide/plugins/com.st.stm32cube.ide.mcu.externaltools.gnu-tools-for-stm32.10.3-2021.10.win32_1.0.0.202111181127/tools/bin/../lib/gcc/arm-none-eabi/10.3.1/../../../../arm-none-eabi/lib/thumb/v7e-m+fp/hard\libc_nano.a(lib_a-fprintf.o)
                0x000000000800e3cc                fiprintf
                0x000000000800e3cc                fprintf
 .text._fwalk_reent
                0x000000000800e3f0       0x3e c:/st/stm32cubeide_1.7.0/stm32cubeide/plugins/com.st.stm32cube.ide.mcu.externaltools.gnu-tools-for-stm32.10.3-2021.10.win32_1.0.0.202111181127/tools/bin/../lib/gcc/arm-none-eabi/10.3.1/../../../../arm-none-eabi/lib/thumb/v7e-m+fp/hard\libc_nano.a(lib_a-fwalk.o)
                0x000000000800e3f0                _fwalk_reent
 .text.__retarget_lock_init_recursive
                0x000000000800e42e        0x2 c:/st/stm32cubeide_1.7.0/stm32cubeide/plugins/com.st.stm32cube.ide.mcu.externaltools.gnu-tools-for-stm32.10.3-2021.10.win32_1.0.0.202111181127/tools/bin/../lib/gcc/arm-none-eabi/10.3.1/../../../../arm-none-eabi/lib/thumb/v7e-m+fp/hard\libc_nano.a(lib_a-lock.o)
                0x000000000800e42e                __retarget_lock_init_recursive
 .text.__retarget_lock_acquire_recursive
                0x000000000800e430        0x2 c:/st/stm32cubeide_1.7.0/stm32cubeide/plugins/com.st.stm32cube.ide.mcu.externaltools.gnu-tools-for-stm32.10.3-2021.10.win32_1.0.0.202111181127/tools/bin/../lib/gcc/arm-none-eabi/10.3.1/../../../../arm-none-eabi/lib/thumb/v7e-m+fp/hard\libc_nano.a(lib_a-lock.o)
                0x000000000800e430                __retarget_lock_acquire_recursive
 .text.__retarget_lock_release_recursive