../Core/Src/stm32f4xx_hal_msp.c:70:6:HAL_MspInit	8	static
../Core/Src/stm32f4xx_hal_msp.c:92:6:HAL_ADC_MspInit	40	static
../Core/Src/stm32f4xx_hal_msp.c:126:6:HAL_ADC_MspDeInit	0	static
../Core/Src/stm32f4xx_hal_msp.c:155:6:HAL_I2C_MspInit	64	static
../Core/Src/stm32f4xx_hal_msp.c:223:6:HAL_I2C_MspDeInit	8	static
../Core/Src/stm32f4xx_hal_msp.c:274:6:HAL_RTC_MspInit	104	static
../Core/Src/stm32f4xx_hal_msp.c:307:6:HAL_RTC_MspDeInit	0	static
../Core/Src/stm32f4xx_hal_msp.c:329:6:HAL_SPI_MspInit	40	static
../Core/Src/stm32f4xx_hal_msp.c:366:6:HAL_SPI_MspDeInit	0	static
../Core/Src/stm32f4xx_hal_msp.c:396:6:HAL_UART_MspInit	80	static
../Core/Src/stm32f4xx_hal_msp.c:596:6:HAL_UART_MspDeInit	8	static
