../Core/Src/stm32f4xx_it.c:57:6:SDTimer_Handler	0	static
../Core/Src/stm32f4xx_it.c:84:6:NMI_Handler	0	static
../Core/Src/stm32f4xx_it.c:99:6:HardFault_Handler	0	static
../Core/Src/stm32f4xx_it.c:114:6:MemManage_Handler	0	static
../Core/Src/stm32f4xx_it.c:129:6:BusFault_Handler	0	static
../Core/Src/stm32f4xx_it.c:144:6:UsageFault_Handler	0	static
../Core/Src/stm32f4xx_it.c:159:6:SVC_Handler	0	static
../Core/Src/stm32f4xx_it.c:172:6:DebugMon_Handler	0	static
../Core/Src/stm32f4xx_it.c:185:6:PendSV_Handler	0	static
../Core/Src/stm32f4xx_it.c:198:6:SysTick_Handler	8	static
../Core/Src/stm32f4xx_it.c:224:6:EXTI3_IRQHandler	0	static
../Core/Src/stm32f4xx_it.c:238:6:EXTI4_IRQHandler	0	static
../Core/Src/stm32f4xx_it.c:252:6:DMA1_Stream2_IRQHandler	0	static
../Core/Src/stm32f4xx_it.c:266:6:DMA1_Stream4_IRQHandler	0	static
../Core/Src/stm32f4xx_it.c:280:6:DMA1_Stream5_IRQHandler	0	static
../Core/Src/stm32f4xx_it.c:294:6:USART1_IRQHandler	0	static
../Core/Src/stm32f4xx_it.c:308:6:USART2_IRQHandler	0	static
../Core/Src/stm32f4xx_it.c:322:6:UART4_IRQHandler	0	static
../Core/Src/stm32f4xx_it.c:336:6:DMA2_Stream7_IRQHandler	0	static
